2026-06-19 09:58:37 | src_2026-06-19_09-58_mobile-responsive
2026-06-19 10:07:27 | src_2026-06-19_10-07_fix-imports
2026-06-19 10:28:31 | src_2026-06-19_10-28_contract-block
2026-06-19 11:30:24 | src_2026-06-19_11-30_contract-block
2026-06-19 12:13:51 | src_2026-06-19_12-13_faq-block
2026-06-19 14:54:24 | src_2026-06-19_14-54_card-overrides
2026-06-19 14:57:09 | src_2026-06-19_14-57_checklist-progress
2026-06-19 15:18:01 | src_2026-06-19_15-18_quiz-progress
2026-06-19 15:22:15 | src_2026-06-19_15-22_desktop-width
2026-06-19 15:26:10 | src_2026-06-19_15-26_quiz-feedback
2026-06-19 15:32:54 | src_2026-06-19_15-32_toolbar-typography
2026-06-19 15:37:20 | src_2026-06-19_15-37_before-after-image
2026-06-19 16:23:58 | src_2026-06-19_16-23_before-after-fix
2026-06-19 16:34:25 | src_2026-06-19_16-34_before-after-fix
2026-06-19 16:42:43 | src_2026-06-19_16-42_course-progress
2026-06-19 16:43:03 | src_2026-06-19_16-43_course-progress
2026-06-19 16:44:30 | src_2026-06-19_16-44_toolbar-colors
2026-06-19 16:45:52 | src_2026-06-19_16-45_faq-items
2026-06-19 16:46:09 | src_2026-06-19_16-46_faq-items
2026-06-19 16:52:51 | src_2026-06-19_16-52_progress-bar
2026-06-19 16:53:40 | src_2026-06-19_16-53_before-after-slider
2026-06-19 16:57:37 | src_2026-06-19_16-57_before-after-interaction
2026-06-19 16:58:40 | src_2026-06-19_16-58_remove-bottom-slider
2026-06-19 17:03:30 | src_2026-06-19_17-03_overlay-opacity
2026-06-19 17:07:41 | src_2026-06-19_17-07_confirm-password
2026-06-19 17:10:26 | src_2026-06-19_17-10_geometry-cleanup
2026-06-19 17:45:20 | src_2026-06-19_17-45_hide-course-progress
2026-06-19 17:56:09 | src_2026-06-19_17-56_global-block-padding
2026-06-19 18:06:19 | src_2026-06-19_18-06_split-spacing-controls
2026-06-19 18:11:24 | src_2026-06-19_18-11_design-system-cleanup
2026-06-19 18:13:26 | src_2026-06-19_18-13_toolbar-text-label
2026-06-19 18:21:00 | src_2026-06-19_18-20_spacing-normalization
2026-06-19 21:12:05 | src_2026-06-19_21-12_terminal-activation
2026-06-19 21:24:59 | src_2026-06-19_21-24_spacing-fix
2026-06-19 21:28:42 | src_2026-06-19_21-28
2026-06-19 21:38:29 | src_2026-06-19_21-38_mobile-header-menu
2026-06-19 21:49:14 | src_2026-06-19_21-49_quiz-checklist-unify
2026-06-19 22:03:58 | src_2026-06-19_22-03_server-extract-module-loader
2026-06-19 22:05:35 | src_2026-06-19_22-05_server-extract-asset-helpers
2026-06-19 22:06:59 | src_2026-06-19_22-06_server-extract-compile-service
2026-06-19 22:08:05 | src_2026-06-19_22-08_server-extract-block-migration
2026-06-19 22:09:01 | src_2026-06-19_22-09_server-extract-token-routes
2026-06-19 22:12:18 | src_2026-06-19_22-12_server-extract-lesson-routes
2026-06-19 22:12:21 | src_2026-06-19_22-12_server-extract-asset-routes
2026-06-19 22:12:22 | src_2026-06-19_22-12_server-slim-entry
2026-06-19 22:13:59 | src_2026-06-19_22-13_lesson-store-extract-block-defaults
2026-06-19 22:15:54 | src_2026-06-19_22-15_lesson-store-extract-normalization
2026-06-19 22:15:57 | src_2026-06-19_22-15_lesson-store-extract-guards
2026-06-19 22:17:06 | src_2026-06-19_22-17_lesson-store-slim-orchestrator
2026-06-19 22:25:35 | src_2026-06-19_22-25_layout-consistency
2026-06-19 22:43:00 | src_2026-06-19_22-42_lesson-card-status-system
2026-06-19 22:46:16 | src_2026-06-19_22-46_lesson-card-status-system
2026-06-19 22:53:48 | src_2026-06-19_22-53_refactor-progress-validator
2026-06-19 22:55:16 | src_2026-06-19_22-55_refactor-progress-merger
2026-06-19 22:56:18 | src_2026-06-19_22-56_refactor-offline-queue
2026-06-19 22:57:08 | src_2026-06-19_22-57_refactor-progress-manager
2026-06-19 22:58:02 | src_2026-06-19_22-58_refactor-safe-proxy
2026-06-19 22:59:34 | src_2026-06-19_22-59_refactor-storage-rename
2026-06-19 23:06:22 | src_2026-06-19_23-06_lesson-status
2026-06-19 23:10:49 | src_2026-06-19_23-10_remove-legacy-border
2026-06-19 23:22:01 | src_2026-06-19_23-21_technical-audit
2026-06-19 23:27:05 | src_2026-06-19_23-27_audit-prompts
2026-06-19 23:30:58 | src_2026-06-19_23-30_metro-blocklist
2026-06-19 23:31:24 | src_2026-06-19_23-31_progress-sync-race
2026-06-19 23:32:16 | src_2026-06-19_23-32_lesson-titles-alignment
2026-06-19 23:32:47 | src_2026-06-19_23-32_auth-double-render
2026-06-19 23:33:33 | src_2026-06-19_23-33_error-boundary
2026-06-19 23:34:07 | src_2026-06-19_23-34_offline-queue-enhancement
2026-06-19 23:36:52 | src_2026-06-19_23-36_technical-audit
2026-06-19 23:38:32 | src_2026-06-19_23-38_prod-auth-safety
2026-06-19 23:39:20 | src_2026-06-19_23-39_eslint-and-hooks-fix
2026-06-19 23:39:44 | src_2026-06-19_23-39_web-storage-fallback
2026-06-19 23:40:21 | src_2026-06-19_23-40_audit-completion
2026-06-19 23:46:17 | src_2026-06-19_23-46_quiz-spacing-audit
2026-06-19 23:53:52 | src_2026-06-19_23-53_android-runtime-audit
2026-06-19 23:59:25 | src_2026-06-19_23-59_technical-audit-v2
2026-06-20 00:04:05 | src_2026-06-20_00-04_fix-firebase-crash-config
2026-06-20 00:04:44 | src_2026-06-20_00-04_fix-cloud-overwrite-hazard
2026-06-20 00:05:44 | src_2026-06-20_00-05_optimize-scroll-measurements
2026-06-20 00:06:32 | src_2026-06-20_00-06_fix-theme-hydration-flicker
2026-06-20 00:08:07 | src_2026-06-20_00-08_fix-timer-rerenders-and-interval
2026-06-20 00:08:38 | src_2026-06-20_00-08_remove-broken-reset-script
2026-06-20 00:15:30 | src_2026-06-20_00-15_technical-audit-v3
2026-06-20 00:18:06 | src_2026-06-20_00-18_fix-plaintext-password-security
2026-06-20 00:18:56 | src_2026-06-20_00-18_clean-gesture-responder-logs
2026-06-20 00:25:00 | src_2026-06-20_00-24_memoize-layout-stylesheets
2026-06-20 00:25:36 | src_2026-06-20_00-25_cache-native-video-imports
2026-06-20 00:26:39 | src_2026-06-20_00-26_lazy-load-block-registry
2026-06-20 00:28:04 | src_2026-06-20_00-28_remove-rickroll-video-fallback
2026-06-20 00:34:50 | src_2026-06-20_00-34_compress-oversized-assets
2026-06-20 00:34:57 | src_2026-06-20_00-34_fix-signature-state-desync
2026-06-20 00:35:50 | src_2026-06-20_00-35_fix-segment-routing-extraction
2026-06-20 00:36:49 | src_2026-06-20_00-36_android-runtime-fixes
2026-06-20 00:47:14 | src_2026-06-20_00-47_android-runtime-fixes
2026-06-20 00:51:54 | src_2026-06-20_00-51_video-deferred-require-fix
2026-06-20 09:41:35 | src_2026-06-20_09-41_mobile-layout
2026-06-20 09:52:29 | src_2026-06-20_09-52_mobile-layout
2026-06-20 09:57:58 | src_2026-06-20_09-57_mobile-layout
2026-06-20 10:08:15 | src_2026-06-20_10-08_mobile-layout
2026-06-20 10:16:11 | src_2026-06-20_10-16_faq-metrics
2026-06-20 10:21:05 | src_2026-06-20_10-21_contract-layout
2026-06-20 10:22:20 | src_2026-06-20_10-22_faq-token-bindings
2026-06-20 10:23:41 | src_2026-06-20_10-23_quiz-alignment
2026-06-20 10:30:38 | src_2026-06-20_10-30_hero-layout
2026-06-20 10:32:44 | src_2026-06-20_10-32_progress-specs
2026-06-20 10:34:02 | src_2026-06-20_10-34_hero-spec-bindings
2026-06-20 10:41:34 | src_2026-06-20_10-41_preview-sync
2026-06-20 10:45:13 | src_2026-06-20_10-45_live-tokens
2026-06-20 10:49:41 | src_2026-06-20_10-49_shared-quiz-metrics
2026-06-20 10:57:09 | src_2026-06-20_10-57_live-preview
2026-06-20 11:08:25 | src_2026-06-20_11-08_progress-animation
2026-06-20 11:11:12 | src_2026-06-20_11-11_shared-row-spacing
2026-06-20 11:23:35 | src_2026-06-20_11-23_shared-spacing
2026-06-20 11:26:24 | src_2026-06-20_11-26_technical-audit
2026-06-20 11:26:29 | src_2026-06-20_11-26_header-login
2026-06-20 11:31:46 | src_2026-06-20_11-31_header-spacing
2026-06-20 11:33:20 | src_2026-06-20_11-33_colors-cleanup
2026-06-20 11:36:15 | src_2026-06-20_11-36_fix-firebase-fast-refresh
2026-06-20 11:36:59 | src_2026-06-20_11-36_fix-offline-queue-race-condition
2026-06-20 11:38:09 | src_2026-06-20_11-38_fix-design-tokens-cpu-memoize
2026-06-20 11:39:06 | src_2026-06-20_11-39_fix-web-storage-robustness
2026-06-20 11:40:27 | src_2026-06-20_11-40_fix-media-error-boundaries
2026-06-20 11:41:09 | src_2026-06-20_11-41_fix-media-error-boundaries
2026-06-20 11:58:11 | src_2026-06-20_11-58_russian-labels
2026-06-20 11:59:11 | src_2026-06-20_11-59_radius-fix
2026-06-20 12:02:43 | src_2026-06-20_12-02_russian-ui
2026-06-20 12:08:11 | src_2026-06-20_12-08_remove-preview-phones
2026-06-20 16:40:54 | src_2026-06-20_16-40_restore-visual-controls
2026-06-20 17:01:53 | src_2026-06-20_17-01_typography-controls
2026-06-20 17:02:53 | src_2026-06-20_17-02_shared-password-toggle
2026-06-20 17:18:29 | src_2026-06-20_17-18
2026-06-20 17:20:28 | src_2026-06-20_17-20
2026-06-20 17:25:10 | src_2026-06-20_17-25
2026-06-20 17:29:27 | src_2026-06-20_17-29
2026-06-20 17:32:35 | src_2026-06-20_17-32_responsive-spacing-tokens
2026-06-20 17:34:45 | src_2026-06-20_17-34_semantic-text-tokens
2026-06-20 17:36:37 | src_2026-06-20_17-36_equal-card-heights
2026-06-20 17:38:49 | src_2026-06-20_17-38_standardized-block-container
2026-06-20 17:40:02 | src_2026-06-20_17-40_shadow-elevation-tokens
2026-06-20 17:41:22 | src_2026-06-20_17-41_standardized-button-padding
2026-06-20 17:51:17 | src_2026-06-20_17-51
2026-06-20 17:56:22 | src_2026-06-20_17-56
2026-06-20 17:58:39 | src_2026-06-20_17-58
2026-06-22 18:08:00 | src_2026-06-22_18-07_user-audit
2026-06-22 18:15:40 | src_2026-06-22_18-15_fix-export
2026-06-22 18:24:22 | src_2026-06-22_18-23_reporter-structure
2026-06-22 19:21:25 | src_2026-06-22_19-21_removedfromfoldertoanother
2026-06-24 16:24:06 | src_2026-06-24_16-23_content-builder-ru
2026-06-24 16:34:55 | src_2026-06-24_16-34_layout-controls
2026-06-24 16:38:50 | src_2026-06-24_16-38_responsive-card-grid
2026-06-24 16:45:34 | src_2026-06-24_16-45_continue-learning
2026-06-24 16:45:52 | src_2026-06-24_16-45_auth-spacing
2026-06-24 16:49:38 | src_2026-06-24_16-49_continue-learning-fix
2026-06-24 16:58:32 | src_2026-06-24_16-58_progress-loop-fix
2026-06-24 17:06:43 | src_2026-06-24_17-06_continue-learning-stability
2026-06-24 17:23:42 | src_2026-06-24_17-23_continue-learning-style
2026-06-24 17:24:47 | src_2026-06-24_17-24_course-progress
2026-06-24 17:26:02 | src_2026-06-24_17-25_image-shared
2026-06-24 17:26:50 | src_2026-06-24_17-26_firebase-cleanup
2026-06-24 17:28:27 | src_2026-06-24_17-28_normalization-utils
2026-06-24 17:29:39 | src_2026-06-24_17-29_compile-shared
2026-06-24 17:30:33 | src_2026-06-24_17-30_asset-cleanup
2026-06-24 17:31:49 | src_2026-06-24_17-31_route-shared
2026-06-24 17:33:07 | src_2026-06-24_17-32_editor-image
2026-06-24 17:34:25 | src_2026-06-24_17-34_editor-shared
2026-06-24 18:03:45 | src_2026-06-24_18-03_ContractBlock-styles-refactor
2026-06-24 18:05:16 | src_2026-06-24_18-04_ColorFields-resolveDisplayName-refactor
2026-06-24 18:06:36 | src_2026-06-24_18-06_ContractBlock-component-refactor
2026-06-24 18:09:28 | src_2026-06-24_18-09_FaqBlock-styles-refactor
2026-06-24 18:10:20 | src_2026-06-24_18-10_CardInner-component-refactor
2026-06-24 18:11:23 | src_2026-06-24_18-11_MobileAccessibilityMenu-styles-refactor
2026-06-24 18:12:22 | src_2026-06-24_18-12_LanguageDropdownModal-arrow-refactor
2026-06-24 18:13:13 | src_2026-06-24_18-12_progressHelpers-getCourseProgressContainerStyle-refactor
2026-06-24 18:14:14 | src_2026-06-24_18-13_compile-all-wrapBlockAssets-refactor
2026-06-24 18:15:09 | src_2026-06-24_18-14_videoHelpers-getNativeVideoModules-refactor
2026-06-24 18:16:12 | src_2026-06-24_18-15_blockGuards-refactor
2026-06-24 18:24:12 | src_2026-06-24_18-23_fix-token-editor
2026-06-24 18:28:38 | src_2026-06-24_18-28_auth-input-complexity
2026-06-24 19:10:57 | src_2026-06-24_19-10_refactor-userinfo
2026-06-24 19:11:52 | src_2026-06-24_19-11_refactor-userreporter
2026-06-24 19:14:12 | src_2026-06-24_19-13_refactor-beforeafterimageblock
2026-06-24 19:14:44 | src_2026-06-24_19-14_refactor-uselessonstore
2026-06-24 19:14:49 | src_2026-06-24_19-14_refactor-mediapickerinput
2026-06-24 19:15:58 | src_2026-06-24_19-15_refactor-cardeditor
2026-06-24 19:25:05 | src_2026-06-24_19-24_refactor-mobileaccessibilitymenu
2026-06-24 19:26:10 | src_2026-06-24_19-25_refactor-contractblock
2026-06-24 19:26:48 | src_2026-06-24_19-26_refactor-continuelearningblock
2026-06-24 19:27:30 | src_2026-06-24_19-27_refactor-colorfields
2026-06-24 19:28:08 | src_2026-06-24_19-27_refactor-contentpage
2026-06-24 19:28:47 | src_2026-06-24_19-28_refactor-useprogressmanager
2026-06-24 19:29:48 | src_2026-06-24_19-29_refactor-useauthservicestate
2026-06-24 19:30:22 | src_2026-06-24_19-30_refactor-useprogresssync
2026-06-24 19:30:59 | src_2026-06-24_19-30_refactor-quizeditor
2026-06-24 19:31:39 | src_2026-06-24_19-31_refactor-borderssection
2026-06-24 19:32:22 | src_2026-06-24_19-32_refactor-courseprogresswidget
2026-06-24 19:33:19 | src_2026-06-24_19-33_refactor-usetokenfilestate
2026-06-24 19:34:02 | src_2026-06-24_19-33_refactor-authscreen
2026-06-24 19:34:35 | src_2026-06-24_19-34_refactor-quizeditor-hook
2026-06-24 19:35:04 | src_2026-06-24_19-34_refactor-useappbuttonstyles
2026-06-24 19:35:39 | src_2026-06-24_19-35_refactor-lessonselector
2026-06-24 19:36:13 | src_2026-06-24_19-35_refactor-authinput
2026-06-24 19:36:49 | src_2026-06-24_19-36_refactor-backup-core
2026-06-24 19:37:38 | src_2026-06-24_19-37_refactor-typographyfields
2026-06-24 19:38:13 | src_2026-06-24_19-37_refactor-lessonselectmodal
2026-06-24 19:52:31 | src_2026-06-24_19-52_align-lesson-registry
2026-06-24 19:53:13 | src_2026-06-24_19-52_register-lesson-d
2026-06-25 14:04:10 | src_2026-06-25_14-03_pre-refactor-baseline
2026-06-25 14:06:38 | src_2026-06-25_14-06_refactor-userinfo-reporter-run-split
2026-06-25 14:14:01 | src_2026-06-25_14-13_refactored useAuthServiceState
2026-06-25 14:15:17 | src_2026-06-25_14-15_refactored useProgressCallbacks
2026-06-25 14:17:21 | src_2026-06-25_14-17_refactored useDesignTokens
2026-06-25 14:42:01 | src_2026-06-25_14-41_clean refactor-targets
2026-06-25 14:43:33 | src_2026-06-25_14-43_refactored ScrollAnimateEntry
2026-06-25 14:47:25 | src_2026-06-25_14-47_refactored VideoEditor
2026-06-25 14:48:29 | src_2026-06-25_14-48_refactored ClauseItemRow
2026-06-25 14:49:34 | src_2026-06-25_14-49_refactored FaqItemRow
2026-06-25 14:50:38 | src_2026-06-25_14-50_refactored useTokenFileState
2026-06-25 14:52:13 | src_2026-06-25_14-51_refactored AppButton
2026-06-25 15:00:06 | src_2026-06-25_14-59_ContractBlock_Styles
2026-06-25 15:02:21 | src_2026-06-25_15-02_extractSpacing_Refactor
2026-06-25 15:03:45 | src_2026-06-25_15-03_progressHelpers_Refactor
2026-06-25 15:05:31 | src_2026-06-25_15-05_Items_10_and_11_Refactor
2026-06-25 15:08:44 | src_2026-06-25_15-08_Auth_UI_Components_Refactor
2026-06-25 15:10:30 | src_2026-06-25_15-10_Progress_Sync_Refactor
2026-06-25 15:12:22 | src_2026-06-25_15-12_ContentBlock_Components_Refactor
2026-06-25 15:14:49 | src_2026-06-25_15-14_TokenEditor_Components_Refactor
2026-06-25 15:16:09 | src_2026-06-25_15-15_User_Reporting_Final_Refactor
2026-06-25 15:30:56 | src_2026-06-25_15-30_refactor-contract-block-styles
2026-06-25 15:32:13 | src_2026-06-25_15-31_refactor-contract-block
2026-06-25 15:33:22 | src_2026-06-25_15-33_refactor-contract-signature-area
2026-06-25 15:34:13 | src_2026-06-25_15-33_refactor-faq-block-question-styles
2026-06-25 15:35:17 | src_2026-06-25_15-35_refactor-native-video-player
2026-06-25 15:37:20 | src_2026-06-25_15-36_refactor-auth-input-styles
2026-06-25 15:52:20 | src_2026-06-25_15-52_deduplicate-checklist-list-editor
2026-06-25 15:53:46 | src_2026-06-25_15-53_deduplicate-editor-base
2026-06-25 15:54:28 | src_2026-06-25_15-54_deduplicate-lesson-content
2026-06-25 15:57:20 | src_2026-06-25_15-57_deduplicate-compile-service
2026-06-25 15:58:34 | src_2026-06-25_15-58_deduplicate-block-migration
2026-06-25 15:59:56 | src_2026-06-25_15-59_deduplicate-card-editors
2026-06-25 18:37:24 | src_2026-06-25_18-37_simplify-theme-border-tokens
2026-06-25 18:38:22 | src_2026-06-25_18-38_simplify-contract-input-style
2026-06-25 18:39:09 | src_2026-06-25_18-38_simplify-contract-block-state
2026-06-25 18:43:34 | src_2026-06-25_18-43_deduplicate-checklist-list-editor-logic
2026-06-25 18:49:37 | src_2026-06-25_18-49_deduplicate-route-selector
2026-06-25 20:13:29 | src_2026-06-25_20-13_deduplicate-checklist-list-editor
2026-06-25 20:14:13 | src_2026-06-25_20-13_deduplicate-editor-base
2026-06-25 20:15:01 | src_2026-06-25_20-14_deduplicate-lesson-content
2026-06-25 20:16:51 | src_2026-06-25_20-16_deduplicate-compile-service
2026-06-25 20:17:11 | src_2026-06-25_20-16_deduplicate-block-migration
2026-06-27 10:50:58 | src_2026-06-27_10-50_dedup_image_blocks_responsive_hook
2026-06-27 10:53:36 | src_2026-06-27_10-53_dedup_token_theme_helpers
2026-06-27 10:58:02 | src_2026-06-27_10-57_dedup_localized_text_input_rows
2026-06-27 11:24:32 | src_2026-06-27_11-24
2026-06-27 11:31:36 | src_2026-06-27_11-31_nameofwork
2026-06-27 11:31:47 | src_2026-06-27_11-31_technical-audit
2026-06-27 11:33:19 | src_2026-06-27_11-33_nameofwork
2026-06-27 11:35:11 | src_2026-06-27_11-34_step1_refactor
2026-06-27 11:36:25 | src_2026-06-27_11-36_step2_refactor
2026-06-27 11:37:04 | src_2026-06-27_11-36_step3_refactor
2026-06-27 11:37:35 | src_2026-06-27_11-37_step4_refactor
2026-06-27 11:39:10 | src_2026-06-27_11-38_step5_refactor
2026-06-27 11:39:48 | src_2026-06-27_11-39_step6_refactor
2026-06-27 11:53:47 | src_2026-06-27_11-53_startup-provider-split
2026-06-27 12:03:27 | src_2026-06-27_12-03_restore-app-startup
2026-06-27 12:13:55 | src_2026-06-27_12-13_restore-design-token-editor
2026-06-27 12:15:34 | src_2026-06-27_12-15_lesson-rendering-refactor
2026-06-27 12:16:49 | src_2026-06-27_12-16_progress-persistence-hardening
2026-06-27 12:30:56 | src_2026-06-27_12-30_restore-design-token-editor
2026-06-27 12:52:35 | src_2026-06-27_12-52
2026-06-27 12:53:14 | src_2026-06-27_12-52
2026-06-27 12:53:18 | src_2026-06-27_12-52_tokeneditordone
2026-06-27 12:55:34 | src_2026-06-27_12-55_fix-footer-layout
2026-06-27 12:56:03 | src_2026-06-27_12-55_media-adapter-hardening
2026-06-27 13:02:53 | src_2026-06-27_13-02_fix-hero-image
2026-06-27 13:12:14 | src_2026-06-27_13-11_restore-hero-image
2026-06-27 13:23:03 | src_2026-06-27_13-22_Fix hero image layout
2026-06-27 13:41:49 | src_2026-06-27_13-41_Persist hero image rendering
2026-06-27 13:52:34 | src_2026-06-27_13-52_Refactor editor shared
2026-06-27 13:57:00 | src_2026-06-27_13-56_Refactor exporter
2026-06-27 14:03:44 | src_2026-06-27_14-03_Refactor BlockCard
2026-06-27 14:05:33 | src_2026-06-27_14-05_Refactor ContractBlock
2026-06-27 14:08:13 | src_2026-06-27_14-07_Refactor MediaPickerInput
2026-06-27 14:10:51 | src_2026-06-27_14-10_Refactor MobileAccessibilityMenu
2026-06-27 14:12:02 | src_2026-06-27_14-11_Refactor useDesignTokens
2026-06-27 14:14:49 | src_2026-06-27_14-14_Refactor BeforeAfterImageBlock
2026-06-27 14:16:12 | src_2026-06-27_14-15_Refactor ContractBlock styles
2026-06-27 14:17:03 | src_2026-06-27_14-16_Refactor useProgressManager
2026-06-27 14:18:16 | src_2026-06-27_14-17_Refactor ContentPage
2026-06-27 14:19:30 | src_2026-06-27_14-19_Refactor ContentRenderer
2026-06-27 14:21:08 | src_2026-06-27_14-20_Refactor CardInner
2026-06-27 14:25:23 | src_2026-06-27_14-25_Refactor useLockedLessonStyles
2026-06-27 14:26:50 | src_2026-06-27_14-26_Resolve HeroBlock CRAP score
2026-06-27 14:28:49 | src_2026-06-27_14-28_Resolve normalizationUtils duplication
2026-06-27 14:29:57 | src_2026-06-27_14-29_Resolve EditableList and LocalizedTextInputRows duplication
2026-06-27 14:30:53 | src_2026-06-27_14-30_Resolve LanguageRows duplication
2026-06-27 14:31:45 | src_2026-06-27_14-31_Resolve lessonRoutes findLesson duplication
2026-06-27 14:41:30 | src_2026-06-27_14-41_fix-fallow-and-lint-errors
2026-06-27 14:44:12 | src_2026-06-27_14-43_Fix token editor blank screen
2026-06-27 14:46:06 | src_2026-06-27_14-45_Fix normalization exports
2026-06-27 14:48:42 | src_2026-06-27_14-48_Fix normalization exports
2026-06-27 14:51:50 | src_2026-06-27_14-51_fix-code-duplications
2026-06-27 14:54:02 | src_2026-06-27_14-53_fix-normalization-duplication
2026-06-27 14:59:31 | src_2026-06-27_14-59_BlockCardHeader
2026-06-27 15:00:50 | src_2026-06-27_15-00_getGoogleButtonStyles
2026-06-27 15:02:05 | src_2026-06-27_15-01_ContentRow
2026-06-27 15:03:25 | src_2026-06-27_15-03_buildDateBoxStyle
2026-06-27 15:04:45 | src_2026-06-27_15-04_scanDirectory
2026-06-27 15:06:41 | src_2026-06-27_15-06_Fix normalization exports
2026-06-27 15:13:08 | src_2026-06-27_15-12_scanDirectory
2026-06-27 15:14:40 | src_2026-06-27_15-14_arrow-upload
2026-06-27 15:15:06 | src_2026-06-27_15-14_arrow-select
2026-06-27 15:17:30 | src_2026-06-27_15-17_performSync
2026-06-27 15:18:16 | src_2026-06-27_15-17_buildOptionStyles
2026-06-27 15:19:03 | src_2026-06-27_15-18_handleKeyPress
2026-06-27 15:19:50 | src_2026-06-27_15-19_getProgressBarHeight
2026-06-27 15:20:37 | src_2026-06-27_15-20_TopLessonBackButton_arrow
2026-06-27 15:21:33 | src_2026-06-27_15-21_getProfileButtonStyle
2026-06-27 15:22:44 | src_2026-06-27_15-22_loadUser
2026-06-27 15:26:49 | src_2026-06-27_15-26_CardGrid
2026-06-27 15:28:35 | src_2026-06-27_15-28_arrow
2026-06-27 15:29:55 | src_2026-06-27_15-29_syncCloudAndGuestProgress
2026-06-27 15:31:12 | src_2026-06-27_15-30_dataMerger_arrow
2026-06-27 15:36:43 | src_2026-06-27_15-36_blockNormalization_arrow
2026-06-27 15:37:56 | src_2026-06-27_15-37_SignInButton_arrow
2026-06-27 15:38:55 | src_2026-06-27_15-38_BlockList_arrow
2026-06-27 15:56:52 | src_2026-06-27_15-56_formatWriters_arrow
2026-06-28 13:27:27 | post_deduplication_normalization
2026-06-28 13:28:35 | post_deduplication_all
2026-06-28 13:29:53 | post_save_lesson_fix
2026-06-28 13:33:30 | post_runtime_esm_fix
2026-06-28 13:38:24 | post_fallow_ignore_fix
2026-06-28 13:42:15 | src_2026-06-28_13-41
2026-06-28 13:45:13 | src_2026-06-28_13-44
2026-06-28 13:50:06 | src_2026-06-28_13-49
2026-06-28 13:52:02 | src_2026-06-28_13-51
2026-06-28 13:53:17 | src_2026-06-28_13-52_useLessonStore-refactor
2026-06-28 16:23:28 | src_2026-06-28_16-23_ContractSignatureArea
2026-06-28 16:32:29 | src_2026-06-28_16-32_componentsRefactor
2026-06-28 16:40:00 | src_2026-06-28_16-39_validatorsRefactor
2026-06-28 16:41:55 | src_2026-06-28_16-41_tokensRefactor
2026-06-28 16:46:06 | src_2026-06-28_16-45_quizEditorRefactor
2026-06-28 16:53:50 | src_2026-06-28_16-53_themeRefactor
2026-06-28 17:01:42 | src_2026-06-28_17-01_defensiveMergeRefactor
2026-06-28 17:03:38 | src_2026-06-28_17-03_devLauncherRefactor
2026-06-28 17:06:27 | src_2026-06-28_17-06_colorFieldsRefactor
2026-06-28 17:08:30 | src_2026-06-28_17-08_componentsSplit
2026-06-28 17:12:15 | src_2026-06-28_17-11_lessonSelectorRefactor
2026-06-28 17:14:05 | src_2026-06-28_17-13_formatWritersRefactor
2026-06-28 17:16:20 | src_2026-06-28_17-16_lessonRoutesRefactor
2026-06-28 17:25:40 | src_2026-06-28_17-25_topLessonBackButtonRefactor
2026-06-28 17:28:08 | src_2026-06-28_17-27_profileButtonRefactor
2026-06-28 17:36:11 | src_2026-06-28_17-35_editorFieldsRefactor
2026-06-28 17:49:24 | src_2026-06-28_17-49_assetRoutesRefactor
2026-06-28 18:06:25 | src_2026-06-28_18-06_faqBlockStylesRefactor
2026-06-28 18:17:16 | src_2026-06-28_18-17_continueLearningBlockRefactor
2026-06-28 19:06:37 | src_2026-06-28_19-06_refactor-progressValidator
2026-06-28 19:07:41 | src_2026-06-28_19-07_refactor-NativeVideoPlayer
2026-06-28 19:08:41 | src_2026-06-28_19-08_refactor-ProgressBar
2026-06-28 19:23:25 | src_2026-06-28_19-23_refactor-MobileAccessibilityMenu-styles
2026-06-28 19:24:58 | src_2026-06-28_19-24_refactor-contractStylesCommon
2026-06-28 19:26:55 | src_2026-06-28_19-26_refactor-progressHelpers
2026-06-28 20:10:59 | src_2026-06-28_20-10_refactor-storageAdapters
2026-06-28 20:12:19 | src_2026-06-28_20-11_refactor-HeroBlock
2026-06-28 20:13:28 | src_2026-06-28_20-13_refactor-useContractState
2026-06-28 20:15:00 | src_2026-06-28_20-14_refactor-dataMerger
2026-06-28 20:17:35 | src_2026-06-28_20-17_refactor-NativeVideoPlayer-resolvePlayerDescriptor
2026-06-28 20:18:58 | src_2026-06-28_20-18_refactor-useAuthForm
2026-06-28 20:22:15 | src_2026-06-28_20-21_refactor-useLessonStore-hooks
2026-06-28 20:23:58 | src_2026-06-28_20-23_refactor-mergeStrategy
2026-06-28 20:26:37 | src_2026-06-28_20-26_refactor-ThemeColorPicker
2026-06-29 11:06:53 | src_2026-06-29_11-06_useLessonStore.hooks.js
2026-06-29 11:18:58 | src_2026-06-29_11-18_image.ts
2026-06-29 11:22:04 | src_2026-06-29_11-21_progressValidator.ts
2026-06-29 11:23:52 | src_2026-06-29_11-23_useLessonStore.hooks.js
2026-06-29 11:27:18 | src_2026-06-29_11-27_CardGrid.tsx
2026-06-29 11:29:23 | src_2026-06-29_11-29_videoHelpers.ts
2026-06-29 11:36:42 | src_2026-06-29_11-36_BordersSection.jsx
2026-06-29 11:48:49 | src_2026-06-29_11-48_CourseProgressWidget.tsx
2026-06-29 11:55:36 | src_2026-06-29_11-55_videoHelpers.ts
2026-06-29 11:59:15 | src_2026-06-29_11-58_contractStylesForm.ts
2026-06-29 12:01:59 | src_2026-06-29_12-01_contractStylesClauses.ts
2026-06-29 12:07:12 | src_2026-06-29_12-06_dataMerger.js
2026-06-29 12:12:44 | src_2026-06-29_12-12_logFormatter.js
2026-06-29 12:15:29 | src_2026-06-29_12-14_xmlFormatter.js
2026-06-29 12:18:58 | src_2026-06-29_12-18_useContractState.ts
2026-06-29 17:04:32 | src_2026-06-29_17-04_refactoring_getGoogleButtonStyles
2026-06-29 17:06:13 | src_2026-06-29_17-05_refactoring_xmlFormatter
2026-06-29 17:07:55 | src_2026-06-29_17-07_refactoring_selectAsset
2026-06-29 17:09:19 | src_2026-06-29_17-09_refactoring_SignInButton
2026-06-29 17:11:22 | src_2026-06-29_17-11_refactoring_resolveButtonTheme
2026-06-29 17:12:38 | src_2026-06-29_17-12_refactoring_BlockItem
2026-06-29 17:13:59 | src_2026-06-29_17-13_refactoring_processValue
2026-06-29 17:15:14 | src_2026-06-29_17-14_refactoring_useActiveLesson
2026-06-29 17:16:56 | src_2026-06-29_17-16_refactoring_buildCardStyles
2026-06-29 17:18:52 | src_2026-06-29_17-18_refactoring_buildHeaderStyles
2026-06-29 17:20:17 | src_2026-06-29_17-19_refactoring_getLessonTitle
2026-06-29 17:45:09 | src_2026-06-29_17-45
2026-06-29 17:46:03 | src_2026-06-29_17-46
2026-06-29 17:55:17 | src_2026-06-29_17-55
2026-06-29 17:57:05 | src_2026-06-29_17-57
2026-06-29 17:59:05 | src_2026-06-29_17-59
2026-06-29 17:59:54 | src_2026-06-29_17-59
2026-07-02 11:54:01 | src_2026-07-02_11-53_nameofstep
2026-07-02 11:56:52 | src_2026-07-02_11-56_refactor_auth_input
2026-07-02 11:58:28 | src_2026-07-02_11-58_refactor_card_grid
2026-07-02 12:01:06 | src_2026-07-02_12-01_refactor_profile_button_style
2026-07-02 12:06:42 | src_2026-07-02_12-06_refactor_report_formatters
2026-07-02 12:08:02 | src_2026-07-02_12-08_refactor_auth_input_lines
2026-07-02 12:09:35 | src_2026-07-02_12-09_refactor_report_formatters_lines
2026-07-02 12:12:04 | src_2026-07-02_12-12_split_auth_input
2026-07-02 12:13:03 | src_2026-07-02_12-13_split_report_formatters
2026-07-02 12:14:11 | src_2026-07-02_12-14_refactor_borders_section
2026-07-02 12:15:42 | src_2026-07-02_12-15_refactor_progressbar
2026-07-02 12:18:31 | before_test_cleanup
2026-07-02 12:18:36 | after_scrollCalculations_removed
2026-07-02 12:18:45 | after_ProgressBar_removed
2026-07-02 12:18:54 | after_AuthInput_removed
2026-07-02 12:19:03 | after_profileButtonStyle_removed
2026-07-02 12:19:11 | after_backButtonLayout_removed
2026-07-02 12:19:20 | after_CardGrid_removed
2026-07-02 12:19:29 | after_videoHelpers_removed
2026-07-02 12:23:37 | src_2026-07-02_12-23_refactored_backbuttonlayout
2026-07-02 12:25:14 | src_2026-07-02_12-25_refactored_usecardstyles
2026-07-02 12:25:52 | src_2026-07-02_12-25_refactored_usequizstate
2026-07-02 12:28:37 | src_2026-07-02_12-28_refactored_cardinner
2026-07-02 12:28:57 | src_2026-07-02_12-28_refactored_cardinner_and_headereditor
2026-07-02 12:29:49 | src_2026-07-02_12-29_refactored_dataflattener
2026-07-02 12:30:08 | src_2026-07-02_12-30_refactored_dataflattener_and_headertextsizecontrols
2026-07-02 12:31:05 | src_2026-07-02_12-31_refactored_usequizstate_handleSubmit
2026-07-02 12:31:29 | src_2026-07-02_12-31_refactored_headertextsizecontrols
2026-07-02 12:32:12 | src_2026-07-02_12-32_refactored_languageselectbutton
2026-07-02 12:32:32 | src_2026-07-02_12-32_refactored_signatureformfields
2026-07-02 12:33:56 | src_2026-07-02_12-33_resolved_languageselectbutton_complexity
2026-07-02 12:34:22 | src_2026-07-02_12-34_resolved_headertextsizecontrols_complexity
2026-07-02 12:35:13 | src_2026-07-02_12-35_refactored_usecardstyles_buildimagestyles
2026-07-02 12:35:46 | src_2026-07-02_12-35_refactored_menucardcontent
2026-07-02 12:36:18 | src_2026-07-02_12-36_refactored_scanlessonassets
2026-07-02 12:36:51 | src_2026-07-02_12-36_refactored_continuelearningstyles
2026-07-02 12:37:17 | src_2026-07-02_12-37_refactored_progressbar_parseheight
2026-07-02 12:38:11 | src_2026-07-02_12-38_refactored_cardgrid
2026-07-02 12:39:11 | src_2026-07-02_12-39_refactored_profilebuttonstyle
2026-07-02 12:39:34 | src_2026-07-02_12-39_refactored_progressbar_helpers
2026-07-02 12:40:03 | src_2026-07-02_12-40_refactored_cardimagearea
2026-07-02 12:40:29 | src_2026-07-02_12-40_refactored_backbuttonlayout_helpers
2026-07-02 12:42:23 | test
2026-07-02 12:43:17 | backup_1_list_critical
2026-07-02 12:43:53 | backup_2_CourseProgressWidget
2026-07-02 12:44:12 | backup_3_SyncIndicator
2026-07-02 12:44:31 | backup_4_CourseProgressBlock
2026-07-02 12:45:11 | backup_5_SyncIcon
2026-07-02 12:45:37 | backup_6_useSyncAnimation
2026-07-02 12:47:21 | backup_7_userReporterIndex
2026-07-02 12:50:46 | backup_8_suppression
2026-07-02 12:52:28 | backup_export_1
2026-07-02 12:53:09 | backup_export_2
2026-07-02 12:53:51 | backup_export_3
2026-07-02 12:54:16 | backup_export_4
2026-07-02 12:54:45 | backup_export_5
2026-07-02 12:57:46 | backup_export_6
2026-07-02 12:58:17 | backup_export_7
2026-07-02 12:58:43 | backup_export_8
2026-07-02 12:59:16 | backup_export_9
2026-07-02 12:59:43 | backup_export_10
2026-07-02 13:00:08 | backup_export_11
2026-07-02 13:00:53 | backup_export_final
2026-07-02 13:10:19 | backup_duplication_resolved
2026-07-02 13:18:27 | backup_auditor_completed
2026-07-02 14:23:31 | src_2026-07-02_14-23_refractoring
2026-07-09 01:11:28 | src_2026-07-09_01-11_STEP1
2026-07-09 01:13:30 | src_2026-07-09_01-13_STEP1
2026-07-09 01:33:31 | src_2026-07-09_01-33_save
