---
type: dynamic-audit
auditor: ui-architecture
scope: admin
date: 2026-07-29T11:40:59.436Z
---

### Problem: Design System: Hardcoded spacing/border-radius lacking spatial tokens.

- URL: `http://localhost:8081/admin`
  - Selector: `div.css-view-g5y9jx.r-transitionProperty-1i6wzkk.r-userSelect-lrvibr.r-cursor-1loqt21.r-touchAction-1otgn73.r-alignItems-1awozwy.r-justifyContent-1777fci.r-backgroundColor-1niwhzg`
  - Selector: `svg`
  - Selector: `div.css-view-g5y9jx.r-flexDirection-18u37iz`
  - Selector: `div`
  - Selector: `div.css-view-g5y9jx.r-alignItems-1awozwy.r-alignSelf-k200y.r-borderWidth-rs99b7.r-flexDirection-18u37iz.r-justifyContent-1777fci`

### Problem: Design System: Raw/hardcoded CSS color in inline style.

- URL: `http://localhost:8081/admin`
  - Selector: `div.css-view-g5y9jx`
  - Selector: `div.css-view-g5y9jx.r-borderRadius-1tw7wh.r-height-1or9b2r.r-marginRight-1kb76zh.r-width-5soawk`
  - Selector: `div.css-view-g5y9jx.r-transitionProperty-1i6wzkk.r-userSelect-lrvibr.r-cursor-1loqt21.r-touchAction-1otgn73.r-minHeight-peo1c.r-borderBottomColor-eaxd7d.r-borderBottomWidth-qklmqi.r-gap-ojf8lh.r-paddingBlock-11f147o.r-paddingInline-3pj75a`
  - Selector: `div.css-view-g5y9jx.r-alignItems-1awozwy.r-alignSelf-k200y.r-borderWidth-rs99b7.r-flexDirection-18u37iz.r-justifyContent-1777fci`
  - Selector: `div.css-text-146c3p1.r-fontFamily-36nht7.r-fontSize-10x49cs.r-fontWeight-ha6d2y.r-lineHeight-1cwl3u0.r-includeFontPadding-1rsjblm.r-textAlign-q4m81j`

### Problem: Architecture: Interactive/structural element missing `data-ui` or `data-component` tracking.

- URL: `http://localhost:8081/admin`
  - Selector: `button.css-view-g5y9jx.r-transitionProperty-1i6wzkk.r-userSelect-lrvibr.r-cursor-1loqt21.r-touchAction-1otgn73.r-alignItems-1awozwy.r-borderWidth-rs99b7.r-flexDirection-18u37iz.r-gap-1cmwbt1.r-justifyContent-1777fci.r-borderRadius-kdyh1x.r-height-mabqd8.r-paddingInline-3o4zer.r-backgroundColor-fj6wrk.r-borderColor-1wr2p1e`
  - Selector: `div.css-view-g5y9jx.r-transitionProperty-1i6wzkk.r-userSelect-lrvibr.r-cursor-1loqt21.r-touchAction-1otgn73.r-alignItems-1awozwy.r-borderRadius-kdyh1x.r-flex-13awgt0.r-height-1pi2tsx.r-justifyContent-1777fci.r-paddingInline-3o4zer.r-zIndex-184en5c`

### Problem: Observability: Clickable element touch target is smaller than 44x44px

- URL: `http://localhost:8081/admin`
  - Size: 32x32 | Selector: `div.css-view-g5y9jx.r-transitionProperty-1i6wzkk.r-userSelect-lrvibr.r-cursor-1loqt21.r-touchAction-1otgn73.r-alignItems-1awozwy.r-justifyContent-1777fci.r-backgroundColor-1niwhzg`
  - Size: 124x32 | Selector: `button.css-view-g5y9jx.r-transitionProperty-1i6wzkk.r-userSelect-lrvibr.r-cursor-1loqt21.r-touchAction-1otgn73.r-alignItems-1awozwy.r-borderWidth-rs99b7.r-flexDirection-18u37iz.r-gap-1cmwbt1.r-justifyContent-1777fci.r-borderRadius-kdyh1x.r-height-mabqd8.r-paddingInline-3o4zer.r-backgroundColor-fj6wrk.r-borderColor-1wr2p1e`
  - Size: 135x36 | Selector: `div.css-view-g5y9jx.r-transitionProperty-1i6wzkk.r-userSelect-lrvibr.r-cursor-1loqt21.r-touchAction-1otgn73.r-alignItems-1awozwy.r-borderRadius-kdyh1x.r-flex-13awgt0.r-height-1pi2tsx.r-justifyContent-1777fci.r-paddingInline-3o4zer.r-zIndex-184en5c`
  - Size: 409x28 | Selector: `div.css-view-g5y9jx.r-transitionProperty-1i6wzkk.r-userSelect-lrvibr.r-cursor-1loqt21.r-touchAction-1otgn73.r-alignItems-1awozwy.r-borderRadius-kdyh1x.r-flex-13awgt0.r-height-1pi2tsx.r-justifyContent-1777fci.r-paddingInline-3o4zer.r-zIndex-184en5c`
  - Size: 133x28 | Selector: `div.css-view-g5y9jx.r-transitionProperty-1i6wzkk.r-userSelect-lrvibr.r-cursor-1loqt21.r-touchAction-1otgn73.r-alignItems-1awozwy.r-borderRadius-kdyh1x.r-flex-13awgt0.r-height-1pi2tsx.r-justifyContent-1777fci.r-paddingInline-3o4zer.r-zIndex-184en5c`
  - Size: 173x14 | Selector: `div.css-view-g5y9jx.r-transitionProperty-1i6wzkk.r-userSelect-lrvibr.r-cursor-1loqt21.r-touchAction-1otgn73.r-alignItems-1awozwy.r-flexDirection-18u37iz.r-gap-9aw3ui.r-flex-13awgt0`
  - Size: 345x14 | Selector: `div.css-view-g5y9jx.r-transitionProperty-1i6wzkk.r-userSelect-lrvibr.r-cursor-1loqt21.r-touchAction-1otgn73.r-alignItems-1awozwy.r-flexDirection-18u37iz.r-gap-9aw3ui.r-flex-dta0w2`
  - Size: 259x14 | Selector: `div.css-view-g5y9jx.r-transitionProperty-1i6wzkk.r-userSelect-lrvibr.r-cursor-1loqt21.r-touchAction-1otgn73.r-alignItems-1awozwy.r-flexDirection-18u37iz.r-gap-9aw3ui.r-flex-sax9pr`
  - Size: 259x14 | Selector: `div.css-view-g5y9jx.r-transitionProperty-1i6wzkk.r-userSelect-lrvibr.r-cursor-1loqt21.r-touchAction-1otgn73.r-flexDirection-18u37iz.r-gap-9aw3ui.r-alignItems-1awozwy.r-flex-sax9pr`
  - Size: 173x14 | Selector: `div.css-view-g5y9jx.r-transitionProperty-1i6wzkk.r-userSelect-lrvibr.r-cursor-1loqt21.r-touchAction-1otgn73.r-flexDirection-18u37iz.r-gap-9aw3ui.r-alignItems-obd0qt.r-flex-13awgt0`
  - Size: 134x28 | Selector: `div.css-view-g5y9jx.r-transitionProperty-1i6wzkk.r-userSelect-lrvibr.r-cursor-1loqt21.r-touchAction-1otgn73.r-alignItems-1awozwy.r-borderRadius-kdyh1x.r-flex-13awgt0.r-height-1pi2tsx.r-justifyContent-1777fci.r-paddingInline-3o4zer.r-zIndex-184en5c`

### Problem: Theme/Motion: Custom CSS transition/animation defined outside token system.

- URL: `http://localhost:8081/admin`
  - Selector: `div.css-view-g5y9jx.r-transitionProperty-1i6wzkk.r-userSelect-lrvibr.r-cursor-1loqt21.r-touchAction-1otgn73.r-alignItems-1awozwy.r-justifyContent-1777fci.r-backgroundColor-1niwhzg`
  - Selector: `button.css-view-g5y9jx.r-transitionProperty-1i6wzkk.r-userSelect-lrvibr.r-cursor-1loqt21.r-touchAction-1otgn73.r-alignItems-1awozwy.r-borderWidth-rs99b7.r-flexDirection-18u37iz.r-gap-1cmwbt1.r-justifyContent-1777fci.r-borderRadius-kdyh1x.r-height-mabqd8.r-paddingInline-3o4zer.r-backgroundColor-fj6wrk.r-borderColor-1wr2p1e`
  - Selector: `div.css-view-g5y9jx.r-transitionProperty-1i6wzkk.r-userSelect-lrvibr.r-cursor-1loqt21.r-touchAction-1otgn73.r-alignItems-1awozwy.r-borderRadius-kdyh1x.r-flex-13awgt0.r-height-1pi2tsx.r-justifyContent-1777fci.r-paddingInline-3o4zer.r-zIndex-184en5c`
  - Selector: `div.css-view-g5y9jx.r-transitionProperty-1i6wzkk.r-userSelect-lrvibr.r-cursor-1loqt21.r-touchAction-1otgn73.r-alignItems-1awozwy.r-backgroundColor-1gzzd1q.r-borderColor-1wq0cks.r-borderRadius-1fuqb1j.r-borderWidth-rs99b7.r-boxShadow-118c6o3.r-height-h3s6tt.r-justifyContent-1777fci.r-width-rwqe4o`
  - Selector: `div`
  - Selector: `div.css-view-g5y9jx.r-transitionProperty-1i6wzkk.r-userSelect-lrvibr.r-cursor-1loqt21.r-touchAction-1otgn73.r-alignItems-1awozwy.r-flexDirection-18u37iz.r-gap-9aw3ui.r-flex-13awgt0`
  - Selector: `div.css-view-g5y9jx.r-transitionProperty-1i6wzkk.r-userSelect-lrvibr.r-cursor-1loqt21.r-touchAction-1otgn73.r-alignItems-1awozwy.r-flexDirection-18u37iz.r-gap-9aw3ui.r-flex-dta0w2`
  - Selector: `div.css-view-g5y9jx.r-transitionProperty-1i6wzkk.r-userSelect-lrvibr.r-cursor-1loqt21.r-touchAction-1otgn73.r-alignItems-1awozwy.r-flexDirection-18u37iz.r-gap-9aw3ui.r-flex-sax9pr`
  - Selector: `div.css-view-g5y9jx.r-transitionProperty-1i6wzkk.r-userSelect-lrvibr.r-cursor-1loqt21.r-touchAction-1otgn73.r-flexDirection-18u37iz.r-gap-9aw3ui.r-alignItems-1awozwy.r-flex-sax9pr`
  - Selector: `div.css-view-g5y9jx.r-transitionProperty-1i6wzkk.r-userSelect-lrvibr.r-cursor-1loqt21.r-touchAction-1otgn73.r-flexDirection-18u37iz.r-gap-9aw3ui.r-alignItems-obd0qt.r-flex-13awgt0`
  - Selector: `div.css-view-g5y9jx.r-transitionProperty-1i6wzkk.r-userSelect-lrvibr.r-cursor-1loqt21.r-touchAction-1otgn73.r-minHeight-peo1c.r-borderBottomColor-eaxd7d.r-borderBottomWidth-qklmqi.r-gap-ojf8lh.r-paddingBlock-11f147o.r-paddingInline-3pj75a`

### Problem: i18n: Potential hardcoded text string found without data-i18n tracking

- URL: `http://localhost:8081/admin`
  - i18n: Potential hardcoded text string found: "Product 2-2-2-1 RU" without data-i18n tracking. | Selector: `div.css-text-146c3p1.r-WebkitBoxOrient-8akbws.r-display-krxsd3.r-maxWidth-dnmrzs.r-overflow-1qsk4np.r-textOverflow-1udbk01.r-color-1cucpzw.r-fontFamily-36nht7.r-fontSize-1enofrn.r-fontWeight-16dba41.r-lineHeight-1cwl3u0.r-flexShrink-1wbh5a2.r-marginInlineStart-9mo606.r-width-1n20pny`
  - i18n: Potential hardcoded text string found: "Product 1-2-2-1 RU" without data-i18n tracking. | Selector: `div.css-text-146c3p1.r-WebkitBoxOrient-8akbws.r-display-krxsd3.r-maxWidth-dnmrzs.r-overflow-1qsk4np.r-textOverflow-1udbk01.r-color-1cucpzw.r-fontFamily-36nht7.r-fontSize-1enofrn.r-fontWeight-16dba41.r-lineHeight-1cwl3u0.r-flexShrink-1wbh5a2.r-marginInlineStart-9mo606.r-width-1n20pny`
  - i18n: Potential hardcoded text string found: "Product 1-1-2-1 RU11111" without data-i18n tracking. | Selector: `div.css-text-146c3p1.r-WebkitBoxOrient-8akbws.r-display-krxsd3.r-maxWidth-dnmrzs.r-overflow-1qsk4np.r-textOverflow-1udbk01.r-color-1cucpzw.r-fontFamily-36nht7.r-fontSize-1enofrn.r-fontWeight-16dba41.r-lineHeight-1cwl3u0.r-flexShrink-1wbh5a2.r-marginInlineStart-9mo606.r-width-1n20pny`
  - i18n: Potential hardcoded text string found: "Product 2-1-2-1 RU" without data-i18n tracking. | Selector: `div.css-text-146c3p1.r-WebkitBoxOrient-8akbws.r-display-krxsd3.r-maxWidth-dnmrzs.r-overflow-1qsk4np.r-textOverflow-1udbk01.r-color-1cucpzw.r-fontFamily-36nht7.r-fontSize-1enofrn.r-fontWeight-16dba41.r-lineHeight-1cwl3u0.r-flexShrink-1wbh5a2.r-marginInlineStart-9mo606.r-width-1n20pny`
  - i18n: Potential hardcoded text string found: "Product 2-1-1-1 RU" without data-i18n tracking. | Selector: `div.css-text-146c3p1.r-WebkitBoxOrient-8akbws.r-display-krxsd3.r-maxWidth-dnmrzs.r-overflow-1qsk4np.r-textOverflow-1udbk01.r-color-1cucpzw.r-fontFamily-36nht7.r-fontSize-1enofrn.r-fontWeight-16dba41.r-lineHeight-1cwl3u0.r-flexShrink-1wbh5a2.r-marginInlineStart-9mo606.r-width-1n20pny`
  - i18n: Potential hardcoded text string found: "Unknown" without data-i18n tracking. | Selector: `div.css-text-146c3p1.r-maxWidth-dnmrzs.r-overflow-1udh08x.r-textOverflow-1udbk01.r-whiteSpace-3s2u2q.r-wordWrap-1iln25a.r-fontFamily-36nht7.r-fontSize-1b43r93.r-fontWeight-vw2c0b.r-lineHeight-135wba7.r-color-kgv7a8`
