---
type: dynamic-audit
auditor: raw-i18n
scope: admin
date: 2026-07-29T11:41:02.576Z
---

### Problem: Raw camelCase i18n key found

- URL: `http://localhost:8081/admin`
  - Found raw camelCase i18n key: "adminTitle" | Selector: `h1.css-text-146c3p1.r-fontFamily-1anymhi.r-fontSize-1x35g6.r-fontWeight-b88u0q.r-lineHeight-17rnw9f.r-color-kgv7a8`
  - Found raw camelCase i18n key: "userLogout" | Selector: `div.css-text-146c3p1.r-fontFamily-36nht7.r-fontSize-n62j09.r-fontWeight-ha6d2y.r-lineHeight-135wba7.r-textAlign-q4m81j.r-color-1dk24ck`
  - Found raw camelCase i18n key: "adminTabAnalytics" | Selector: `div.css-text-146c3p1.r-fontFamily-36nht7.r-fontSize-rk4zbf.r-fontWeight-1y8rou7.r-lineHeight-135wba7.r-color-1cucpzw`
  - Found raw camelCase i18n key: "adminTabOrders" | Selector: `div.css-text-146c3p1.r-fontFamily-36nht7.r-fontSize-rk4zbf.r-fontWeight-vw2c0b.r-lineHeight-135wba7.r-color-kgv7a8`
  - Found raw camelCase i18n key: "adminTabProducts" | Selector: `div.css-text-146c3p1.r-fontFamily-36nht7.r-fontSize-rk4zbf.r-fontWeight-1y8rou7.r-lineHeight-135wba7.r-color-1cucpzw`
  - Found raw camelCase i18n key: "adminTabCategories" | Selector: `div.css-text-146c3p1.r-fontFamily-36nht7.r-fontSize-rk4zbf.r-fontWeight-1y8rou7.r-lineHeight-135wba7.r-color-1cucpzw`
  - Found raw camelCase i18n key: "adminTabBanners" | Selector: `div.css-text-146c3p1.r-fontFamily-36nht7.r-fontSize-rk4zbf.r-fontWeight-1y8rou7.r-lineHeight-135wba7.r-color-1cucpzw`
  - Found raw camelCase i18n key: "adminTabUsers" | Selector: `div.css-text-146c3p1.r-fontFamily-36nht7.r-fontSize-rk4zbf.r-fontWeight-1y8rou7.r-lineHeight-135wba7.r-color-1cucpzw`
  - Found raw camelCase i18n key: "orderStatusPending" | Selector: `div.css-text-146c3p1.r-fontFamily-36nht7.r-fontSize-n62j09.r-fontWeight-1y8rou7.r-lineHeight-135wba7.r-color-1cucpzw`
  - Found raw camelCase i18n key: "orderStatusProcessing" | Selector: `div.css-text-146c3p1.r-fontFamily-36nht7.r-fontSize-n62j09.r-fontWeight-1y8rou7.r-lineHeight-135wba7.r-color-1cucpzw`
  - Found raw camelCase i18n key: "orderStatusCompleted" | Selector: `div.css-text-146c3p1.r-fontFamily-36nht7.r-fontSize-n62j09.r-fontWeight-1y8rou7.r-lineHeight-135wba7.r-color-1cucpzw`
  - Found raw camelCase i18n key: "orderStatusCancelled" | Selector: `div.css-text-146c3p1.r-fontFamily-36nht7.r-fontSize-n62j09.r-fontWeight-1y8rou7.r-lineHeight-135wba7.r-color-1cucpzw`
  - Found raw camelCase i18n key: "adminOrdersCustomer" | Selector: `div.css-text-146c3p1.r-fontFamily-36nht7.r-fontSize-10x49cs.r-fontWeight-b88u0q.r-letterSpacing-ud0q2t.r-lineHeight-1f529hi.r-textTransform-tsynxw.r-color-1s7ct43`
  - Found raw camelCase i18n key: "adminOrdersDate" | Selector: `div.css-text-146c3p1.r-fontFamily-36nht7.r-fontSize-10x49cs.r-fontWeight-b88u0q.r-letterSpacing-ud0q2t.r-lineHeight-1f529hi.r-textTransform-tsynxw.r-color-1s7ct43`
  - Found raw camelCase i18n key: "adminOrdersStatus" | Selector: `div.css-text-146c3p1.r-fontFamily-36nht7.r-fontSize-10x49cs.r-fontWeight-b88u0q.r-letterSpacing-ud0q2t.r-lineHeight-1f529hi.r-textTransform-tsynxw.r-color-1s7ct43`
  - Found raw camelCase i18n key: "adminOrdersTotal" | Selector: `div.css-text-146c3p1.r-fontFamily-36nht7.r-fontSize-10x49cs.r-fontWeight-b88u0q.r-letterSpacing-ud0q2t.r-lineHeight-1f529hi.r-textTransform-tsynxw.r-color-1s7ct43`
  - Found raw camelCase i18n key: "orderStatusCompleted" | Selector: `div.css-text-146c3p1.r-fontFamily-36nht7.r-fontSize-10x49cs.r-fontWeight-ha6d2y.r-lineHeight-1cwl3u0.r-includeFontPadding-1rsjblm.r-textAlign-q4m81j`
  - Found raw camelCase i18n key: "adminOrdersCustNote" | Selector: `div.css-text-146c3p1.r-fontFamily-36nht7.r-fontSize-10x49cs.r-fontWeight-b88u0q.r-letterSpacing-ud0q2t.r-lineHeight-1f529hi.r-textTransform-tsynxw.r-color-1npgj5g`
  - Found raw camelCase i18n key: "adminOrdersAdminNote" | Selector: `div.css-text-146c3p1.r-fontFamily-36nht7.r-fontSize-10x49cs.r-fontWeight-b88u0q.r-letterSpacing-ud0q2t.r-lineHeight-1f529hi.r-textTransform-tsynxw.r-color-1npgj5g`
  - Found raw camelCase i18n key: "orderStatusProcessing" | Selector: `div.css-text-146c3p1.r-fontFamily-36nht7.r-fontSize-10x49cs.r-fontWeight-ha6d2y.r-lineHeight-1cwl3u0.r-includeFontPadding-1rsjblm.r-textAlign-q4m81j`
  - Found raw camelCase i18n key: "orderStatusPending" | Selector: `div.css-text-146c3p1.r-fontFamily-36nht7.r-fontSize-10x49cs.r-fontWeight-ha6d2y.r-lineHeight-1cwl3u0.r-includeFontPadding-1rsjblm.r-textAlign-q4m81j`
  - Found raw camelCase i18n key: "orderStatusCancelled" | Selector: `div.css-text-146c3p1.r-fontFamily-36nht7.r-fontSize-10x49cs.r-fontWeight-ha6d2y.r-lineHeight-1cwl3u0.r-includeFontPadding-1rsjblm.r-textAlign-q4m81j`
  - Found raw camelCase i18n key: "orderStatusPending" | Selector: `div.css-text-146c3p1.r-fontFamily-36nht7.r-fontSize-n62j09.r-fontWeight-vw2c0b.r-lineHeight-135wba7.r-color-kgv7a8`
  - Found raw camelCase i18n key: "orderStatusProcessing" | Selector: `div.css-text-146c3p1.r-fontFamily-36nht7.r-fontSize-n62j09.r-fontWeight-vw2c0b.r-lineHeight-135wba7.r-color-kgv7a8`
  - Found raw camelCase i18n key: "orderStatusCompleted" | Selector: `div.css-text-146c3p1.r-fontFamily-36nht7.r-fontSize-n62j09.r-fontWeight-vw2c0b.r-lineHeight-135wba7.r-color-kgv7a8`
  - Found raw camelCase i18n key: "orderStatusCancelled" | Selector: `div.css-text-146c3p1.r-fontFamily-36nht7.r-fontSize-n62j09.r-fontWeight-vw2c0b.r-lineHeight-135wba7.r-color-kgv7a8`

### Problem: Hardcoded text without i18n key

- URL: `http://localhost:8081/admin`
  - Found hardcoded text without i18n key: "all" | Selector: `div.css-text-146c3p1.r-fontFamily-36nht7.r-fontSize-n62j09.r-fontWeight-vw2c0b.r-lineHeight-135wba7.r-color-kgv7a8`
  - Found hardcoded text without i18n key: "ID" | Selector: `div.css-text-146c3p1.r-fontFamily-36nht7.r-fontSize-10x49cs.r-fontWeight-b88u0q.r-letterSpacing-ud0q2t.r-lineHeight-1f529hi.r-textTransform-tsynxw.r-color-1s7ct43`
  - Found hardcoded text without i18n key: "Євген Русіньш" | Selector: `div.css-text-146c3p1.r-maxWidth-dnmrzs.r-overflow-1udh08x.r-textOverflow-1udbk01.r-whiteSpace-3s2u2q.r-wordWrap-1iln25a.r-fontFamily-36nht7.r-fontSize-1b43r93.r-fontWeight-vw2c0b.r-lineHeight-135wba7.r-color-kgv7a8`
  - Found hardcoded text without i18n key: "14 июл. 2026 г. 03:52" | Selector: `div.css-text-146c3p1.r-fontFamily-36nht7.r-fontSize-1b43r93.r-fontWeight-16dba41.r-lineHeight-135wba7.r-color-kgv7a8`
  - Found hardcoded text without i18n key: "14 июл. 2026 г. 18:22" | Selector: `div.css-text-146c3p1.r-fontFamily-36nht7.r-fontSize-1b43r93.r-fontWeight-16dba41.r-lineHeight-135wba7.r-color-kgv7a8`
  - Found hardcoded text without i18n key: "Unknown" | Selector: `div.css-text-146c3p1.r-maxWidth-dnmrzs.r-overflow-1udh08x.r-textOverflow-1udbk01.r-whiteSpace-3s2u2q.r-wordWrap-1iln25a.r-fontFamily-36nht7.r-fontSize-1b43r93.r-fontWeight-vw2c0b.r-lineHeight-135wba7.r-color-kgv7a8`
  - Found hardcoded text without i18n key: "15 июл. 2026 г. 07:18" | Selector: `div.css-text-146c3p1.r-fontFamily-36nht7.r-fontSize-1b43r93.r-fontWeight-16dba41.r-lineHeight-135wba7.r-color-kgv7a8`
  - Found hardcoded text without i18n key: "15 июл. 2026 г. 09:25" | Selector: `div.css-text-146c3p1.r-fontFamily-36nht7.r-fontSize-1b43r93.r-fontWeight-16dba41.r-lineHeight-135wba7.r-color-kgv7a8`
  - Found hardcoded text without i18n key: "ADMINxzczxc ADMINzxczxc" | Selector: `div.css-text-146c3p1.r-maxWidth-dnmrzs.r-overflow-1udh08x.r-textOverflow-1udbk01.r-whiteSpace-3s2u2q.r-wordWrap-1iln25a.r-fontFamily-36nht7.r-fontSize-1b43r93.r-fontWeight-vw2c0b.r-lineHeight-135wba7.r-color-kgv7a8`
  - Found hardcoded text without i18n key: "(111111zxcxzc)" | Selector: `div.css-text-146c3p1.r-maxWidth-dnmrzs.r-overflow-1udh08x.r-textOverflow-1udbk01.r-whiteSpace-3s2u2q.r-wordWrap-1iln25a.r-fontFamily-36nht7.r-fontSize-1b43r93.r-fontWeight-vw2c0b.r-lineHeight-135wba7.r-color-kgv7a8`
  - Found hardcoded text without i18n key: "16 июл. 2026 г. 16:54" | Selector: `div.css-text-146c3p1.r-fontFamily-36nht7.r-fontSize-1b43r93.r-fontWeight-16dba41.r-lineHeight-135wba7.r-color-kgv7a8`
  - Found hardcoded text without i18n key: "18 июл. 2026 г. 00:59" | Selector: `div.css-text-146c3p1.r-fontFamily-36nht7.r-fontSize-1b43r93.r-fontWeight-16dba41.r-lineHeight-135wba7.r-color-kgv7a8`
  - Found hardcoded text without i18n key: "Буянова  Наталія" | Selector: `div.css-text-146c3p1.r-maxWidth-dnmrzs.r-overflow-1udh08x.r-textOverflow-1udbk01.r-whiteSpace-3s2u2q.r-wordWrap-1iln25a.r-fontFamily-36nht7.r-fontSize-1b43r93.r-fontWeight-vw2c0b.r-lineHeight-135wba7.r-color-kgv7a8`
  - Found hardcoded text without i18n key: "19 июл. 2026 г. 21:24" | Selector: `div.css-text-146c3p1.r-fontFamily-36nht7.r-fontSize-1b43r93.r-fontWeight-16dba41.r-lineHeight-135wba7.r-color-kgv7a8`
  - Found hardcoded text without i18n key: "21 июл. 2026 г. 21:01" | Selector: `div.css-text-146c3p1.r-fontFamily-36nht7.r-fontSize-1b43r93.r-fontWeight-16dba41.r-lineHeight-135wba7.r-color-kgv7a8`
  - Found hardcoded text without i18n key: "24 июл. 2026 г. 17:43" | Selector: `div.css-text-146c3p1.r-fontFamily-36nht7.r-fontSize-1b43r93.r-fontWeight-16dba41.r-lineHeight-135wba7.r-color-kgv7a8`
  - Found hardcoded text without i18n key: "OXJ23" | Selector: `div.css-text-146c3p1.r-fontFamily-36nht7.r-fontSize-1b43r93.r-fontWeight-vw2c0b.r-lineHeight-135wba7.r-color-kgv7a8`
  - Found hardcoded text without i18n key: "25 июл. 2026 г. 08:43" | Selector: `div.css-text-146c3p1.r-fontFamily-36nht7.r-fontSize-1b43r93.r-fontWeight-16dba41.r-lineHeight-135wba7.r-color-kgv7a8`
  - Found hardcoded text without i18n key: "XAXDX" | Selector: `div.css-text-146c3p1.r-fontFamily-36nht7.r-fontSize-1b43r93.r-fontWeight-vw2c0b.r-lineHeight-135wba7.r-color-kgv7a8`
  - Found hardcoded text without i18n key: "25 июл. 2026 г. 09:08" | Selector: `div.css-text-146c3p1.r-fontFamily-36nht7.r-fontSize-1b43r93.r-fontWeight-16dba41.r-lineHeight-135wba7.r-color-kgv7a8`
  - Found hardcoded text without i18n key: "P2N4T" | Selector: `div.css-text-146c3p1.r-fontFamily-36nht7.r-fontSize-1b43r93.r-fontWeight-vw2c0b.r-lineHeight-135wba7.r-color-kgv7a8`
  - Found hardcoded text without i18n key: "25 июл. 2026 г. 09:10" | Selector: `div.css-text-146c3p1.r-fontFamily-36nht7.r-fontSize-1b43r93.r-fontWeight-16dba41.r-lineHeight-135wba7.r-color-kgv7a8`
  - Found hardcoded text without i18n key: "TVSOG" | Selector: `div.css-text-146c3p1.r-fontFamily-36nht7.r-fontSize-1b43r93.r-fontWeight-vw2c0b.r-lineHeight-135wba7.r-color-kgv7a8`
  - Found hardcoded text without i18n key: "25 июл. 2026 г. 09:49" | Selector: `div.css-text-146c3p1.r-fontFamily-36nht7.r-fontSize-1b43r93.r-fontWeight-16dba41.r-lineHeight-135wba7.r-color-kgv7a8`
  - Found hardcoded text without i18n key: "N5C6G" | Selector: `div.css-text-146c3p1.r-fontFamily-36nht7.r-fontSize-1b43r93.r-fontWeight-vw2c0b.r-lineHeight-135wba7.r-color-kgv7a8`
  - Found hardcoded text without i18n key: "25 июл. 2026 г. 10:52" | Selector: `div.css-text-146c3p1.r-fontFamily-36nht7.r-fontSize-1b43r93.r-fontWeight-16dba41.r-lineHeight-135wba7.r-color-kgv7a8`
  - Found hardcoded text without i18n key: "6GUUE" | Selector: `div.css-text-146c3p1.r-fontFamily-36nht7.r-fontSize-1b43r93.r-fontWeight-vw2c0b.r-lineHeight-135wba7.r-color-kgv7a8`
  - Found hardcoded text without i18n key: "25 июл. 2026 г. 11:42" | Selector: `div.css-text-146c3p1.r-fontFamily-36nht7.r-fontSize-1b43r93.r-fontWeight-16dba41.r-lineHeight-135wba7.r-color-kgv7a8`
  - Found hardcoded text without i18n key: "YYWDS" | Selector: `div.css-text-146c3p1.r-fontFamily-36nht7.r-fontSize-1b43r93.r-fontWeight-vw2c0b.r-lineHeight-135wba7.r-color-kgv7a8`
  - Found hardcoded text without i18n key: "25 июл. 2026 г. 11:57" | Selector: `div.css-text-146c3p1.r-fontFamily-36nht7.r-fontSize-1b43r93.r-fontWeight-16dba41.r-lineHeight-135wba7.r-color-kgv7a8`
  - Found hardcoded text without i18n key: "QEBLT" | Selector: `div.css-text-146c3p1.r-fontFamily-36nht7.r-fontSize-1b43r93.r-fontWeight-vw2c0b.r-lineHeight-135wba7.r-color-kgv7a8`
  - Found hardcoded text without i18n key: "25 июл. 2026 г. 12:00" | Selector: `div.css-text-146c3p1.r-fontFamily-36nht7.r-fontSize-1b43r93.r-fontWeight-16dba41.r-lineHeight-135wba7.r-color-kgv7a8`
  - Found hardcoded text without i18n key: "CO0PJ" | Selector: `div.css-text-146c3p1.r-fontFamily-36nht7.r-fontSize-1b43r93.r-fontWeight-vw2c0b.r-lineHeight-135wba7.r-color-kgv7a8`
  - Found hardcoded text without i18n key: "25 июл. 2026 г. 12:11" | Selector: `div.css-text-146c3p1.r-fontFamily-36nht7.r-fontSize-1b43r93.r-fontWeight-16dba41.r-lineHeight-135wba7.r-color-kgv7a8`
  - Found hardcoded text without i18n key: "E9QR0" | Selector: `div.css-text-146c3p1.r-fontFamily-36nht7.r-fontSize-1b43r93.r-fontWeight-vw2c0b.r-lineHeight-135wba7.r-color-kgv7a8`
  - Found hardcoded text without i18n key: "25 июл. 2026 г. 12:13" | Selector: `div.css-text-146c3p1.r-fontFamily-36nht7.r-fontSize-1b43r93.r-fontWeight-16dba41.r-lineHeight-135wba7.r-color-kgv7a8`
  - Found hardcoded text without i18n key: "KVP9N" | Selector: `div.css-text-146c3p1.r-fontFamily-36nht7.r-fontSize-1b43r93.r-fontWeight-vw2c0b.r-lineHeight-135wba7.r-color-kgv7a8`
  - Found hardcoded text without i18n key: "25 июл. 2026 г. 12:14" | Selector: `div.css-text-146c3p1.r-fontFamily-36nht7.r-fontSize-1b43r93.r-fontWeight-16dba41.r-lineHeight-135wba7.r-color-kgv7a8`
  - Found hardcoded text without i18n key: "JRJ3A" | Selector: `div.css-text-146c3p1.r-fontFamily-36nht7.r-fontSize-1b43r93.r-fontWeight-vw2c0b.r-lineHeight-135wba7.r-color-kgv7a8`
  - Found hardcoded text without i18n key: "25 июл. 2026 г. 12:16" | Selector: `div.css-text-146c3p1.r-fontFamily-36nht7.r-fontSize-1b43r93.r-fontWeight-16dba41.r-lineHeight-135wba7.r-color-kgv7a8`
  - Found hardcoded text without i18n key: "KEGO6" | Selector: `div.css-text-146c3p1.r-fontFamily-36nht7.r-fontSize-1b43r93.r-fontWeight-vw2c0b.r-lineHeight-135wba7.r-color-kgv7a8`
  - Found hardcoded text without i18n key: "25 июл. 2026 г. 12:19" | Selector: `div.css-text-146c3p1.r-fontFamily-36nht7.r-fontSize-1b43r93.r-fontWeight-16dba41.r-lineHeight-135wba7.r-color-kgv7a8`
  - Found hardcoded text without i18n key: "CMLKK" | Selector: `div.css-text-146c3p1.r-fontFamily-36nht7.r-fontSize-1b43r93.r-fontWeight-vw2c0b.r-lineHeight-135wba7.r-color-kgv7a8`
  - Found hardcoded text without i18n key: "25 июл. 2026 г. 12:22" | Selector: `div.css-text-146c3p1.r-fontFamily-36nht7.r-fontSize-1b43r93.r-fontWeight-16dba41.r-lineHeight-135wba7.r-color-kgv7a8`
  - Found hardcoded text without i18n key: "TYKEF" | Selector: `div.css-text-146c3p1.r-fontFamily-36nht7.r-fontSize-1b43r93.r-fontWeight-vw2c0b.r-lineHeight-135wba7.r-color-kgv7a8`
  - Found hardcoded text without i18n key: "25 июл. 2026 г. 12:41" | Selector: `div.css-text-146c3p1.r-fontFamily-36nht7.r-fontSize-1b43r93.r-fontWeight-16dba41.r-lineHeight-135wba7.r-color-kgv7a8`
  - Found hardcoded text without i18n key: "VELTZ" | Selector: `div.css-text-146c3p1.r-fontFamily-36nht7.r-fontSize-1b43r93.r-fontWeight-vw2c0b.r-lineHeight-135wba7.r-color-kgv7a8`
  - Found hardcoded text without i18n key: "25 июл. 2026 г. 12:45" | Selector: `div.css-text-146c3p1.r-fontFamily-36nht7.r-fontSize-1b43r93.r-fontWeight-16dba41.r-lineHeight-135wba7.r-color-kgv7a8`
  - Found hardcoded text without i18n key: "MJH9Y" | Selector: `div.css-text-146c3p1.r-fontFamily-36nht7.r-fontSize-1b43r93.r-fontWeight-vw2c0b.r-lineHeight-135wba7.r-color-kgv7a8`
  - Found hardcoded text without i18n key: "25 июл. 2026 г. 12:48" | Selector: `div.css-text-146c3p1.r-fontFamily-36nht7.r-fontSize-1b43r93.r-fontWeight-16dba41.r-lineHeight-135wba7.r-color-kgv7a8`
  - Found hardcoded text without i18n key: "TXIYQ" | Selector: `div.css-text-146c3p1.r-fontFamily-36nht7.r-fontSize-1b43r93.r-fontWeight-vw2c0b.r-lineHeight-135wba7.r-color-kgv7a8`
  - Found hardcoded text without i18n key: "25 июл. 2026 г. 12:54" | Selector: `div.css-text-146c3p1.r-fontFamily-36nht7.r-fontSize-1b43r93.r-fontWeight-16dba41.r-lineHeight-135wba7.r-color-kgv7a8`
  - Found hardcoded text without i18n key: "BG8IV" | Selector: `div.css-text-146c3p1.r-fontFamily-36nht7.r-fontSize-1b43r93.r-fontWeight-vw2c0b.r-lineHeight-135wba7.r-color-kgv7a8`
  - Found hardcoded text without i18n key: "25 июл. 2026 г. 12:58" | Selector: `div.css-text-146c3p1.r-fontFamily-36nht7.r-fontSize-1b43r93.r-fontWeight-16dba41.r-lineHeight-135wba7.r-color-kgv7a8`
  - Found hardcoded text without i18n key: "KQBYI" | Selector: `div.css-text-146c3p1.r-fontFamily-36nht7.r-fontSize-1b43r93.r-fontWeight-vw2c0b.r-lineHeight-135wba7.r-color-kgv7a8`
  - Found hardcoded text without i18n key: "25 июл. 2026 г. 13:01" | Selector: `div.css-text-146c3p1.r-fontFamily-36nht7.r-fontSize-1b43r93.r-fontWeight-16dba41.r-lineHeight-135wba7.r-color-kgv7a8`
  - Found hardcoded text without i18n key: "J75QV" | Selector: `div.css-text-146c3p1.r-fontFamily-36nht7.r-fontSize-1b43r93.r-fontWeight-vw2c0b.r-lineHeight-135wba7.r-color-kgv7a8`
  - Found hardcoded text without i18n key: "25 июл. 2026 г. 13:18" | Selector: `div.css-text-146c3p1.r-fontFamily-36nht7.r-fontSize-1b43r93.r-fontWeight-16dba41.r-lineHeight-135wba7.r-color-kgv7a8`
  - Found hardcoded text without i18n key: "NWNUG" | Selector: `div.css-text-146c3p1.r-fontFamily-36nht7.r-fontSize-1b43r93.r-fontWeight-vw2c0b.r-lineHeight-135wba7.r-color-kgv7a8`
  - Found hardcoded text without i18n key: "25 июл. 2026 г. 13:46" | Selector: `div.css-text-146c3p1.r-fontFamily-36nht7.r-fontSize-1b43r93.r-fontWeight-16dba41.r-lineHeight-135wba7.r-color-kgv7a8`
  - Found hardcoded text without i18n key: "Y9NOS" | Selector: `div.css-text-146c3p1.r-fontFamily-36nht7.r-fontSize-1b43r93.r-fontWeight-vw2c0b.r-lineHeight-135wba7.r-color-kgv7a8`
  - Found hardcoded text without i18n key: "25 июл. 2026 г. 14:07" | Selector: `div.css-text-146c3p1.r-fontFamily-36nht7.r-fontSize-1b43r93.r-fontWeight-16dba41.r-lineHeight-135wba7.r-color-kgv7a8`
  - Found hardcoded text without i18n key: "VZYLH" | Selector: `div.css-text-146c3p1.r-fontFamily-36nht7.r-fontSize-1b43r93.r-fontWeight-vw2c0b.r-lineHeight-135wba7.r-color-kgv7a8`
  - Found hardcoded text without i18n key: "25 июл. 2026 г. 14:32" | Selector: `div.css-text-146c3p1.r-fontFamily-36nht7.r-fontSize-1b43r93.r-fontWeight-16dba41.r-lineHeight-135wba7.r-color-kgv7a8`
  - Found hardcoded text without i18n key: "0LZWI" | Selector: `div.css-text-146c3p1.r-fontFamily-36nht7.r-fontSize-1b43r93.r-fontWeight-vw2c0b.r-lineHeight-135wba7.r-color-kgv7a8`
  - Found hardcoded text without i18n key: "25 июл. 2026 г. 14:35" | Selector: `div.css-text-146c3p1.r-fontFamily-36nht7.r-fontSize-1b43r93.r-fontWeight-16dba41.r-lineHeight-135wba7.r-color-kgv7a8`
  - Found hardcoded text without i18n key: "DNJAD" | Selector: `div.css-text-146c3p1.r-fontFamily-36nht7.r-fontSize-1b43r93.r-fontWeight-vw2c0b.r-lineHeight-135wba7.r-color-kgv7a8`
  - Found hardcoded text without i18n key: "25 июл. 2026 г. 14:41" | Selector: `div.css-text-146c3p1.r-fontFamily-36nht7.r-fontSize-1b43r93.r-fontWeight-16dba41.r-lineHeight-135wba7.r-color-kgv7a8`
  - Found hardcoded text without i18n key: "NOIIO" | Selector: `div.css-text-146c3p1.r-fontFamily-36nht7.r-fontSize-1b43r93.r-fontWeight-vw2c0b.r-lineHeight-135wba7.r-color-kgv7a8`
  - Found hardcoded text without i18n key: "25 июл. 2026 г. 15:14" | Selector: `div.css-text-146c3p1.r-fontFamily-36nht7.r-fontSize-1b43r93.r-fontWeight-16dba41.r-lineHeight-135wba7.r-color-kgv7a8`
  - Found hardcoded text without i18n key: "K0CVG" | Selector: `div.css-text-146c3p1.r-fontFamily-36nht7.r-fontSize-1b43r93.r-fontWeight-vw2c0b.r-lineHeight-135wba7.r-color-kgv7a8`
  - Found hardcoded text without i18n key: "25 июл. 2026 г. 16:02" | Selector: `div.css-text-146c3p1.r-fontFamily-36nht7.r-fontSize-1b43r93.r-fontWeight-16dba41.r-lineHeight-135wba7.r-color-kgv7a8`
  - Found hardcoded text without i18n key: "TFRBK" | Selector: `div.css-text-146c3p1.r-fontFamily-36nht7.r-fontSize-1b43r93.r-fontWeight-vw2c0b.r-lineHeight-135wba7.r-color-kgv7a8`
  - Found hardcoded text without i18n key: "25 июл. 2026 г. 16:03" | Selector: `div.css-text-146c3p1.r-fontFamily-36nht7.r-fontSize-1b43r93.r-fontWeight-16dba41.r-lineHeight-135wba7.r-color-kgv7a8`
  - Found hardcoded text without i18n key: "WQC5G" | Selector: `div.css-text-146c3p1.r-fontFamily-36nht7.r-fontSize-1b43r93.r-fontWeight-vw2c0b.r-lineHeight-135wba7.r-color-kgv7a8`
  - Found hardcoded text without i18n key: "25 июл. 2026 г. 16:06" | Selector: `div.css-text-146c3p1.r-fontFamily-36nht7.r-fontSize-1b43r93.r-fontWeight-16dba41.r-lineHeight-135wba7.r-color-kgv7a8`
  - Found hardcoded text without i18n key: "NVFBX" | Selector: `div.css-text-146c3p1.r-fontFamily-36nht7.r-fontSize-1b43r93.r-fontWeight-vw2c0b.r-lineHeight-135wba7.r-color-kgv7a8`
  - Found hardcoded text without i18n key: "25 июл. 2026 г. 16:08" | Selector: `div.css-text-146c3p1.r-fontFamily-36nht7.r-fontSize-1b43r93.r-fontWeight-16dba41.r-lineHeight-135wba7.r-color-kgv7a8`
  - Found hardcoded text without i18n key: "JIEKY" | Selector: `div.css-text-146c3p1.r-fontFamily-36nht7.r-fontSize-1b43r93.r-fontWeight-vw2c0b.r-lineHeight-135wba7.r-color-kgv7a8`
  - Found hardcoded text without i18n key: "C9DDB" | Selector: `div.css-text-146c3p1.r-fontFamily-36nht7.r-fontSize-1b43r93.r-fontWeight-vw2c0b.r-lineHeight-135wba7.r-color-kgv7a8`
  - Found hardcoded text without i18n key: "64FVT" | Selector: `div.css-text-146c3p1.r-fontFamily-36nht7.r-fontSize-1b43r93.r-fontWeight-vw2c0b.r-lineHeight-135wba7.r-color-kgv7a8`
  - Found hardcoded text without i18n key: "25 июл. 2026 г. 18:58" | Selector: `div.css-text-146c3p1.r-fontFamily-36nht7.r-fontSize-1b43r93.r-fontWeight-16dba41.r-lineHeight-135wba7.r-color-kgv7a8`
  - Found hardcoded text without i18n key: "X73AG" | Selector: `div.css-text-146c3p1.r-fontFamily-36nht7.r-fontSize-1b43r93.r-fontWeight-vw2c0b.r-lineHeight-135wba7.r-color-kgv7a8`
  - Found hardcoded text without i18n key: "25 июл. 2026 г. 19:05" | Selector: `div.css-text-146c3p1.r-fontFamily-36nht7.r-fontSize-1b43r93.r-fontWeight-16dba41.r-lineHeight-135wba7.r-color-kgv7a8`
  - Found hardcoded text without i18n key: "LU37H" | Selector: `div.css-text-146c3p1.r-fontFamily-36nht7.r-fontSize-1b43r93.r-fontWeight-vw2c0b.r-lineHeight-135wba7.r-color-kgv7a8`
  - Found hardcoded text without i18n key: "25 июл. 2026 г. 19:14" | Selector: `div.css-text-146c3p1.r-fontFamily-36nht7.r-fontSize-1b43r93.r-fontWeight-16dba41.r-lineHeight-135wba7.r-color-kgv7a8`
  - Found hardcoded text without i18n key: "OGPTR" | Selector: `div.css-text-146c3p1.r-fontFamily-36nht7.r-fontSize-1b43r93.r-fontWeight-vw2c0b.r-lineHeight-135wba7.r-color-kgv7a8`
  - Found hardcoded text without i18n key: "25 июл. 2026 г. 19:16" | Selector: `div.css-text-146c3p1.r-fontFamily-36nht7.r-fontSize-1b43r93.r-fontWeight-16dba41.r-lineHeight-135wba7.r-color-kgv7a8`
  - Found hardcoded text without i18n key: "ME1ET" | Selector: `div.css-text-146c3p1.r-fontFamily-36nht7.r-fontSize-1b43r93.r-fontWeight-vw2c0b.r-lineHeight-135wba7.r-color-kgv7a8`
  - Found hardcoded text without i18n key: "25 июл. 2026 г. 20:45" | Selector: `div.css-text-146c3p1.r-fontFamily-36nht7.r-fontSize-1b43r93.r-fontWeight-16dba41.r-lineHeight-135wba7.r-color-kgv7a8`
  - Found hardcoded text without i18n key: "LIV3L" | Selector: `div.css-text-146c3p1.r-fontFamily-36nht7.r-fontSize-1b43r93.r-fontWeight-vw2c0b.r-lineHeight-135wba7.r-color-kgv7a8`
  - Found hardcoded text without i18n key: "25 июл. 2026 г. 20:54" | Selector: `div.css-text-146c3p1.r-fontFamily-36nht7.r-fontSize-1b43r93.r-fontWeight-16dba41.r-lineHeight-135wba7.r-color-kgv7a8`
  - Found hardcoded text without i18n key: "ASAWE" | Selector: `div.css-text-146c3p1.r-fontFamily-36nht7.r-fontSize-1b43r93.r-fontWeight-vw2c0b.r-lineHeight-135wba7.r-color-kgv7a8`
  - Found hardcoded text without i18n key: "25 июл. 2026 г. 20:59" | Selector: `div.css-text-146c3p1.r-fontFamily-36nht7.r-fontSize-1b43r93.r-fontWeight-16dba41.r-lineHeight-135wba7.r-color-kgv7a8`
  - Found hardcoded text without i18n key: "SKCQG" | Selector: `div.css-text-146c3p1.r-fontFamily-36nht7.r-fontSize-1b43r93.r-fontWeight-vw2c0b.r-lineHeight-135wba7.r-color-kgv7a8`
  - Found hardcoded text without i18n key: "25 июл. 2026 г. 21:34" | Selector: `div.css-text-146c3p1.r-fontFamily-36nht7.r-fontSize-1b43r93.r-fontWeight-16dba41.r-lineHeight-135wba7.r-color-kgv7a8`
  - Found hardcoded text without i18n key: "Z8GTX" | Selector: `div.css-text-146c3p1.r-fontFamily-36nht7.r-fontSize-1b43r93.r-fontWeight-vw2c0b.r-lineHeight-135wba7.r-color-kgv7a8`
  - Found hardcoded text without i18n key: "25 июл. 2026 г. 23:45" | Selector: `div.css-text-146c3p1.r-fontFamily-36nht7.r-fontSize-1b43r93.r-fontWeight-16dba41.r-lineHeight-135wba7.r-color-kgv7a8`
  - Found hardcoded text without i18n key: "AFB2S" | Selector: `div.css-text-146c3p1.r-fontFamily-36nht7.r-fontSize-1b43r93.r-fontWeight-vw2c0b.r-lineHeight-135wba7.r-color-kgv7a8`
  - Found hardcoded text without i18n key: "26 июл. 2026 г. 16:10" | Selector: `div.css-text-146c3p1.r-fontFamily-36nht7.r-fontSize-1b43r93.r-fontWeight-16dba41.r-lineHeight-135wba7.r-color-kgv7a8`
  - Found hardcoded text without i18n key: "QTDDS" | Selector: `div.css-text-146c3p1.r-fontFamily-36nht7.r-fontSize-1b43r93.r-fontWeight-vw2c0b.r-lineHeight-135wba7.r-color-kgv7a8`
  - Found hardcoded text without i18n key: "26 июл. 2026 г. 16:13" | Selector: `div.css-text-146c3p1.r-fontFamily-36nht7.r-fontSize-1b43r93.r-fontWeight-16dba41.r-lineHeight-135wba7.r-color-kgv7a8`
  - Found hardcoded text without i18n key: "OVXE8" | Selector: `div.css-text-146c3p1.r-fontFamily-36nht7.r-fontSize-1b43r93.r-fontWeight-vw2c0b.r-lineHeight-135wba7.r-color-kgv7a8`
  - Found hardcoded text without i18n key: "26 июл. 2026 г. 16:35" | Selector: `div.css-text-146c3p1.r-fontFamily-36nht7.r-fontSize-1b43r93.r-fontWeight-16dba41.r-lineHeight-135wba7.r-color-kgv7a8`
  - Found hardcoded text without i18n key: "sadasd" | Selector: `div.css-text-146c3p1.r-maxWidth-dnmrzs.r-overflow-1udh08x.r-textOverflow-1udbk01.r-whiteSpace-3s2u2q.r-wordWrap-1iln25a.r-fontFamily-36nht7.r-fontSize-n6v787.r-fontWeight-1kfrs79.r-lineHeight-14yzgew.r-color-kgv7a8`
  - Found hardcoded text without i18n key: "EX2VL" | Selector: `div.css-text-146c3p1.r-fontFamily-36nht7.r-fontSize-1b43r93.r-fontWeight-vw2c0b.r-lineHeight-135wba7.r-color-kgv7a8`
  - Found hardcoded text without i18n key: "26 июл. 2026 г. 19:00" | Selector: `div.css-text-146c3p1.r-fontFamily-36nht7.r-fontSize-1b43r93.r-fontWeight-16dba41.r-lineHeight-135wba7.r-color-kgv7a8`
  - Found hardcoded text without i18n key: "ZVYCH" | Selector: `div.css-text-146c3p1.r-fontFamily-36nht7.r-fontSize-1b43r93.r-fontWeight-vw2c0b.r-lineHeight-135wba7.r-color-kgv7a8`
  - Found hardcoded text without i18n key: "26 июл. 2026 г. 19:15" | Selector: `div.css-text-146c3p1.r-fontFamily-36nht7.r-fontSize-1b43r93.r-fontWeight-16dba41.r-lineHeight-135wba7.r-color-kgv7a8`
  - Found hardcoded text without i18n key: "2Y2HX" | Selector: `div.css-text-146c3p1.r-fontFamily-36nht7.r-fontSize-1b43r93.r-fontWeight-vw2c0b.r-lineHeight-135wba7.r-color-kgv7a8`
  - Found hardcoded text without i18n key: "26 июл. 2026 г. 23:28" | Selector: `div.css-text-146c3p1.r-fontFamily-36nht7.r-fontSize-1b43r93.r-fontWeight-16dba41.r-lineHeight-135wba7.r-color-kgv7a8`
  - Found hardcoded text without i18n key: "NAOQE" | Selector: `div.css-text-146c3p1.r-fontFamily-36nht7.r-fontSize-1b43r93.r-fontWeight-vw2c0b.r-lineHeight-135wba7.r-color-kgv7a8`
  - Found hardcoded text without i18n key: "27 июл. 2026 г. 22:39" | Selector: `div.css-text-146c3p1.r-fontFamily-36nht7.r-fontSize-1b43r93.r-fontWeight-16dba41.r-lineHeight-135wba7.r-color-kgv7a8`
  - Found hardcoded text without i18n key: "all" | Selector: `div.css-text-146c3p1.r-fontFamily-36nht7.r-fontSize-n62j09.r-fontWeight-1y8rou7.r-lineHeight-135wba7.r-color-1cucpzw`
