---
type: dynamic-audit
auditor: raw-i18n
scope: public
date: 2026-07-28T19:10:48.475Z
---

### Problem: Hardcoded text without i18n key

- URL: `http://localhost:8081/`
  - Found hardcoded text without i18n key: "Manual Browser Inspector" | Selector: `div.css-text-146c3p1.r-color-1npgj5g.r-fontSize-1enofrn.r-fontWeight-vw2c0b.r-letterSpacing-ud0q2t.r-textTransform-tsynxw`
  - Found hardcoded text without i18n key: "Capture Screenshot & State" | Selector: `div.css-text-146c3p1.r-color-1gnjku.r-fontSize-n6v787.r-fontWeight-majxgm`
  - Found hardcoded text without i18n key: "Alt+1" | Selector: `div.css-text-146c3p1.r-backgroundColor-1tl8prc.r-borderColor-11unwc4.r-borderRadius-z2wwpe.r-borderWidth-rs99b7.r-color-ox415g.r-fontSize-1gkfh8e.r-fontWeight-vw2c0b.r-paddingBlock-1559e4e.r-paddingInline-18c5d7m`
  - Found hardcoded text without i18n key: "Главная" | Selector: `div.css-text-146c3p1.r-fontFamily-36nht7.r-fontSize-n62j09.r-fontWeight-ha6d2y.r-lineHeight-135wba7.r-textAlign-q4m81j.r-color-1dk24ck`
  - Found hardcoded text without i18n key: "Каталог" | Selector: `div.css-text-146c3p1.r-fontFamily-36nht7.r-fontSize-n62j09.r-fontWeight-ha6d2y.r-lineHeight-135wba7.r-textAlign-q4m81j.r-color-kgv7a8`
  - Found hardcoded text without i18n key: "Все товары" | Selector: `div.css-text-146c3p1.r-fontFamily-36nht7.r-fontSize-n62j09.r-fontWeight-ha6d2y.r-lineHeight-135wba7.r-textAlign-q4m81j.r-color-kgv7a8`
  - Found hardcoded text without i18n key: "Контакты" | Selector: `div.css-text-146c3p1.r-fontFamily-36nht7.r-fontSize-n62j09.r-fontWeight-ha6d2y.r-lineHeight-135wba7.r-textAlign-q4m81j.r-color-kgv7a8`
  - Found hardcoded text without i18n key: "LOVELY" | Selector: `div.css-text-146c3p1.r-fontFamily-36nht7.r-fontSize-10x49cs.r-fontWeight-b88u0q.r-letterSpacing-ud0q2t.r-lineHeight-1f529hi.r-textTransform-tsynxw.r-color-12zy4o2.r-marginBottom-15zivkp`
  - Found hardcoded text without i18n key: "Product 2-1-1-1 RU" | Selector: `div.css-text-146c3p1.r-WebkitBoxOrient-8akbws.r-display-krxsd3.r-maxWidth-dnmrzs.r-overflow-1qsk4np.r-textOverflow-1udbk01.r-color-kgv7a8.r-fontFamily-36nht7.r-fontSize-1b43r93.r-fontWeight-majxgm.r-lineHeight-14yzgew.r-marginBottom-15zivkp.r-minHeight-2yi16`
  - Found hardcoded text without i18n key: "BARBARA" | Selector: `div.css-text-146c3p1.r-fontFamily-36nht7.r-fontSize-10x49cs.r-fontWeight-b88u0q.r-letterSpacing-ud0q2t.r-lineHeight-1f529hi.r-textTransform-tsynxw.r-color-12zy4o2.r-marginBottom-15zivkp`
  - Found hardcoded text without i18n key: "Product 1-1-2-1 RU11111" | Selector: `div.css-text-146c3p1.r-WebkitBoxOrient-8akbws.r-display-krxsd3.r-maxWidth-dnmrzs.r-overflow-1qsk4np.r-textOverflow-1udbk01.r-color-kgv7a8.r-fontFamily-36nht7.r-fontSize-1b43r93.r-fontWeight-majxgm.r-lineHeight-14yzgew.r-marginBottom-15zivkp.r-minHeight-2yi16`
  - Found hardcoded text without i18n key: "Product 1-2-1-1 RU" | Selector: `div.css-text-146c3p1.r-WebkitBoxOrient-8akbws.r-display-krxsd3.r-maxWidth-dnmrzs.r-overflow-1qsk4np.r-textOverflow-1udbk01.r-color-kgv7a8.r-fontFamily-36nht7.r-fontSize-1b43r93.r-fontWeight-majxgm.r-lineHeight-14yzgew.r-marginBottom-15zivkp.r-minHeight-2yi16`
  - Found hardcoded text without i18n key: "Made by Noren Vox ©" | Selector: `div.css-text-146c3p1.r-color-1cucpzw.r-fontFamily-36nht7.r-fontSize-1enofrn.r-fontWeight-16dba41.r-lineHeight-1cwl3u0`
  - Found hardcoded text without i18n key: "Каталог" | Selector: `div.css-text-146c3p1.r-maxWidth-dnmrzs.r-overflow-1udh08x.r-textOverflow-1udbk01.r-whiteSpace-3s2u2q.r-wordWrap-1iln25a.r-color-12zy4o2.r-fontFamily-36nht7.r-fontSize-1b43r93.r-fontWeight-b88u0q.r-lineHeight-14yzgew.r-flex-13awgt0.r-marginInlineStart-1cwvpvk`
  - Found hardcoded text without i18n key: "Все товары" | Selector: `div.css-text-146c3p1.r-maxWidth-dnmrzs.r-overflow-1udh08x.r-textOverflow-1udbk01.r-whiteSpace-3s2u2q.r-wordWrap-1iln25a.r-color-12zy4o2.r-fontFamily-36nht7.r-fontSize-1b43r93.r-fontWeight-b88u0q.r-lineHeight-14yzgew.r-flex-13awgt0.r-marginInlineStart-1cwvpvk`
  - Found hardcoded text without i18n key: "Контакты" | Selector: `div.css-text-146c3p1.r-maxWidth-dnmrzs.r-overflow-1udh08x.r-textOverflow-1udbk01.r-whiteSpace-3s2u2q.r-wordWrap-1iln25a.r-color-12zy4o2.r-fontFamily-36nht7.r-fontSize-1b43r93.r-fontWeight-b88u0q.r-lineHeight-14yzgew.r-flex-13awgt0.r-marginInlineStart-1cwvpvk`

### Problem: Raw camelCase i18n key found

- URL: `http://localhost:8081/`
  - Found raw camelCase i18n key: "badgeNew" | Selector: `div.css-text-146c3p1.r-fontFamily-36nht7.r-fontSize-10x49cs.r-fontWeight-ha6d2y.r-lineHeight-1cwl3u0.r-includeFontPadding-1rsjblm.r-textAlign-q4m81j`
  - Found raw camelCase i18n key: "offerEndsIn" | Selector: `div.css-text-146c3p1.r-fontFamily-36nht7.r-fontSize-1enofrn.r-fontWeight-16dba41.r-lineHeight-1cwl3u0.r-marginRight-1pcdyqj.r-color-1s7ct43`
