---
type: dynamic-audit
auditor: broken-ui
scope: admin
date: 2026-07-29T14:31:24.482Z
---

### Problem: Element has overflow clipping (`scrollWidth > clientWidth`).

- URL: `http://localhost:8081/admin`
  - Selector: `div.css-view-g5y9jx.r-transitionProperty-1i6wzkk.r-userSelect-lrvibr.r-cursor-1loqt21.r-touchAction-1otgn73.r-alignItems-1awozwy.r-borderRadius-kdyh1x.r-flex-13awgt0.r-height-1pi2tsx.r-justifyContent-1777fci.r-paddingInline-3o4zer.r-zIndex-184en5c`
  - Selector: `div.css-view-g5y9jx.r-alignItems-1awozwy.r-backgroundColor-fj6wrk.r-flexDirection-18u37iz.r-padding-zhp00w.r-position-bnwqim.r-borderRadius-kdyh1x.r-height-mabqd8`
  - Selector: `div.css-view-g5y9jx.r-backgroundColor-14lw9ot.r-borderRadius-1867qdf.r-boxShadow-1alywg8.r-marginBottom-1ifxtd0.r-overflow-1udh08x`
  - Selector: `div.css-view-g5y9jx.r-backgroundColor-11j01x2.r-borderBottomColor-1lu6zvw.r-borderBottomWidth-qklmqi.r-flexDirection-18u37iz.r-paddingBlock-11f147o.r-paddingInline-3o4zer`
  - Selector: `div.css-view-g5y9jx.r-transitionProperty-1i6wzkk.r-userSelect-lrvibr.r-cursor-1loqt21.r-touchAction-1otgn73.r-alignItems-1awozwy.r-flexDirection-18u37iz.r-gap-9aw3ui.r-flex-1j6g5un`
  - Selector: `div.css-view-g5y9jx.r-transitionProperty-1i6wzkk.r-userSelect-lrvibr.r-cursor-1loqt21.r-touchAction-1otgn73.r-alignItems-1awozwy.r-flexDirection-18u37iz.r-gap-9aw3ui.r-flex-41uqdh`
  - Selector: `div.css-view-g5y9jx.r-transitionProperty-1i6wzkk.r-userSelect-lrvibr.r-cursor-1loqt21.r-touchAction-1otgn73.r-alignItems-1awozwy.r-flexDirection-18u37iz.r-gap-9aw3ui.r-flex-1w3sgar`
  - Selector: `div.css-view-g5y9jx.r-marginBlock-l00any.r-marginBottom-6gpygo`
  - Selector: `input.css-textinput-11aywtz.r-placeholderTextColor-6taxm2.r-flex-13awgt0.r-margin-crgep1.r-paddingBlock-1mkv55d.r-backgroundColor-fj6wrk.r-borderColor-1t4g3vi.r-borderRadius-1xfd6ze.r-borderWidth-rs99b7.r-color-kgv7a8.r-height-eu3ka.r-outlineStyle-1ny4l3l.r-paddingInline-3o4zer`
  - Selector: `div.css-view-g5y9jx`
  - Selector: `div.css-view-g5y9jx.r-flex-13awgt0.r-minWidth-qtfnoi`
  - Selector: `div.css-view-g5y9jx.r-marginBlock-l00any`
  - Selector: `div.css-view-g5y9jx.r-flexDirection-18u37iz.r-flexWrap-1w6e6rj.r-gap-f4gmv6.r-marginBottom-1cad53l`
  - Selector: `div.css-view-g5y9jx.r-gap-1cmwbt1.r-marginBottom-6gpygo`
  - Selector: `input.css-textinput-11aywtz.r-placeholderTextColor-6taxm2.r-flex-13awgt0.r-margin-crgep1.r-paddingBlock-1mkv55d.r-backgroundColor-fj6wrk.r-borderRadius-1xfd6ze.r-color-kgv7a8.r-height-eu3ka.r-outlineStyle-1ny4l3l.r-paddingInline-3o4zer`

### Problem: Clickable element is overlapped or intercepted by another element.

- URL: `http://localhost:8081/admin`
  - Selector: `button.css-view-g5y9jx.r-transitionProperty-1i6wzkk.r-userSelect-lrvibr.r-cursor-1loqt21.r-touchAction-1otgn73.r-alignItems-1awozwy.r-borderWidth-rs99b7.r-flexDirection-18u37iz.r-gap-1cmwbt1.r-justifyContent-1777fci.r-borderRadius-kdyh1x.r-height-mabqd8.r-paddingInline-3o4zer.r-backgroundColor-fj6wrk.r-borderColor-1wr2p1e`
  - Selector: `button.css-view-g5y9jx.r-transitionProperty-1i6wzkk.r-userSelect-lrvibr.r-cursor-1loqt21.r-touchAction-1otgn73.r-alignItems-1awozwy.r-borderWidth-rs99b7.r-flexDirection-18u37iz.r-gap-1cmwbt1.r-justifyContent-1777fci.r-borderRadius-1xfd6ze.r-height-eu3ka.r-paddingInline-3pj75a.r-backgroundColor-wt1z2b.r-borderColor-1jl7vqb`
  - Selector: `button.css-view-g5y9jx.r-transitionProperty-1i6wzkk.r-userSelect-lrvibr.r-cursor-1loqt21.r-touchAction-1otgn73.r-alignItems-1awozwy.r-borderWidth-rs99b7.r-flexDirection-18u37iz.r-gap-1cmwbt1.r-justifyContent-1777fci.r-borderRadius-1xfd6ze.r-height-eu3ka.r-paddingInline-3pj75a.r-backgroundColor-11jo552.r-borderColor-en0kqj`
  - Selector: `button.css-view-g5y9jx.r-touchAction-1otgn73.r-alignItems-1awozwy.r-cursor-1loqt21.r-flexDirection-18u37iz.r-justifyContent-1777fci.r-backgroundColor-14lw9ot.r-borderColor-1wr2p1e.r-borderRadius-y47klf.r-borderWidth-1rf8fdq.r-minHeight-15ysp7h.r-paddingBlock-vuvdlw.r-paddingInline-3o4zer`
  - Selector: `button.css-view-g5y9jx.r-transitionProperty-1i6wzkk.r-userSelect-lrvibr.r-cursor-1loqt21.r-touchAction-1otgn73.r-alignItems-1awozwy.r-borderWidth-rs99b7.r-flexDirection-18u37iz.r-gap-1cmwbt1.r-justifyContent-1777fci.r-borderRadius-1xfd6ze.r-height-eu3ka.r-paddingInline-3pj75a.r-backgroundColor-fj6wrk.r-borderColor-1wr2p1e`
  - Selector: `button.css-view-g5y9jx.r-transitionProperty-1i6wzkk.r-userSelect-lrvibr.r-cursor-1loqt21.r-touchAction-1otgn73.r-alignItems-1awozwy.r-borderWidth-rs99b7.r-flexDirection-18u37iz.r-gap-1cmwbt1.r-justifyContent-1777fci.r-borderRadius-1xfd6ze.r-height-eu3ka.r-paddingInline-3pj75a.r-backgroundColor-1bbz6r5.r-borderColor-1fvvsgw`
  - Selector: `button.css-view-g5y9jx.r-transitionProperty-1i6wzkk.r-userSelect-lrvibr.r-cursor-1loqt21.r-touchAction-1otgn73.r-alignItems-1awozwy.r-borderWidth-rs99b7.r-flexDirection-18u37iz.r-gap-1cmwbt1.r-justifyContent-1777fci.r-borderRadius-1867qdf.r-height-h3s6tt.r-paddingInline-cxgwc0.r-backgroundColor-wt1z2b.r-borderColor-1jl7vqb.r-minWidth-19mqnvc`
