---
type: dynamic-audit
auditor: runtime-health
scope: public
date: 2026-07-27T23:30:33.664Z
---

### Problem: Network request failure

- URL: `http://localhost:8081/`
  - Network failure (400): POST https://identitytoolkit.googleapis.com/v1/accounts:signUp?key=AIzaSyCbiYIQqsi60MxBf4bf-aGgJ_qgDI1_r3w

### Problem: Browser console error

- URL: `http://localhost:8081/`
  - Browser console.error: Failed to load resource: the server responded with a status of 400 ()

### Problem: Unhandled page exception

- URL: `http://localhost:8081/`
  - Unhandled exception: colors is not defined
  - Unhandled exception: useErrorHandler is not defined
  - Unhandled exception: Unable to resolve module ../../hooks/useLoginForm from D:\Magazine\_PigmentShop\src\features\auth\LoginPage.js: 

None of these files exist:
  * src\hooks\useLoginForm(.web.ts|.ts|.web.tsx|.tsx|.web.mjs|.mjs|.web.js|.js|.web.jsx|.jsx|.web.json|.json|.web.cjs|.cjs|.web.scss|.scss|.web.sass|.sass|.web.css|.css)
  * src\hooks\useLoginForm
   6 | import { useLanguage } from '../../context/LanguageContext';
   7 | import { useTheme } from '../../context/ThemeContext';
>  8 | import { useLoginForm } from '../../hooks/useLoginForm';
     |                               ^
   9 | import { colors } from '../../theme/tokens';
  10 | import { FieldInput } from '../admin/SharedFormComponents';
  11 | import Footer from '../shell/components/Footer';
  - Unhandled exception: Unable to resolve module ../context/AuthContext from D:\Magazine\_PigmentShop\src\features\auth\useLoginForm.js: 

None of these files exist:
  * src\features\context\AuthContext(.web.ts|.ts|.web.tsx|.tsx|.web.mjs|.mjs|.web.js|.js|.web.jsx|.jsx|.web.json|.json|.web.cjs|.cjs|.web.scss|.scss|.web.sass|.sass|.web.css|.css)
  * src\features\context\AuthContext
  1 | import { useLocalSearchParams, useRouter } from 'expo-router';
  2 | import { useEffect, useState } from 'react';
> 3 | import { useAuth } from '../../context/AuthContext';
    | ^^^^^^^^^^^^^^^^^^^^^^^^^^^^^^^^^^^^^^^^^^^^^^^^^
  4 | import { useAuthValidation } from '../hooks/useAuthValidation';
  5 | import { useErrorHandler } from '../hooks/useErrorHandler';
  6 |
  - Unhandled exception: Unable to resolve module ../hooks/useAuthValidation from D:\Magazine\_PigmentShop\src\features\auth\useLoginForm.js: 

None of these files exist:
  * src\features\hooks\useAuthValidation(.web.ts|.ts|.web.tsx|.tsx|.web.mjs|.mjs|.web.js|.js|.web.jsx|.jsx|.web.json|.json|.web.cjs|.cjs|.web.scss|.scss|.web.sass|.sass|.web.css|.css)
  * src\features\hooks\useAuthValidation
  2 | import { useEffect, useState } from 'react';
  3 | import { useAuth } from '../../context/AuthContext';
> 4 | import { useAuthValidation } from '../hooks/useAuthValidation';
    |                                    ^
  5 | import { useErrorHandler } from '../hooks/useErrorHandler';
  6 |
  7 | export function useLoginForm() {
  - Unhandled exception: Unable to resolve module ../../hooks/useOrders from D:\Magazine\_PigmentShop\src\features\orders\OrdersPage.js: 

None of these files exist:
  * src\hooks\useOrders(.web.ts|.ts|.web.tsx|.tsx|.web.mjs|.mjs|.web.js|.js|.web.jsx|.jsx|.web.json|.json|.web.cjs|.cjs|.web.scss|.scss|.web.sass|.sass|.web.css|.css)
  * src\hooks\useOrders
   5 | import { useTheme } from '../../context/ThemeContext';
   6 | import useGridLayout from '../../hooks/useGridLayout';
>  7 | import { useOrders } from '../../hooks/useOrders';
     |                            ^
   8 | import PageScrollLayout from '../shell/PageScrollLayout';
   9 | import OrderCard from './components/OrderCard';
  10 | import styles from './OrdersPageStyles';
  - Unhandled exception: Unable to resolve module ../../hooks/useOrders from D:\Magazine\_PigmentShop\src\features\orders\OrdersPage.js: 

None of these files exist:
  * src\hooks\useOrders(.web.ts|.ts|.web.tsx|.tsx|.web.mjs|.mjs|.web.js|.js|.web.jsx|.jsx|.web.json|.json|.web.cjs|.cjs|.web.scss|.scss|.web.sass|.sass|.web.css|.css)
  * src\hooks\useOrders
   5 | import { useTheme } from '../../context/ThemeContext';
   6 | import useGridLayout from '../../hooks/useGridLayout';
>  7 | import PageScrollLayout from '../shell/PageScrollLayout';
     | ^^^^^^^^^^^^^^^^^^^^^^^^^^^^^^^^^^^^^^^^^^^^^^^^^^
   8 | import OrderCard from './components/OrderCard';
   9 | import styles from './OrdersPageStyles';
  10 | import { useOrders } from './useOrders';
  - Unhandled exception: Unable to resolve module ../services/firebase from D:\Magazine\_PigmentShop\src\features\orders\useOrders.js: 

None of these files exist:
  * src\features\services\firebase(.web.ts|.ts|.web.tsx|.tsx|.web.mjs|.mjs|.web.js|.js|.web.jsx|.jsx|.web.json|.json|.web.cjs|.cjs|.web.scss|.scss|.web.sass|.sass|.web.css|.css)
  * src\features\services\firebase
  1 | import { collection, onSnapshot, orderBy, query, where } from 'firebase/firestore';
  2 | import { useEffect, useState } from 'react';
> 3 | import { db } from '../services/firebase';
    |                     ^
  4 | import { COLLECTIONS } from '../services/collections';
  5 |
  6 | function sortByCreatedAtDesc(a, b) {
