===================================================================
     7. LAYER ARCHITECTURE & CYCLIC IMPORTS REPORT                 
Timestamp: 26.07.2026, 20:40:47
===================================================================

Found 19 violation(s):

1. [PROHIBITED_LAYER_IMPORT]
   Target:  src/components/Admin/AdminPanel.js
   Details: Shared UI component imports from higher-level layer: ../../services/adminDomain

2. [PROHIBITED_LAYER_IMPORT]
   Target:  src/components/Admin/Analytics/AnalyticsDashboard.js
   Details: Shared UI component imports from higher-level layer: ../../../services/firebase

3. [PROHIBITED_LAYER_IMPORT]
   Target:  src/components/Admin/Analytics/AnalyticsDashboard.js
   Details: Shared UI component imports from higher-level layer: ../../../data/adminAnalytics

4. [PROHIBITED_LAYER_IMPORT]
   Target:  src/components/Admin/Analytics/AnalyticsDashboard.js
   Details: Shared UI component imports from higher-level layer: ../../../services/collections

5. [PROHIBITED_LAYER_IMPORT]
   Target:  src/components/Admin/Banners/useBannersWorkflow.js
   Details: Shared UI component imports from higher-level layer: ../../../services/adminDomain

6. [PROHIBITED_LAYER_IMPORT]
   Target:  src/components/Admin/Banners/useBannersWorkflow.js
   Details: Shared UI component imports from higher-level layer: ../../../data/catalogState

7. [PROHIBITED_LAYER_IMPORT]
   Target:  src/components/Admin/Categories/categoryFormLogic.js
   Details: Shared UI component imports from higher-level layer: ../../../services/adminCategoriesTransforms

8. [PROHIBITED_LAYER_IMPORT]
   Target:  src/components/Admin/Categories/useCategoriesWorkflow.js
   Details: Shared UI component imports from higher-level layer: ../../../services/adminDomain

9. [PROHIBITED_LAYER_IMPORT]
   Target:  src/components/Admin/Categories/useCategoriesWorkflow.js
   Details: Shared UI component imports from higher-level layer: ../../../services/adminCategoriesTransforms

10. [PROHIBITED_LAYER_IMPORT]
   Target:  src/components/Admin/Orders/OrderDetails.js
   Details: Shared UI component imports from higher-level layer: ../../../services/adminOrdersService

11. [PROHIBITED_LAYER_IMPORT]
   Target:  src/components/Admin/Orders/OrdersManager.js
   Details: Shared UI component imports from higher-level layer: ../../../services/adminOrdersService

12. [PROHIBITED_LAYER_IMPORT]
   Target:  src/components/Admin/Products/useProductsWorkflow.js
   Details: Shared UI component imports from higher-level layer: ../../../services/adminDomain

13. [PROHIBITED_LAYER_IMPORT]
   Target:  src/components/Admin/Products/useProductsWorkflow.js
   Details: Shared UI component imports from higher-level layer: ../../../services/adminProductsTransforms

14. [PROHIBITED_LAYER_IMPORT]
   Target:  src/components/Admin/shared/adminSharedService.js
   Details: Shared UI component imports from higher-level layer: ../../../services/firebase

15. [PROHIBITED_LAYER_IMPORT]
   Target:  src/components/Admin/shared/adminSharedService.js
   Details: Shared UI component imports from higher-level layer: ../../../services/collections

16. [PROHIBITED_LAYER_IMPORT]
   Target:  src/components/Admin/Users/UserDetails.js
   Details: Shared UI component imports from higher-level layer: ../../../services/adminUsersService

17. [PROHIBITED_LAYER_IMPORT]
   Target:  src/components/Admin/Users/UserOrdersList.js
   Details: Shared UI component imports from higher-level layer: ../../../features/orders/components/OrderCard

18. [PROHIBITED_LAYER_IMPORT]
   Target:  src/components/Admin/Users/UsersManager.js
   Details: Shared UI component imports from higher-level layer: ../../../services/adminUsersService

19. [PROHIBITED_LAYER_IMPORT]
   Target:  src/components/SharedLayoutWrapper.js
   Details: Shared UI component imports from higher-level layer: ../features/shell/components/Footer

