===================================================================
               8. MAGIC NUMBERS REPORT                             
Timestamp: 26.07.2026, 20:58:27
===================================================================

Found 156 magic number issue(s) across 47 file(s):

File: src\AppStyles.js
  L92    Off-grid paddingVertical: 14px
  L105   Off-grid marginBottom: 6px

File: src\components\Admin\AdminPanel.js
  L79    Off-grid marginRight: 6px

File: src\components\Admin\AdminPanelStyles.js
  L25    Off-grid gap: 10px
  L28    Off-grid padding: 6px
  L39    Off-grid gap: 6px
  L41    Off-grid paddingHorizontal: 14px

File: src\components\Admin\Analytics\AnalyticsStyles.js
  L26    Off-grid padding: 18px
  L34    Off-grid marginBottom: 10px
  L70    Off-grid marginBottom: 10px
  L74    Off-grid marginRight: 10px
  L103   Off-grid marginBottom: 6px
  L142   Off-grid paddingVertical: 10px

File: src\components\Admin\Analytics\DateRangeCalendarStyles.js
  L42    Off-grid marginBottom: 6px
  L59    Off-grid marginVertical: 1px

File: src\components\Admin\Banners\BannersStyles.js
  L76    Off-grid gap: 10px
  L168   Off-grid gap: 14px

File: src\components\Admin\Categories\CategoriesStyles.js
  L40    Off-grid paddingHorizontal: 14px
  L56    Off-grid marginBottom: 10px
  L61    Off-grid paddingHorizontal: 14px
  L89    Off-grid paddingVertical: 10px
  L123   Off-grid gap: 6px
  L142   Off-grid marginTop: 1px
  L146   Off-grid marginTop: 3px
  L147   Off-grid paddingHorizontal: 7px
  L162   Off-grid paddingHorizontal: 6px
  L209   Off-grid paddingVertical: 14px

File: src\components\Admin\Categories\CategoryFormStyles.js
  L97    Off-grid marginBottom: 10px
  L106   Off-grid marginBottom: 14px
  L111   Off-grid marginBottom: 14px
  L115   Off-grid marginBottom: 5px
  L136   Off-grid paddingVertical: 10px
  L167   Off-grid paddingHorizontal: 14px
  L186   Off-grid paddingHorizontal: 14px
  L187   Off-grid paddingVertical: 10px
  L197   Off-grid paddingHorizontal: 10px

File: src\components\Admin\Categories\CategoryProductSection.js
  L23    Off-grid paddingHorizontal: 10px
  L58    Off-grid gap: 6px

File: src\components\Admin\Categories\CategoryRow.js
  L29    Off-grid gap: 6px

File: src\components\Admin\Media\MediaBrowserComponents.js
  L23    Off-grid marginRight: 6px

File: src\components\Admin\Media\MediaBrowserStyles.js
  L26    Off-grid paddingVertical: 14px
  L36    Off-grid paddingVertical: 6px
  L73    Off-grid paddingVertical: 10px
  L79    Off-grid paddingVertical: 6px
  L103   Off-grid gap: 10px
  L123   Off-grid paddingHorizontal: 6px
  L138   Off-grid gap: 10px
  L144   Off-grid paddingVertical: 10px
  L155   Off-grid paddingVertical: 10px

File: src\components\Admin\Orders\OrdersStyles.js
  L75    Off-grid gap: 6px
  L109   Off-grid marginBottom: 3px
  L161   Off-grid marginBottom: 6px
  L169   Off-grid marginBottom: 10px
  L175   Off-grid marginBottom: 6px
  L192   Off-grid paddingVertical: 6px
  L229   Off-grid paddingVertical: 10px
  L240   Off-grid paddingVertical: 10px
  L247   Off-grid paddingVertical: 10px
  L250   Off-grid marginBottom: 10px

File: src\components\Admin\Orders\OrderStatusDropdownMenu.js
  L33    Off-grid paddingVertical: 10px

File: src\components\Admin\Orders\OrderStatusSelector.js
  L53    Off-grid marginBottom: 10px

File: src\components\Admin\Products\MobileProductRow.js
  L58    Off-grid gap: 6px

File: src\components\Admin\Products\ProductFormStyles.js
  L65    Off-grid marginBottom: 14px
  L73    Off-grid marginBottom: 5px
  L94    Off-grid paddingVertical: 10px
  L114   Off-grid gap: 10px
  L115   Off-grid marginBottom: 14px
  L143   Off-grid paddingVertical: 10px
  L152   Off-grid paddingVertical: 10px

File: src\components\Admin\Products\ProductsStyles.js
  L27    Off-grid paddingHorizontal: 14px
  L52    Off-grid gap: 6px
  L55    Off-grid paddingVertical: 11px
  L56    Off-grid paddingHorizontal: 18px
  L65    Off-grid gap: 10px
  L72    Off-grid gap: 6px
  L103   Off-grid paddingVertical: 6px
  L120   Off-grid gap: 10px
  L127   Off-grid gap: 10px
  L167   Off-grid marginTop: 10px
  L193   Off-grid paddingVertical: 10px
  L194   Off-grid paddingHorizontal: 14px
  L202   Off-grid gap: 10px
  L237   Off-grid marginTop: 1px
  L242   Off-grid paddingHorizontal: 5px
  L243   Off-grid paddingVertical: 1px
  L252   Off-grid marginTop: 3px
  L268   Off-grid paddingVertical: 3px
  L287   Off-grid paddingVertical: 14px

File: src\components\Admin\SharedFormComponents.js
  L9     Off-grid gap: 6px

File: src\components\Admin\Users\UserRow.js
  L21    Off-grid gap: 6px
  L58    Off-grid gap: 6px

File: src\components\Admin\Users\UsersStyles.js
  L25    Off-grid paddingHorizontal: 10px
  L64    Off-grid paddingVertical: 14px
  L163   Off-grid marginBottom: 10px
  L170   Off-grid paddingVertical: 10px
  L200   Off-grid paddingVertical: 14px
  L220   Off-grid gap: 6px

File: src\components\Badge\BadgeStyles.js
  L6     Off-grid paddingHorizontal: 6px
  L11    Off-grid paddingHorizontal: 6px
  L16    Off-grid paddingHorizontal: 10px
  L21    Off-grid paddingHorizontal: 10px
  L26    Off-grid paddingHorizontal: 14px
  L27    Off-grid paddingVertical: 6px
  L31    Off-grid paddingHorizontal: 14px
  L32    Off-grid paddingVertical: 6px

File: src\components\Button\ChipButton.js
  L77    Off-grid gap: 6px

File: src\components\Card\CardStyles.js
  L82    Off-grid marginBottom: 6px

File: src\components\DataTable\DataTable.styles.js
  L43    Off-grid paddingVertical: 10px

File: src\components\Flag\FlagStyles.js
  L68    Off-grid paddingHorizontal: 14px
  L69    Off-grid paddingVertical: 6px

File: src\components\Navigation\Breadcrumbs\BreadcrumbStyles.js
  L22    Off-grid marginHorizontal: 6px

File: src\components\Search\SearchDropdown.js
  L46    Off-grid padding: 14px
  L57    Off-grid padding: 10px

File: src\components\TextField\TextFieldStyles.js
  L7     Off-grid paddingHorizontal: 10px
  L35    Off-grid marginBottom: 6px
  L73    Off-grid paddingVertical: 10px

File: src\features\auth\LoginPageStyles.js
  L36    Off-grid marginBottom: 6px

File: src\features\cart\CartItem.js
  L79    Off-grid marginVertical: 6px

File: src\features\cart\CartViewStyles.js
  L21    Off-grid marginBottom: 6px
  L42    Off-grid marginTop: 10px
  L94    Off-grid marginTop: 6px
  L131   Off-grid marginTop: 6px

File: src\features\catalog\CatalogFilterSidebarStyles.js
  L20    Off-grid marginBottom: 6px
  L40    Off-grid paddingVertical: 6px

File: src\features\catalog\PriceRangeSlider.js
  L154   Off-grid paddingHorizontal: 10px

File: src\features\contact\ContactPageStyles.js
  L41    Off-grid gap: 10px
  L66    Off-grid marginBottom: 10px
  L71    Off-grid padding: 14px

File: src\features\home\components\FeaturedSections.js
  L97    Off-grid marginRight: 6px
  L112   Off-grid padding: 18px
  L144   Off-grid paddingVertical: 3px
  L146   Off-grid marginRight: 10px

File: src\features\orders\OrdersPageStyles.js
  L92    Off-grid paddingVertical: 6px
  L130   Off-grid marginBottom: 6px

File: src\features\product\ProductCardStyles.js
  L53    Off-grid gap: 6px

File: src\features\product\ProductPageStyles.js
  L16    Off-grid paddingBottom: 60px
  L57    Off-grid marginBottom: 10px

File: src\features\product\ProductReviewsStyles.js
  L19    Off-grid marginBottom: 6px
  L113   Off-grid marginBottom: 6px

File: src\features\profile\ProfileFormCard.js
  L52    Off-grid marginTop: 6px

File: src\features\profile\ProfilePageStyles.js
  L60    Off-grid marginTop: 6px

File: src\features\shell\AppHeader\AppHeaderStyles.js
  L74    Off-grid padding: 6px
  L136   Off-grid paddingVertical: 6px
  L137   Off-grid paddingHorizontal: 10px
  L166   Off-grid paddingHorizontal: 10px

File: src\features\shell\components\Footer.js
  L29    Off-grid paddingTop: 5px
  L30    Off-grid paddingBottom: 3px

File: src\features\shell\NavMenu\CategoryTreeNodeButtons.js
  L29    Off-grid paddingVertical: 10px

File: src\features\shell\NavMenu\LanguageSelector.js
  L18    Off-grid paddingVertical: 10px
  L31    Off-grid marginRight: 10px
  L61    Off-grid gap: 10px

File: src\features\shell\NavMenu\NavMenuStyles.js
  L41    Off-grid padding: 6px
  L46    Off-grid padding: 6px
  L60    Off-grid paddingVertical: 13px
  L65    Off-grid marginLeft: 10px
  L107   Off-grid paddingBottom: 28px

