===================================================================
         3. HARDCODED STYLES, COLORS & SPACING REPORT              
Timestamp: 27.07.2026, 01:50:13
===================================================================

Found 168 issue(s) across 60 file(s):

File: src\AppStyles.js
  L113   [HARDCODED_SPACING] paddingHorizontal 0px -> paddingHorizontal: 0,

File: src\components\Admin\Analytics\CalendarDayCell.js
  L109   [INLINE_STYLE] <View style={cellStyles}>
  L111   [INLINE_STYLE] style={buttonStyles}
  L117   [INLINE_STYLE] <Text variant="body2" weight={weight} style={textStyles}>{cell.dayLabel}</Text>

File: src\components\Admin\SharedFormComponents.js
  L23    [INLINE_STYLE] <View style={resolvedStyles.row}>
  L25    [INLINE_STYLE] {label && <Text style={resolvedStyles.text}>{label}</Text>}

File: src\components\Badge\Badge.js
  L74    [INLINE_STYLE] <Animated.View style={combinedContainerStyle}>
  L90    [INLINE_STYLE] <Animated.View ref={ref} style={combinedContainerStyle} {...rest}>

File: src\components\Button\Button.js
  L50    [INLINE_STYLE] : title ? <Text style={textCombinedStyle} size={size} weight="semiBold">{title}</Text> : null}
  L60    [INLINE_STYLE] style={containerStyle}

File: src\components\Button\IconButton.js
  L56    [INLINE_STYLE] style={combinedStyle}

File: src\components\Card\BaseCard.js
  L53    [INLINE_STYLE] style={style}
  L72    [INLINE_STYLE] style={style}

File: src\components\Card\Card.js
  L42    [INLINE_STYLE] <Animated.View style={combinedStyle}>
  L47    [INLINE_STYLE] style={staticStyles.touchable}
  L61    [INLINE_STYLE] <View ref={ref} style={combinedStyle} {...rest}>
  L70    [INLINE_STYLE] <View style={slotStyles.imageContainer}>

File: src\components\Card\InteractiveCard.js
  L71    [INLINE_STYLE] <ScrollFadeUp ref={ref} style={computedOuterStyle}>
  L72    [INLINE_STYLE] <Animated.View style={innerStyle}>
  L75    [INLINE_STYLE] style={staticStyles.touchable}
  L91    [INLINE_STYLE] <CardShadow hoverAnim={hoverAnim} isDark={isDark} lightBgColor={defaultLightBg} style={{ width: cardWidth, height: cardHeight, borderRadius }} />

File: src\components\Card\NavigationCard.js
  L15    [INLINE_STYLE] style={style}

File: src\components\Card\StaticCard.js
  L55    [INLINE_STYLE] <ScrollFadeUp ref={ref} style={computedStyle} {...rest}>

File: src\components\DataTable\EmptyState.js
  L10    [INLINE_STYLE] <GlobalEmptyState style={style}>

File: src\components\Drawer\Drawer.js
  L11    [INLINE_STYLE] {title ? <Text variant="h4" style={titleStyle}>{title}</Text> : null}

File: src\components\icons\AppIcons.js
  L23    [INLINE_STYLE] <svg width={size} height={size} viewBox="0 0 24 24" fill="none" stroke={getThemeColor(color)} strokeWidth="2" strokeLinecap="round" strokeLinejoin="round" style={appIconStyles.getSvg(style)} {...props}>
  L36    [INLINE_STYLE] return <RNText style={appIconStyles.getText(color, size, style)} {...props}>☀️</RNText>;
  L42    [INLINE_STYLE] <svg width={size} height={size} viewBox="0 0 24 24" fill="none" stroke={getThemeColor(color)} strokeWidth="2" strokeLinecap="round" strokeLinejoin="round" style={appIconStyles.getSvg(style)} {...props}>
  L47    [INLINE_STYLE] return <RNText style={appIconStyles.getText(color, size, style)} {...props}>🌙</RNText>;
  L61    [INLINE_STYLE] <svg width={size} height={size} viewBox="0 0 24 24" fill="none" stroke={getThemeColor(color)} strokeWidth="2" strokeLinecap="round" strokeLinejoin="round" style={appIconStyles.getSvg(style)} {...props}>
  L68    [INLINE_STYLE] return <RNText style={appIconStyles.getText(color, size, style)} {...props}>🌐</RNText>;
  L74    [INLINE_STYLE] <svg width={size} height={size} viewBox="0 0 24 24" fill="none" stroke={getThemeColor(color)} strokeWidth="2" strokeLinecap="round" strokeLinejoin="round" style={appIconStyles.getSvg(style)} {...props}>
  L81    [INLINE_STYLE] return <RNText style={appIconStyles.getText(color, size, style)} {...props}>👜</RNText>;
  L87    [INLINE_STYLE] <svg width={size} height={size} viewBox="0 0 24 24" fill="none" stroke={getThemeColor(color)} strokeWidth="2" strokeLinecap="round" strokeLinejoin="round" style={appIconStyles.getSvg(style)} {...props}>
  L93    [INLINE_STYLE] return <RNText style={appIconStyles.getText(color, size, style)} {...props}>👤</RNText>;
  L99    [INLINE_STYLE] <svg width={size} height={size} viewBox="0 0 24 24" fill="none" stroke={getThemeColor(color)} strokeWidth="2" strokeLinecap="round" strokeLinejoin="round" style={appIconStyles.getSvg(style)} {...props}>
  L106   [INLINE_STYLE] return <RNText style={appIconStyles.getText(color, size, style)} {...props}>🛒</RNText>;
  L112   [INLINE_STYLE] <svg width={size} height={size} viewBox="0 0 24 24" fill={filled ? getThemeColor(color) : 'none'} stroke={getThemeColor(color)} strokeWidth="2" strokeLinecap="round" strokeLinejoin="round" style={appIconStyles.getSvg(style)} {...props}>
  L117   [INLINE_STYLE] return <RNText style={appIconStyles.getText(color, size, style)} {...props}>{filled ? '❤️' : '♡'}</RNText>;
  L123   [INLINE_STYLE] <svg width={size} height={size} viewBox="0 0 24 24" fill="none" stroke={getThemeColor(color)} strokeWidth="2" strokeLinecap="round" strokeLinejoin="round" style={appIconStyles.getSvg(style)} {...props}>
  L129   [INLINE_STYLE] return <RNText style={appIconStyles.getText(color, size, style)} {...props}>✉</RNText>;
  L135   [INLINE_STYLE] <svg width={size} height={size} viewBox="0 0 24 24" fill="none" stroke={getThemeColor(color)} strokeWidth="2" strokeLinecap="round" strokeLinejoin="round" style={appIconStyles.getSvg(style)} {...props}>
  L141   [INLINE_STYLE] return <RNText style={appIconStyles.getText(color, size, style)} {...props}>🏷️</RNText>;
  L147   [INLINE_STYLE] <svg width={size} height={size} viewBox="0 0 24 24" fill="none" stroke={getThemeColor(color)} strokeWidth="2" strokeLinecap="round" strokeLinejoin="round" style={appIconStyles.getSvg(style)} {...props}>
  L153   [INLINE_STYLE] return <RNText style={appIconStyles.getText(color, size, style)} {...props}>🔍</RNText>;
  L159   [INLINE_STYLE] <svg width={size} height={size} viewBox="0 0 24 24" fill="none" stroke={getThemeColor(color)} strokeWidth="2" strokeLinecap="round" strokeLinejoin="round" style={appIconStyles.getSvg(style)} {...props}>
  L165   [INLINE_STYLE] return <RNText style={appIconStyles.getText(color, size, style)} {...props}>🏠</RNText>;
  L171   [INLINE_STYLE] <svg width={size} height={size} viewBox="0 0 24 24" fill="none" stroke={getThemeColor(color)} strokeWidth="2" strokeLinecap="round" strokeLinejoin="round" style={appIconStyles.getSvg(style)} {...props}>
  L179   [INLINE_STYLE] return <RNText style={appIconStyles.getText(color, size, style)} {...props}>🗂️</RNText>;
  L185   [INLINE_STYLE] <svg width={size} height={size} viewBox="0 0 24 24" fill="none" stroke={getThemeColor(color)} strokeWidth="2" strokeLinecap="round" strokeLinejoin="round" style={appIconStyles.getSvg(style)} {...props}>
  L191   [INLINE_STYLE] return <RNText style={appIconStyles.getText(color, size, style)} {...props}>$</RNText>;

File: src\components\icons\CategoryIcons.js
  L26    [INLINE_STYLE] <svg width={size} height={size} viewBox="0 0 24 24" fill="none" stroke={getThemeColor(color)} strokeWidth="2" strokeLinecap="round" strokeLinejoin="round" style={getSvgStyle(style)} {...props}>
  L39    [INLINE_STYLE] <svg width={size} height={size} viewBox="0 0 24 24" fill="none" stroke={getThemeColor(color)} strokeWidth="2" strokeLinecap="round" strokeLinejoin="round" style={getSvgStyle(style)} {...props}>
  L55    [INLINE_STYLE] <svg width={size} height={size} viewBox="0 0 24 24" fill="none" stroke={getThemeColor(color)} strokeWidth="2" strokeLinecap="round" strokeLinejoin="round" style={getSvgStyle(style)} {...props}>
  L68    [INLINE_STYLE] <svg width={size} height={size} viewBox="0 0 24 24" fill="none" stroke={getThemeColor(color)} strokeWidth="2" strokeLinecap="round" strokeLinejoin="round" style={getSvgStyle(style)} {...props}>
  L80    [INLINE_STYLE] <svg width={size} height={size} viewBox="0 0 24 24" fill="none" stroke={getThemeColor(color)} strokeWidth="2" strokeLinecap="round" strokeLinejoin="round" style={getSvgStyle(style)} {...props}>

File: src\components\icons\ControlIcons.js
  L29    [INLINE_STYLE] <svg width={size} height={size} viewBox="0 0 24 24" fill="none" stroke={getThemeColor(color)} strokeWidth="2" strokeLinecap="round" strokeLinejoin="round" style={getSvgStyle(style)} {...props}>
  L34    [INLINE_STYLE] return <RNText style={getTextStyle(color, size, style)} {...props}>✓</RNText>;
  L40    [INLINE_STYLE] <svg width={size} height={size} viewBox="0 0 24 24" fill="none" stroke={getThemeColor(color)} strokeWidth="2" strokeLinecap="round" strokeLinejoin="round" style={getSvgStyle(style)} {...props}>
  L46    [INLINE_STYLE] return <RNText style={getTextStyle(color, size, style)} {...props}>✗</RNText>;
  L53    [INLINE_STYLE] <svg width={size} height={size} viewBox="0 0 24 24" fill="none" stroke={getThemeColor(color)} strokeWidth="2.5" strokeLinecap="round" strokeLinejoin="round" style={getSvgStyle(style)} {...props}>
  L59    [INLINE_STYLE] return <RNText style={getTextStyle(color, size, style)} {...props}>←</RNText>;
  L65    [INLINE_STYLE] <svg width={size} height={size} viewBox="0 0 24 24" fill="none" stroke={getThemeColor(color)} strokeWidth="2.5" strokeLinecap="round" strokeLinejoin="round" style={getSvgStyle(style)} {...props}>
  L71    [INLINE_STYLE] return <RNText style={getTextStyle(color, size, style)} {...props}>→</RNText>;
  L77    [INLINE_STYLE] <svg width={size} height={size} viewBox="0 0 24 24" fill="none" stroke={getThemeColor(color)} strokeWidth="2" strokeLinecap="round" strokeLinejoin="round" style={getSvgStyle(style)} {...props}>
  L82    [INLINE_STYLE] return <RNText style={getTextStyle(color, size, style)} {...props}>◀</RNText>;
  L88    [INLINE_STYLE] <svg width={size} height={size} viewBox="0 0 24 24" fill="none" stroke={getThemeColor(color)} strokeWidth="2" strokeLinecap="round" strokeLinejoin="round" style={getSvgStyle(style)} {...props}>
  L93    [INLINE_STYLE] return <RNText style={getTextStyle(color, size, style)} {...props}>▶</RNText>;
  L99    [INLINE_STYLE] <svg width={size} height={size} viewBox="0 0 24 24" fill="none" stroke={getThemeColor(color)} strokeWidth="2" strokeLinecap="round" strokeLinejoin="round" style={getSvgStyle(style)} {...props}>
  L104   [INLINE_STYLE] return <RNText style={getTextStyle(color, size, style)} {...props}>▼</RNText>;
  L110   [INLINE_STYLE] <svg width={size} height={size} viewBox="0 0 24 24" fill="none" stroke={getThemeColor(color)} strokeWidth="2" strokeLinecap="round" strokeLinejoin="round" style={getSvgStyle(style)} {...props}>
  L116   [INLINE_STYLE] return <RNText style={getTextStyle(color, size, style)} {...props}>👁️</RNText>;
  L122   [INLINE_STYLE] <svg width={size} height={size} viewBox="0 0 24 24" fill="none" stroke={getThemeColor(color)} strokeWidth="2" strokeLinecap="round" strokeLinejoin="round" style={getSvgStyle(style)} {...props}>
  L128   [INLINE_STYLE] return <RNText style={getTextStyle(color, size, style)} {...props}>🙈</RNText>;
  L134   [INLINE_STYLE] <svg width={size} height={size} viewBox="0 0 24 24" fill="none" stroke={getThemeColor(color)} strokeWidth="2" strokeLinecap="round" strokeLinejoin="round" style={getSvgStyle(style)} {...props}>
  L139   [INLINE_STYLE] return <RNText style={getTextStyle(color, size, style)} {...props}>🔄</RNText>;
  L145   [INLINE_STYLE] <svg width={size} height={size} viewBox="0 0 24 24" fill="none" stroke={getThemeColor(color)} strokeWidth="2" strokeLinecap="round" strokeLinejoin="round" style={getSvgStyle(style)} {...props}>
  L152   [INLINE_STYLE] return <RNText style={getTextStyle(color, size, style)} {...props}>📁</RNText>;
  L158   [INLINE_STYLE] <svg width={size} height={size} viewBox="0 0 24 24" fill="none" stroke={getThemeColor(color)} strokeWidth="2.5" strokeLinecap="round" strokeLinejoin="round" style={getSvgStyle(style)} {...props}>
  L165   [INLINE_STYLE] return <RNText style={getTextStyle(color, size, style)} {...props}>⚠️</RNText>;
  L171   [INLINE_STYLE] <svg width={size} height={size} viewBox="0 0 24 24" fill="none" stroke={getThemeColor(color)} strokeWidth="2" strokeLinecap="round" strokeLinejoin="round" style={getSvgStyle(style)} {...props}>
  L177   [INLINE_STYLE] return <RNText style={getTextStyle(color, size, style)} {...props}>✏️</RNText>;
  L183   [INLINE_STYLE] <svg width={size} height={size} viewBox="0 0 24 24" fill="none" stroke={getThemeColor(color)} strokeWidth="2" strokeLinecap="round" strokeLinejoin="round" style={getSvgStyle(style)} {...props}>
  L189   [INLINE_STYLE] return <RNText style={getTextStyle(color, size, style)} {...props}>🗑️</RNText>;

File: src\components\Media\GifRenderer.js
  L13    [INLINE_STYLE] style={StyleSheet.flatten([
  L40    [INLINE_STYLE] style={style}

File: src\components\Media\VideoRenderer.js
  L79    [INLINE_STYLE] style={StyleSheet.flatten([

File: src\components\Navigation\Breadcrumbs\Breadcrumb.js
  L20    [INLINE_STYLE] <Text style={textStyle} size="sm" weight="medium" numberOfLines={1}>
  L29    [INLINE_STYLE] <Text style={textStyle} size="sm" weight="medium" numberOfLines={1}>

File: src\components\Navigation\NavigationStyles.js
  L12    [HARDCODED_SPACING] paddingHorizontal 0px -> paddingHorizontal: 0,

File: src\components\Search\AutocompleteSearch.js
  L69    [INLINE_STYLE] <View style={SearchStyles.autocompleteContainer}>

File: src\components\Search\SearchDropdown.js
  L29    [INLINE_STYLE] <Image source={{ uri: item.image }} style={SearchStyles.resultImage} />
  L46    [INLINE_STYLE] <View style={SearchStyles.dropdownOverlay}>
  L75    [INLINE_STYLE] <View style={SearchStyles.dropdownOverlay}>
  L76    [INLINE_STYLE] <ScrollView keyboardShouldPersistTaps="handled" showsVerticalScrollIndicator={false} style={SearchStyles.scrollView}>

File: src\components\Search\SearchInput.js
  L41    [INLINE_STYLE] style={SearchStyles.clearButton}

File: src\components\Search\SearchStyles.js
  L57    [HARDCODED_SPACING] paddingVertical 0px -> paddingVertical: 0,

File: src\components\SharedLayoutWrapper\SharedLayoutWrapper.js
  L17    [INLINE_STYLE] <View style={sharedLayoutWrapperStyles.wrapper}>
  L24    [INLINE_STYLE] <View style={sharedLayoutWrapperStyles.footerInner}>

File: src\components\Text\Heading.js
  L40    [INLINE_STYLE] style={style}

File: src\components\Toggle\Toggle.js
  L57    [INLINE_STYLE] style={computedOptionStyle}
  L69    [INLINE_STYLE] style={computedTextStyle}

File: src\features\auth\LoginPageStyles.js
  L139   [HARDCODED_SPACING] padding 0px -> padding: 0,
  L148   [HARDCODED_SPACING] paddingBottom 0px -> paddingBottom: 0,

File: src\features\cart\CartItem.js
  L80    [HARDCODED_SPACING] marginHorizontal 0px -> marginHorizontal: 0,

File: src\features\cart\CartViewStyles.js
  L90    [HARDCODED_SPACING] marginHorizontal 0px -> marginHorizontal: 0,

File: src\features\catalog\CatalogListFooter.js
  L37    [INLINE_STYLE] <View style={{ height: layout.spacing.xxl }} />

File: src\features\catalog\CatalogPage.js
  L67    [HARDCODED_SPACING] padding 0px -> <View style={[styles.main, isNarrow && { padding: 0, alignItems: 'center' }]}>
  L76    [INLINE_STYLE] <View style={{ flex: 1, minHeight: 0 }}>

File: src\features\catalog\CatalogView.js
  L139   [INLINE_STYLE] style={layoutStyles.listContainer}
  L149   [INLINE_STYLE] style={layoutStyles.listContainer}
  L163   [INLINE_STYLE] <View style={layoutStyles.footerWrapper}>

File: src\features\catalog\CategoryCard.js
  L133   [INLINE_STYLE] style={getCardStyle(cardHeight, activeIsBanner, style)}
  L144   [INLINE_STYLE] <View style={getContentStyle(computedStyles, activeIsBanner)}>
  L145   [INLINE_STYLE] <Heading level={3} style={getLabelStyle(computedStyles, activeIsBanner)} numberOfLines={2} isDark={isDark}>{label}</Heading>
  L146   [INLINE_STYLE] <Text style={getDescStyle(computedStyles, activeIsBanner)} numberOfLines={2} isDark={isDark}>{desc}</Text>

File: src\features\catalog\CategoryFilterList.js
  L15    [INLINE_STYLE] <View style={{ flex: 1 }}>

File: src\features\catalog\components\NewArrivalsFooter.js
  L40    [INLINE_STYLE] <View style={{ paddingVertical: 32, alignItems: 'center' }}>
  L40    [HARDCODED_SPACING] paddingVertical 32px -> <View style={{ paddingVertical: 32, alignItems: 'center' }}>
  L41    [INLINE_STYLE] <Text variant="body" color="muted" style={{ fontStyle: 'italic', textAlign: 'center' }}>

File: src\features\catalog\GridHeaderFooter.js
  L44    [INLINE_STYLE] style={itemStyle}
  L50    [INLINE_STYLE] <Text style={textStyle}>
  L59    [INLINE_STYLE] <View style={getSortDropdownStyles(isDark)}>
  L84    [INLINE_STYLE] style={buttonStyle}
  L87    [INLINE_STYLE] <Text style={textStyle}>
  L93    [INLINE_STYLE] style={buttonStyle}
  L96    [INLINE_STYLE] <Text style={textStyle}>

File: src\features\catalog\PlaceholderCard.js
  L47    [INLINE_STYLE] <View key={item.id} style={{ width: itemWidth }}>

File: src\features\catalog\ProductGrid.js
  L21    [INLINE_STYLE] <View style={{ width: itemWidth, alignSelf: 'stretch' }}>
  L42    [INLINE_STYLE] style={isNarrow ? { alignSelf: 'center', width: gridWidth || '100%', minHeight: '100%' } : { width: '100%', minHeight: '100%' }}
  L59    [HARDCODED_SPACING] paddingBottom 0px -> grid: { paddingBottom: 0 },

File: src\features\contact\ContactPage.js
  L27    [INLINE_STYLE] <Heading level={1} style={commonStyles.title} isDark={isDark}>

File: src\features\contact\ContactPageStyles.js
  L112   [HARDCODED_SPACING] paddingBottom 0px -> paddingBottom: 0,

File: src\features\favorites\FavoritesPageStyles.js
  L46    [HARDCODED_SPACING] paddingBottom 0px -> paddingBottom: 0,

File: src\features\home\components\DiscountsSection.js
  L23    [INLINE_STYLE] <ScrollFadeUp style={headerStyle}>
  L68    [INLINE_STYLE] <View style={{ paddingVertical: layout.spacing.xxl, alignItems: 'center' }}>
  L69    [INLINE_STYLE] <Text variant="body" color="muted" style={{ fontStyle: 'italic', textAlign: 'center' }}>

File: src\features\home\components\FeaturedSections.js
  L112   [HARDCODED_SPACING] padding 18px -> padding: 18,
  L117   [HARDCODED_COLOR] rgba(0, 0, 0, 0.06) -> boxShadow: '0px 4px 8px rgba(0, 0, 0, 0.06)',
  L144   [HARDCODED_SPACING] paddingVertical 3px -> paddingVertical: 3,

File: src\features\home\components\HeroCarousel\CarouselDots.js
  L35    [INLINE_STYLE] style={{
  L47    [INLINE_STYLE] <View style={localStyles.dotsContainer}>

File: src\features\home\components\HeroCarousel\CarouselLayers.js
  L16    [INLINE_STYLE] style={localStyles.imageFill}

File: src\features\home\components\HeroCarousel.js
  L37    [HARDCODED_SPACING] borderRadius 0px -> return { width: windowWidth, alignSelf: 'center', borderRadius: 0 };
  L64    [INLINE_STYLE] return <View style={placeholderStyle} />;
  L71    [INLINE_STYLE] <View style={baseStyle}>
  L72    [INLINE_STYLE] <View style={localStyles.carouselContainer}>

File: src\features\orders\OrderRows.js
  L83    [HARDCODED_SPACING] paddingBottom 0px -> paddingBottom: 0,

File: src\features\orders\OrdersPageStyles.js
  L13    [HARDCODED_SPACING] paddingBottom 0px -> paddingBottom: 0,

File: src\features\product\ProductPageStyles.js
  L26    [HARDCODED_SPACING] paddingBottom 0px -> paddingBottom: 0,
  L46    [HARDCODED_SPACING] marginTop 0px -> marginTop: 0,
  L255   [HARDCODED_SPACING] paddingBottom 0px -> paddingBottom: 0,

File: src\features\profile\ProfilePageStyles.js
  L128   [HARDCODED_SPACING] paddingBottom 0px -> paddingBottom: 0,

File: src\features\shell\AppHeader\AppHeaderControls.js
  L82    [INLINE_STYLE] <View style={{ position: 'relative', alignItems: 'center', justifyContent: 'center' }}>
  L89    [INLINE_STYLE] style={{ position: 'absolute', top: -layout.spacing.xs, right: -(layout.spacing.xs + 4) }}

File: src\features\shell\AppHeader\AppHeaderLogo.js
  L33    [INLINE_STYLE] <View style={computedStyles.leftSec}>

File: src\features\shell\AppHeader\AppHeaderStyles.js
  L166   [HARDCODED_SPACING] borderRadius 10px -> borderRadius: 10,

File: src\features\shell\AppHeader\HeaderDropdown.js
  L35    [INLINE_STYLE] style={{ marginVertical: layout.spacing.xxs / 2, width: '100%' }}

File: src\features\shell\AppHeader\UserDropdown.js
  L87    [INLINE_STYLE] <View style={{ paddingVertical: layout.spacing.sm, paddingHorizontal: layout.spacing.md, borderBottomWidth: 1, borderBottomColor: dStyles.borderBottomColor, marginBottom: layout.spacing.xxs }}>

File: src\features\shell\AppHeader.js
  L53    [INLINE_STYLE] <View style={{ width: '100%', flexDirection: 'row', alignItems: 'center', justifyContent: 'space-between', maxWidth: props.contentWidth, minWidth: 0, paddingHorizontal: layout.spacing.sm }}>

File: src\features\shell\NavMenu\CategoryTreeNodeButtons.js
  L26    [INLINE_STYLE] style={StyleSheet.flatten([
  L30    [HARDCODED_SPACING] paddingVertical 10px -> { flex: 1, paddingVertical: 10, paddingLeft: layout.spacing.lg + indent, minHeight: 44 }

File: src\features\shell\NavMenu\LanguageSelector.js
  L19    [HARDCODED_SPACING] paddingVertical 10px -> paddingVertical: 10,
  L25    [HARDCODED_COLOR] rgba(255,255,255,0.03), rgba(15,23,42,0.03) -> backgroundColor: isDark ? 'rgba(255,255,255,0.03)' : 'rgba(15,23,42,0.03)',
  L32    [HARDCODED_SPACING] marginRight 10px -> container: { marginRight: 10 },
  L49    [INLINE_STYLE] style={getThemeToggleStyle(isDark)}
  L52    [INLINE_STYLE] <View style={getThemeIconStyles(isDark).container}>

File: src\features\shell\StoreSearchHeader.js
  L28    [INLINE_STYLE] <View style={{ width: '100%', maxWidth: contentWidth, minWidth: 0, overflow: 'visible', paddingHorizontal: layout.spacing.sm }}>

