===================================================================
               8. MAGIC NUMBERS REPORT                             
Timestamp: 27.07.2026, 01:23:37
===================================================================

Found 17 magic number issue(s) across 8 file(s):

File: src\components\Badge\BadgeStyles.js
  L16    Off-grid paddingHorizontal: 10px
  L21    Off-grid paddingHorizontal: 10px
  L26    Off-grid paddingHorizontal: 14px
  L31    Off-grid paddingHorizontal: 14px

File: src\components\Flag\FlagStyles.js
  L68    Off-grid paddingHorizontal: 14px

File: src\features\catalog\CatalogFilterSidebarStyles.js
  L20    Off-grid marginBottom: 6px
  L40    Off-grid paddingVertical: 6px

File: src\features\catalog\PriceRangeSlider.js
  L155   Off-grid paddingHorizontal: 10px

File: src\features\home\components\FeaturedSections.js
  L112   Off-grid padding: 18px
  L144   Off-grid paddingVertical: 3px

File: src\features\shell\NavMenu\CategoryTreeNodeButtons.js
  L30    Off-grid paddingVertical: 10px

File: src\features\shell\NavMenu\LanguageSelector.js
  L19    Off-grid paddingVertical: 10px
  L32    Off-grid marginRight: 10px

File: src\features\shell\NavMenu\NavMenuStyles.js
  L58    Off-grid paddingVertical: 13px
  L63    Off-grid marginLeft: 10px
  L104   Off-grid paddingBottom: 28px
  L120   Off-grid gap: 10px

