===================================================================
               10. STATE & PERFORMANCE REPORT                      
Timestamp: 26.07.2026, 23:11:54
===================================================================

Found 29 performance issue(s) across 13 file(s):

File: src/bootstrap/BootstrapGate.js
  L23    Missing or malformed dependency array in hook: const decision = useMemo(() => resolveBootstrapDec...

File: src/components/Admin/Analytics/AnalyticsDashboard.js
  L115   Missing or malformed dependency array in hook: const stats = useMemo(() => getSummaryStats(orders...
  L116   Missing or malformed dependency array in hook: const topProducts = useMemo(() => getTopProducts(o...
  L117   Missing or malformed dependency array in hook: const revenueData = useMemo(() => getRevenueChartD...
  L118   Missing or malformed dependency array in hook: const orderStatuses = useMemo(() => getOrderStatus...

File: src/components/Admin/Categories/CategoryTree.js
  L54    Missing or malformed dependency array in hook: const parentIds = useMemo(() => collectParentIds(t...
  L65    Missing or malformed dependency array in hook: const expandAll = useCallback(() => setCollapsed(n...
  L66    Missing or malformed dependency array in hook: const collapseAll = useCallback(() => setCollapsed...
  L68    Missing or malformed dependency array in hook: const rows = useMemo(() => flattenVisible(tree || ...

File: src/components/Admin/Categories/useCategoriesWorkflow.js
  L11    Missing or malformed dependency array in hook: const tree = useMemo(() => getCategoryTree(draftCa...

File: src/components/Admin/Users/UserDetails.js
  L18    Missing or malformed dependency array in hook: const loadFn = useCallback(() => fetchUserNote(use...

File: src/components/Navigation/useNavigationTheme.js
  L9     Missing or malformed dependency array in hook: const breadcrumbStyles = useMemo(() => createBread...
  L10    Missing or malformed dependency array in hook: const paginationStyles = useMemo(() => createPagin...

File: src/context/CatalogContext.js
  L31    Missing or malformed dependency array in hook: const productCategoryMap = useMemo(() => buildProd...
  L32    Missing or malformed dependency array in hook: const normalizedProducts = useMemo(() => buildNorm...
  L33    Missing or malformed dependency array in hook: const normalizedCategories = useMemo(() => buildNo...
  L35    Missing or malformed dependency array in hook: const categoryLookup = useMemo(() => buildCategory...
  L37    Missing or malformed dependency array in hook: const flatList = useMemo(() => buildFlatList(norma...
  L38    Missing or malformed dependency array in hook: const categoryTree = useMemo(() => buildCategoryTr...
  L62    Missing or malformed dependency array in hook: const categorySubtreeMap = useMemo(() => buildCate...
  L64    Missing or malformed dependency array in hook: const value = useMemo(() => ({ flatList, categoryT...

File: src/context/LanguageContext.js
  L34    Missing or malformed dependency array in hook: const value = useMemo(() => ({ lang, t, selectLang...

File: src/context/ThemeContext.js
  L15    Missing or malformed dependency array in hook: const toggleTheme = useCallback(() => setTheme((p)...
  L17    Missing or malformed dependency array in hook: const value = useMemo(() => ({ theme, isDark, togg...

File: src/features/catalog/components/NewArrivalsFooter.js
  L56    Missing or malformed dependency array in hook: const newArrivals = useMemo(() => flatList.filter(...

File: src/features/home/components/DiscountsSection.js
  L44    Missing or malformed dependency array in hook: const discountedProducts = useMemo(() => flatList....

File: src/features/product/ProductCard.js
  L63    Missing or malformed dependency array in hook: const themed = useMemo(() => getThemedStyles(isDar...

File: src/features/product/ProductPage.js
  L105   Missing or malformed dependency array in hook: const decreaseQty = useCallback(() => setQty((q) =...
  L106   Missing or malformed dependency array in hook: const increaseQty = useCallback(() => setQty((q) =...

