===================================================================
               11. HARDCODED URL & CONFIG REPORT                   
Timestamp: 26.07.2026, 23:11:54
===================================================================

Found 17 URL issue(s) across 7 file(s):

File: src/components/Admin/Products/ProductFormFields.js
  L88    Hardcoded URL found outside of config: https://...
  L89    Hardcoded URL found outside of config: https://...
  L90    Hardcoded URL found outside of config: https://...

File: src/features/cart/CartItem.js
  L20    Hardcoded URL found outside of config: https://images.unsplash.com/photo-1522335789203-aabd1fc54bc9?q=80&w=600&auto=format&fit=crop

File: src/features/catalog/CategoryCard.js
  L12    Hardcoded URL found outside of config: https://images.unsplash.com/photo-1441986300917-64674bd600d8?q=80&w=600&auto=format&fit=crop

File: src/features/contact/SocialButtons.js
  L9     Hardcoded URL found outside of config: https://instagram.com
  L10    Hardcoded URL found outside of config: https://t.me

File: src/services/catalogSeedData.js
  L2     Hardcoded URL found outside of config: https://images.unsplash.com/photo-1616683693504-3ea7e9ad6fec?w=600&auto=format&fit=crop
  L3     Hardcoded URL found outside of config: https://images.unsplash.com/photo-1608248597279-f99d160bfcbc?w=600&auto=format&fit=crop
  L4     Hardcoded URL found outside of config: https://images.unsplash.com/photo-1582201942988-13e60e4556ee?w=600&auto=format&fit=crop

File: src/services/catalogViewModel.helpers.js
  L4     Hardcoded URL found outside of config: https://images.unsplash.com/photo-1616683693504-3ea7e9ad6fec?w=600&auto=format&fit=crop
  L5     Hardcoded URL found outside of config: https://images.unsplash.com/photo-1608248597279-f99d160bfcbc?w=600&auto=format&fit=crop
  L6     Hardcoded URL found outside of config: https://images.unsplash.com/photo-1604654894610-df63bc536371?w=600&auto=format&fit=crop
  L7     Hardcoded URL found outside of config: https://images.unsplash.com/photo-1512496015851-a90fb38ba796?w=600&auto=format&fit=crop
  L8     Hardcoded URL found outside of config: https://images.unsplash.com/photo-1586495777744-4413f21062fa?w=600&auto=format&fit=crop
  L9     Hardcoded URL found outside of config: https://images.unsplash.com/photo-1522335789203-aabd1fc54bc9?q=80&w=600&auto=format&fit=crop

File: src/services/telegramService.js
  L3     Hardcoded URL found outside of config: http://localhost:5001

