===================================================================
         BORDER_WIDTH - Хардкод ширины границ              
Timestamp: 28.07.2026, 22:10:19
===================================================================
[PROMPT FOR AGENT]: Refactor hardcoded values to use design tokens.
===================================================================

Found 68 violation(s):

File: src\features\product\ProductPageStyles.js
  src\features\product\ProductPageStyles.js:82 | borderWidth: 1 | borderWidth: 1,
  src\features\product\ProductPageStyles.js:82 | 1 | borderWidth: 1,
  src\features\product\ProductPageStyles.js:82 | borderWidth: 1 | borderWidth: 1,
  src\features\product\ProductPageStyles.js:82 | 1 | borderWidth: 1,
  src\features\product\ProductPageStyles.js:132 | borderWidth: 1 | borderWidth: 1,
  src\features\product\ProductPageStyles.js:132 | 1 | borderWidth: 1,
  src\features\product\ProductPageStyles.js:132 | borderWidth: 1 | borderWidth: 1,
  src\features\product\ProductPageStyles.js:132 | 1 | borderWidth: 1,

File: src\features\product\ProductReviewsStyles.js
  src\features\product\ProductReviewsStyles.js:35 | borderWidth: 1 | borderWidth: 1,
  src\features\product\ProductReviewsStyles.js:35 | 1 | borderWidth: 1,
  src\features\product\ProductReviewsStyles.js:35 | borderWidth: 1 | borderWidth: 1,
  src\features\product\ProductReviewsStyles.js:35 | 1 | borderWidth: 1,
  src\features\product\ProductReviewsStyles.js:50 | borderWidth: 1 | borderWidth: 1,
  src\features\product\ProductReviewsStyles.js:50 | 1 | borderWidth: 1,
  src\features\product\ProductReviewsStyles.js:50 | borderWidth: 1 | borderWidth: 1,
  src\features\product\ProductReviewsStyles.js:50 | 1 | borderWidth: 1,
  src\features\product\ProductReviewsStyles.js:100 | borderWidth: 1 | borderWidth: 1,
  src\features\product\ProductReviewsStyles.js:100 | 1 | borderWidth: 1,
  src\features\product\ProductReviewsStyles.js:100 | borderWidth: 1 | borderWidth: 1,
  src\features\product\ProductReviewsStyles.js:100 | 1 | borderWidth: 1,

File: src\features\profile\ProfilePageStyles.js
  src\features\profile\ProfilePageStyles.js:17 | borderWidth: 0 | borderWidth: 0,
  src\features\profile\ProfilePageStyles.js:17 | 0 | borderWidth: 0,
  src\features\profile\ProfilePageStyles.js:17 | borderWidth: 0 | borderWidth: 0,
  src\features\profile\ProfilePageStyles.js:17 | 0 | borderWidth: 0,
  src\features\profile\ProfilePageStyles.js:27 | borderWidth: 1 | borderWidth: 1,
  src\features\profile\ProfilePageStyles.js:27 | 1 | borderWidth: 1,
  src\features\profile\ProfilePageStyles.js:27 | borderWidth: 1 | borderWidth: 1,
  src\features\profile\ProfilePageStyles.js:27 | 1 | borderWidth: 1,

File: src\features\shell\AppHeader\AppHeaderStyles.js
  src\features\shell\AppHeader\AppHeaderStyles.js:11 | borderBottomWidth: 0 | borderBottomWidth: 0,
  src\features\shell\AppHeader\AppHeaderStyles.js:11 | 0 | borderBottomWidth: 0,
  src\features\shell\AppHeader\AppHeaderStyles.js:91 | borderWidth: 1 | borderWidth: 1,
  src\features\shell\AppHeader\AppHeaderStyles.js:91 | 1 | borderWidth: 1,
  src\features\shell\AppHeader\AppHeaderStyles.js:91 | borderWidth: 1 | borderWidth: 1,
  src\features\shell\AppHeader\AppHeaderStyles.js:91 | 1 | borderWidth: 1,
  src\features\shell\AppHeader\AppHeaderStyles.js:96 | borderWidth: 1 | borderWidth: 1,
  src\features\shell\AppHeader\AppHeaderStyles.js:96 | 1 | borderWidth: 1,
  src\features\shell\AppHeader\AppHeaderStyles.js:96 | borderWidth: 1 | borderWidth: 1,
  src\features\shell\AppHeader\AppHeaderStyles.js:96 | 1 | borderWidth: 1,
  src\features\shell\AppHeader\AppHeaderStyles.js:149 | borderWidth: 1 | borderWidth: 1,
  src\features\shell\AppHeader\AppHeaderStyles.js:149 | 1 | borderWidth: 1,
  src\features\shell\AppHeader\AppHeaderStyles.js:149 | borderWidth: 1 | borderWidth: 1,
  src\features\shell\AppHeader\AppHeaderStyles.js:149 | 1 | borderWidth: 1,
  src\features\shell\AppHeader\AppHeaderStyles.js:177 | borderWidth: 1 | borderWidth: 1.5,
  src\features\shell\AppHeader\AppHeaderStyles.js:177 | 1 | borderWidth: 1.5,
  src\features\shell\AppHeader\AppHeaderStyles.js:177 | borderWidth: 1 | borderWidth: 1.5,
  src\features\shell\AppHeader\AppHeaderStyles.js:177 | 1 | borderWidth: 1.5,

File: src\features\shell\AppHeader\UserDropdown.js
  src\features\shell\AppHeader\UserDropdown.js:189 | borderBottomWidth: 1 | borderBottomWidth: 1,
  src\features\shell\AppHeader\UserDropdown.js:189 | 1 | borderBottomWidth: 1,

File: src\features\shell\components\Footer.js
  src\features\shell\components\Footer.js:32 | borderTopWidth: 0 | borderTopWidth: 0,
  src\features\shell\components\Footer.js:32 | 0 | borderTopWidth: 0,

File: src\features\shell\NavMenu\LanguageSelector.js
  src\features\shell\NavMenu\LanguageSelector.js:23 | borderWidth: 1 | borderWidth: 1,
  src\features\shell\NavMenu\LanguageSelector.js:23 | 1 | borderWidth: 1,
  src\features\shell\NavMenu\LanguageSelector.js:23 | borderWidth: 1 | borderWidth: 1,
  src\features\shell\NavMenu\LanguageSelector.js:23 | 1 | borderWidth: 1,

File: src\features\shell\NavMenu\NavMenuStyles.js
  src\features\shell\NavMenu\NavMenuStyles.js:25 | borderBottomWidth: 1 | borderBottomWidth: 1,
  src\features\shell\NavMenu\NavMenuStyles.js:25 | 1 | borderBottomWidth: 1,
  src\features\shell\NavMenu\NavMenuStyles.js:104 | borderTopWidth: 1 | borderTopWidth: 1,
  src\features\shell\NavMenu\NavMenuStyles.js:104 | 1 | borderTopWidth: 1,

File: src\theme\appStyles.js
  src\theme\appStyles.js:47 | borderBottomWidth: 1 | borderBottomWidth: 1,
  src\theme\appStyles.js:47 | 1 | borderBottomWidth: 1,
  src\theme\appStyles.js:139 | borderBottomWidth: 0 | borderBottomWidth: 0,
  src\theme\appStyles.js:139 | 0 | borderBottomWidth: 0,
  src\theme\appStyles.js:144 | borderBottomWidth: 0 | borderBottomWidth: 0,
  src\theme\appStyles.js:144 | 0 | borderBottomWidth: 0,

File: src\theme\commonStyles.js
  src\theme\commonStyles.js:48 | borderWidth: 1 | borderWidth: 1,
  src\theme\commonStyles.js:48 | 1 | borderWidth: 1,
  src\theme\commonStyles.js:48 | borderWidth: 1 | borderWidth: 1,
  src\theme\commonStyles.js:48 | 1 | borderWidth: 1,

