===================================================================
         OPACITY - Хардкод прозрачности              
Timestamp: 28.07.2026, 09:56:14
===================================================================
[PROMPT FOR AGENT]: Refactor hardcoded values to use design tokens.
===================================================================

Found 13 violation(s):

File: src\components\Button\ButtonStyles.js
  src\components\Button\ButtonStyles.js:78 | opacity: 0.5 | disabled:     { opacity: 0.5 },
  src\components\Button\ButtonStyles.js:79 | opacity: 0.8 | textDisabled: { opacity: 0.8 },

File: src\components\Flag\FlagStyles.js
  src\components\Flag\FlagStyles.js:174 | opacity: 0.5 | opacity: 0.5,

File: src\components\TextField\TextFieldStyles.js
  src\components\TextField\TextFieldStyles.js:62 | opacity: 0.6 | opacity: 0.6,

File: src\features\cart\CartViewStyles.js
  src\features\cart\CartViewStyles.js:106 | opacity: 0.2 | opacity: 0.2,

File: src\features\catalog\CatalogPagination.js
  src\features\catalog\CatalogPagination.js:115 | opacity: 0.5 | opacity: 0.5,
  src\features\catalog\CatalogPagination.js:118 | opacity: 0.5 | opacity: 0.5,

File: src\features\home\components\HeroCarousel\carouselStyles.js
  src\features\home\components\HeroCarousel\carouselStyles.js:59 | opacity: 1 | opacity: 1,
  src\features\home\components\HeroCarousel\carouselStyles.js:65 | opacity: 0.5 | opacity: 0.5,

File: src\features\product\ProductPageStyles.js
  src\features\product\ProductPageStyles.js:209 | opacity: 1 | opacity: 1,
  src\features\product\ProductPageStyles.js:213 | opacity: 0.5 | opacity: 0.5,

File: src\features\profile\ProfilePageStyles.js
  src\features\profile\ProfilePageStyles.js:42 | opacity: 0.7 | opacity: 0.7,
  src\features\profile\ProfilePageStyles.js:61 | opacity: 0.5 | opacity: 0.5,

