===================================================================
         Z_INDEX - Хардкод z-index              
Timestamp: 28.07.2026, 19:02:46
===================================================================
[PROMPT FOR AGENT]: Refactor hardcoded values to use design tokens.
===================================================================

Found 18 violation(s):

File: src\features\admin\AdminSaveFooter.js
  src\features\admin\AdminSaveFooter.js:51 | zIndex: 100 | zIndex: 100,
  src\features\admin\AdminSaveFooter.js:51 | 100 | zIndex: 100,

File: src\features\catalog\CatalogFilterSidebarStyles.js
  src\features\catalog\CatalogFilterSidebarStyles.js:126 | zIndex: 2000 | zIndex: 2000,
  src\features\catalog\CatalogFilterSidebarStyles.js:126 | 2000 | zIndex: 2000,

File: src\features\product\ProductCardStyles.js
  src\features\product\ProductCardStyles.js:65 | zIndex: 10 | zIndex: 10,
  src\features\product\ProductCardStyles.js:65 | 10 | zIndex: 10,
  src\features\product\ProductCardStyles.js:83 | zIndex: 10 | zIndex: 10,
  src\features\product\ProductCardStyles.js:83 | 10 | zIndex: 10,
  src\features\product\ProductCardStyles.js:89 | zIndex: 10 | zIndex: 10,
  src\features\product\ProductCardStyles.js:89 | 10 | zIndex: 10,
  src\features\product\ProductCardStyles.js:95 | zIndex: 10 | zIndex: 10,
  src\features\product\ProductCardStyles.js:95 | 10 | zIndex: 10,

File: src\features\product\ProductPageStyles.js
  src\features\product\ProductPageStyles.js:152 | zIndex: 20 | zIndex: 20,
  src\features\product\ProductPageStyles.js:152 | 20 | zIndex: 20,
  src\features\product\ProductPageStyles.js:180 | zIndex: 10 | zIndex: 10,
  src\features\product\ProductPageStyles.js:180 | 10 | zIndex: 10,
  src\features\product\ProductPageStyles.js:199 | zIndex: 10 | zIndex: 10,
  src\features\product\ProductPageStyles.js:199 | 10 | zIndex: 10,

