2026-07-15 22:33:24 | src_2026-07-15_22-33_4a-fix-CategoryCard
2026-07-15 22:34:19 | src_2026-07-15_22-34_4b-fix-CategoryRow-thread-products
2026-07-15 22:35:20 | src_2026-07-15_22-35_4c-fix-CategoryFormModal-categoryFormLogic
2026-07-15 22:36:07 | src_2026-07-15_22-36_4d-fix-adminAnalytics
2026-07-15 22:39:37 | src_2026-07-15_22-39_3-fix-OrdersPage-useOrders-hook
2026-07-15 22:40:30 | src_2026-07-15_22-40_4-fix-useFavorites-persistence-separation
2026-07-15 22:41:51 | src_2026-07-15_22-41
2026-07-15 22:47:47 | src_2026-07-15_22-47_5-project-structure-features-firebase
2026-07-15 22:49:22 | src_2026-07-15_22-49_5-final-clean-audit
2026-07-15 22:53:58 | src_2026-07-15_22-53
2026-07-15 23:15:42 | src_2026-07-15_23-15
2026-07-15 23:17:42 | src_2026-07-15_23-17
2026-07-15 23:20:22 | src_2026-07-15_23-20
2026-07-15 23:24:28 | src_2026-07-15_23-24
2026-07-15 23:28:06 | src_2026-07-15_23-28
2026-07-15 23:39:59 | src_2026-07-15_23-39
2026-07-15 23:50:17 | src_2026-07-15_23-50
2026-07-16 00:20:14 | src_2026-07-16_00-20
2026-07-16 00:22:30 | src_2026-07-16_00-22
2026-07-16 00:36:29 | src_2026-07-16_00-36
2026-07-16 00:41:24 | src_2026-07-16_00-41
2026-07-16 00:42:16 | src_2026-07-16_00-42
2026-07-16 00:43:43 | src_2026-07-16_00-43
2026-07-16 14:59:25 | src_2026-07-16_14-59
2026-07-16 15:50:29 | src_2026-07-16_15-50
2026-07-16 15:54:49 | src_2026-07-16_15-54_9-5-fragmented-shell-state
2026-07-16 15:56:28 | src_2026-07-16_15-56_8-6-navigation-state-mixing-concerns
2026-07-16 15:56:53 | src_2026-07-16_15-56_8-4-provider-boundary-bleed
2026-07-16 15:57:35 | src_2026-07-16_15-57_7-5-catalog-read-path-leaks-admin-shapes
2026-07-16 15:58:09 | src_2026-07-16_15-58_7-3-auth-bootstrap-coupling
2026-07-16 15:58:17 | src_2026-07-16_15-58_6-4-overloaded-session-state-hook
2026-07-16 15:59:24 | src_2026-07-16_15-59_6-2-firestore-sync-becomes-startup-implicit
2026-07-16 15:59:58 | src_2026-07-16_15-59_5-7-stateful-ui-components-hide-business-rules
2026-07-16 16:00:34 | src_2026-07-16_16-00_5-3-legacy-firebase-shim-creates-ambiguous-imports
2026-07-16 16:09:52 | src_2026-07-16_16-09
2026-07-16 16:40:12 | src_2026-07-16_16-40
2026-07-16 16:47:06 | src_2026-07-16_16-47
2026-07-16 16:56:12 | src_2026-07-16_16-56_issue2-nav-state-separation
2026-07-16 17:02:28 | src_2026-07-16_17-02_issue11-cart-checkout-cleanup
2026-07-16 17:03:49 | src_2026-07-16_17-03
2026-07-16 17:15:15 | src_2026-07-16_17-15
2026-07-16 17:17:20 | src_2026-07-16_17-17
2026-07-16 17:23:17 | src_2026-07-16_17-23
2026-07-16 18:00:55 | src_2026-07-16_18-00
2026-07-16 18:02:55 | src_2026-07-16_18-02
2026-07-16 18:06:29 | src_2026-07-16_18-06_9-4-startup-lifecycle
2026-07-16 18:07:55 | src_2026-07-16_18-07_9-5-navigation-orchestrator
2026-07-16 18:08:57 | src_2026-07-16_18-08_8-4-shell-feature-boundary
2026-07-16 18:09:21 | src_2026-07-16_18-09_8-3-catalog-sync-registration
2026-07-16 18:10:18 | src_2026-07-16_18-10_7-4-menu-controller
2026-07-16 18:13:47 | src_2026-07-16_18-13
2026-07-16 18:20:32 | src_2026-07-16_18-20
2026-07-16 18:40:49 | src_2026-07-16_18-40
2026-07-16 18:43:43 | src_2026-07-16_18-43
2026-07-16 18:44:46 | src_2026-07-16_18-44
2026-07-16 18:45:19 | src_2026-07-16_18-45
2026-07-16 18:52:27 | src_2026-07-16_18-52_Resolved Architectural Criticals
2026-07-16 19:02:57 | src_2026-07-16_19-02
2026-07-16 19:23:32 | src_2026-07-16_19-23
2026-07-16 19:34:22 | src_2026-07-16_19-34
2026-07-16 19:38:15 | src_2026-07-16_19-38
2026-07-16 19:40:01 | src_2026-07-16_19-40
2026-07-16 19:51:11 | src_2026-07-16_19-51
2026-07-16 19:56:35 | src_2026-07-16_19-56
2026-07-16 20:12:11 | src_2026-07-16_20-12
2026-07-16 20:25:43 | src_2026-07-16_20-25
2026-07-16 20:30:43 | src_2026-07-16_20-30
2026-07-16 20:49:18 | src_2026-07-16_20-49
2026-07-16 21:01:14 | src_2026-07-16_21-01
2026-07-16 21:09:42 | src_2026-07-16_21-09
2026-07-16 21:51:06 | src_2026-07-16_21-51
2026-07-16 22:04:47 | src_2026-07-16_22-04
2026-07-16 23:04:59 | src_2026-07-16_23-04
2026-07-16 23:09:59 | src_2026-07-16_23-09
2026-07-16 23:22:55 | src_2026-07-16_23-22
2026-07-16 23:24:53 | src_2026-07-16_23-24
2026-07-16 23:29:43 | src_2026-07-16_23-29
2026-07-16 23:36:11 | src_2026-07-16_23-36
2026-07-16 23:38:34 | src_2026-07-16_23-38
2026-07-16 23:41:30 | src_2026-07-16_23-41
2026-07-16 23:42:55 | src_2026-07-16_23-42
2026-07-16 23:44:37 | src_2026-07-16_23-44
2026-07-16 23:57:29 | src_2026-07-16_23-57
2026-07-17 00:01:33 | src_2026-07-17_00-01
2026-07-17 00:07:22 | src_2026-07-17_00-07
2026-07-17 00:13:08 | src_2026-07-17_00-13
2026-07-17 01:06:57 | src_2026-07-17_01-06
2026-07-17 01:10:02 | src_2026-07-17_01-10
2026-07-17 01:44:37 | src_2026-07-17_01-44
2026-07-17 01:50:37 | src_2026-07-17_01-50
2026-07-17 01:51:48 | src_2026-07-17_01-51
2026-07-17 01:56:04 | src_2026-07-17_01-56
2026-07-17 01:56:51 | src_2026-07-17_01-56
2026-07-17 01:57:15 | src_2026-07-17_01-57
2026-07-17 02:06:57 | src_2026-07-17_02-06
2026-07-18 11:24:10 | src_2026-07-18_11-24
2026-07-18 12:01:51 | src_2026-07-18_12-01
2026-07-18 12:10:48 | src_2026-07-18_12-10
2026-07-18 12:19:14 | src_2026-07-18_12-19
2026-07-18 12:22:06 | src_2026-07-18_12-22
2026-07-18 12:27:44 | src_2026-07-18_12-27
2026-07-18 12:32:08 | src_2026-07-18_12-32
2026-07-18 13:02:54 | src_2026-07-18_13-02
2026-07-18 13:16:40 | src_2026-07-18_13-16
2026-07-18 13:24:45 | src_2026-07-18_13-24
2026-07-18 13:37:53 | src_2026-07-18_13-37
2026-07-18 13:39:54 | src_2026-07-18_13-39
2026-07-18 13:45:48 | src_2026-07-18_13-45
2026-07-18 13:47:59 | src_2026-07-18_13-47
2026-07-18 13:53:26 | src_2026-07-18_13-53
2026-07-18 13:55:13 | src_2026-07-18_13-55
2026-07-18 14:02:06 | src_2026-07-18_14-02
2026-07-18 14:02:55 | src_2026-07-18_14-02
2026-07-18 14:11:43 | src_2026-07-18_14-11
2026-07-18 14:23:43 | src_2026-07-18_14-23
2026-07-18 14:27:37 | src_2026-07-18_14-27
2026-07-18 14:31:55 | src_2026-07-18_14-31
2026-07-18 14:35:34 | src_2026-07-18_14-35
2026-07-18 14:41:22 | src_2026-07-18_14-41
2026-07-18 14:42:25 | src_2026-07-18_14-42
2026-07-18 14:52:16 | src_2026-07-18_14-52
2026-07-18 14:54:34 | src_2026-07-18_14-54
2026-07-18 14:58:45 | src_2026-07-18_14-58
2026-07-18 15:03:38 | src_2026-07-18_15-03
2026-07-18 15:10:42 | src_2026-07-18_15-10
2026-07-18 15:13:13 | src_2026-07-18_15-13
2026-07-18 15:15:39 | src_2026-07-18_15-15
2026-07-18 15:22:16 | src_2026-07-18_15-22
2026-07-18 15:33:01 | src_2026-07-18_15-33
2026-07-18 15:39:38 | src_2026-07-18_15-39
2026-07-18 15:40:57 | src_2026-07-18_15-40
2026-07-18 15:52:52 | src_2026-07-18_15-52
2026-07-18 16:00:50 | src_2026-07-18_16-00
2026-07-18 16:05:44 | src_2026-07-18_16-05
2026-07-18 16:18:59 | src_2026-07-18_16-18
2026-07-18 16:29:36 | src_2026-07-18_16-29
2026-07-18 16:39:51 | src_2026-07-18_16-39
2026-07-18 16:49:17 | src_2026-07-18_16-49
2026-07-18 16:51:10 | src_2026-07-18_16-51
2026-07-18 16:55:22 | src_2026-07-18_16-55
2026-07-18 17:06:42 | src_2026-07-18_17-06
2026-07-18 17:09:18 | src_2026-07-18_17-09
2026-07-18 17:11:36 | src_2026-07-18_17-11
2026-07-18 17:47:17 | src_2026-07-18_17-47
2026-07-18 17:53:34 | src_2026-07-18_17-53
2026-07-18 17:53:55 | src_2026-07-18_17-53
2026-07-18 17:57:00 | src_2026-07-18_17-56
2026-07-18 18:10:26 | src_2026-07-18_18-10
2026-07-18 18:12:51 | src_2026-07-18_18-12
2026-07-18 18:32:46 | src_2026-07-18_18-32
2026-07-18 18:42:16 | src_2026-07-18_18-42
2026-07-18 18:45:49 | src_2026-07-18_18-45
2026-07-18 18:46:34 | src_2026-07-18_18-46
2026-07-18 18:52:01 | src_2026-07-18_18-52
2026-07-18 18:57:01 | src_2026-07-18_18-57
2026-07-18 19:06:40 | src_2026-07-18_19-06
2026-07-18 19:08:19 | src_2026-07-18_19-08
2026-07-18 19:19:24 | src_2026-07-18_19-19
2026-07-18 19:31:05 | src_2026-07-18_19-31
2026-07-18 19:43:57 | src_2026-07-18_19-43
2026-07-18 19:51:57 | src_2026-07-18_19-51
2026-07-18 20:39:09 | src_2026-07-18_20-39
2026-07-18 20:46:00 | src_2026-07-18_20-46
2026-07-18 20:50:57 | src_2026-07-18_20-50
2026-07-18 21:17:51 | src_2026-07-18_21-17
2026-07-18 21:30:26 | src_2026-07-18_21-30
2026-07-18 21:51:17 | src_2026-07-18_21-51
2026-07-18 22:59:52 | src_2026-07-18_22-59
2026-07-18 23:21:14 | src_2026-07-18_23-21
2026-07-18 23:33:05 | src_2026-07-18_23-33
2026-07-18 23:34:53 | src_2026-07-18_23-34
2026-07-18 23:39:52 | src_2026-07-18_23-39
2026-07-18 23:59:34 | src_2026-07-18_23-59
2026-07-19 00:08:44 | src_2026-07-19_00-08
2026-07-19 00:20:59 | src_2026-07-19_00-20
2026-07-19 00:40:41 | src_2026-07-19_00-40
2026-07-19 00:47:16 | src_2026-07-19_00-47
2026-07-19 00:47:31 | src_2026-07-19_00-47_before paralax
2026-07-19 01:00:01 | src_2026-07-19_01-00
2026-07-19 01:13:25 | src_2026-07-19_01-13
2026-07-19 09:33:29 | src_2026-07-19_09-33
2026-07-19 09:37:08 | src_2026-07-19_09-37
2026-07-19 09:54:55 | src_2026-07-19_09-54
2026-07-19 10:19:14 | src_2026-07-19_10-19
2026-07-19 10:29:31 | src_2026-07-19_10-29
2026-07-19 10:31:25 | src_2026-07-19_10-31
2026-07-19 10:40:48 | src_2026-07-19_10-40
2026-07-19 10:41:02 | src_2026-07-19_10-41
2026-07-19 10:43:09 | src_2026-07-19_10-43
2026-07-19 10:48:48 | src_2026-07-19_10-48
2026-07-19 11:32:32 | src_2026-07-19_11-32
2026-07-19 15:31:07 | src_2026-07-19_15-31
2026-07-19 15:37:22 | src_2026-07-19_15-37
2026-07-19 15:47:03 | src_2026-07-19_15-47
2026-07-19 15:58:09 | src_2026-07-19_15-58
2026-07-19 16:06:08 | src_2026-07-19_16-06
2026-07-19 16:16:25 | src_2026-07-19_16-16
2026-07-19 16:20:37 | src_2026-07-19_16-20
2026-07-19 16:37:09 | src_2026-07-19_16-37
2026-07-19 16:48:41 | src_2026-07-19_16-48
2026-07-19 17:20:21 | src_2026-07-19_17-20
2026-07-19 17:50:53 | src_2026-07-19_17-50
2026-07-19 18:05:14 | backup-validation
2026-07-19 18:07:07 | src_2026-07-19_18-07
2026-07-19 18:17:43 | src_2026-07-19_18-17
2026-07-19 18:30:45 | src_2026-07-19_18-30
2026-07-19 18:45:54 | src_2026-07-19_18-45
2026-07-19 18:49:13 | src_2026-07-19_18-49
2026-07-19 19:38:04 | src_2026-07-19_19-38
2026-07-19 20:01:56 | src_2026-07-19_20-01
2026-07-19 20:07:05 | src_2026-07-19_20-07
2026-07-19 20:50:52 | src_2026-07-19_20-50
2026-07-19 21:02:04 | src_2026-07-19_21-02
2026-07-19 21:07:27 | src_2026-07-19_21-07
2026-07-19 21:18:45 | src_2026-07-19_21-18
2026-07-19 21:35:31 | src_2026-07-19_21-35
2026-07-19 21:50:35 | src_2026-07-19_21-50
2026-07-19 22:48:52 | src_2026-07-19_22-48
2026-07-19 22:53:35 | src_2026-07-19_22-53
2026-07-19 23:14:48 | src_2026-07-19_23-14
2026-07-19 23:15:11 | src_2026-07-19_23-15
2026-07-19 23:38:45 | src_2026-07-19_23-38
2026-07-19 23:43:13 | src_2026-07-19_23-43
2026-07-20 00:18:09 | src_2026-07-20_00-18
2026-07-20 00:21:38 | src_2026-07-20_00-21
2026-07-20 00:49:02 | src_2026-07-20_00-48
2026-07-20 00:58:35 | src_2026-07-20_00-58
2026-07-20 01:29:12 | src_2026-07-20_01-29
2026-07-20 01:34:00 | src_2026-07-20_01-33
2026-07-20 01:52:39 | src_2026-07-20_01-52
2026-07-20 17:40:34 | src_2026-07-20_17-40
2026-07-20 18:05:37 | src_2026-07-20_18-05
2026-07-20 19:49:51 | src_2026-07-20_19-49
2026-07-20 19:58:26 | src_2026-07-20_19-58
2026-07-20 22:12:42 | src_2026-07-20_22-12
2026-07-20 22:21:17 | src_2026-07-20_22-21
2026-07-20 22:21:51 | src_2026-07-20_22-21
2026-07-20 22:22:59 | src_2026-07-20_22-22
2026-07-20 22:23:19 | src_2026-07-20_22-23
2026-07-20 22:27:17 | src_2026-07-20_22-27
2026-07-20 22:38:22 | src_2026-07-20_22-38
2026-07-20 22:39:18 | src_2026-07-20_22-39
2026-07-20 23:21:37 | src_2026-07-20_23-21
2026-07-20 23:42:56 | src_2026-07-20_23-42
2026-07-20 23:52:52 | src_2026-07-20_23-52
2026-07-20 23:57:09 | src_2026-07-20_23-57
2026-07-21 18:52:26 | src_2026-07-21_18-52
2026-07-21 19:00:37 | src_2026-07-21_19-00
2026-07-21 19:16:40 | src_2026-07-21_19-16
2026-07-21 19:30:17 | src_2026-07-21_19-30
2026-07-21 21:51:54 | src_2026-07-21_21-51
2026-07-21 22:19:35 | src_2026-07-21_22-19
2026-07-21 22:27:07 | src_2026-07-21_22-27
2026-07-21 22:37:05 | src_2026-07-21_22-37
2026-07-21 22:40:44 | src_2026-07-21_22-40_before implementation of refractiring roadmap
2026-07-21 22:50:36 | src_2026-07-21_22-50_task 002
2026-07-21 22:57:21 | src_2026-07-21_22-57_task 003
2026-07-21 23:04:26 | src_2026-07-21_23-04
2026-07-21 23:09:07 | src_2026-07-21_23-09
2026-07-21 23:11:18 | src_2026-07-21_23-11
2026-07-21 23:12:56 | src_2026-07-21_23-12_alt + 3
2026-07-21 23:29:10 | src_2026-07-21_23-29
2026-07-21 23:32:59 | src_2026-07-21_23-32_alt + 5
2026-07-21 23:39:50 | src_2026-07-21_23-39_task 004
2026-07-21 23:43:58 | src_2026-07-21_23-43
2026-07-21 23:51:17 | src_2026-07-21_23-51
2026-07-21 23:53:27 | src_2026-07-21_23-53
2026-07-21 23:54:04 | src_2026-07-21_23-54_task 005
2026-07-21 23:58:57 | src_2026-07-21_23-58_task 007
2026-07-22 00:00:10 | src_2026-07-22_00-00
2026-07-22 00:03:18 | src_2026-07-22_00-03
2026-07-22 00:06:29 | src_2026-07-22_00-06
2026-07-22 00:09:36 | src_2026-07-22_00-09
2026-07-22 00:14:06 | src_2026-07-22_00-14
2026-07-22 00:14:39 | src_2026-07-22_00-14_task 13 partially done
2026-07-22 00:23:46 | src_2026-07-22_00-23
2026-07-22 00:26:34 | src_2026-07-22_00-26_task 015
2026-07-22 00:34:21 | src_2026-07-22_00-34_task 017
2026-07-22 00:41:57 | src_2026-07-22_00-41
2026-07-22 00:43:34 | src_2026-07-22_00-43
2026-07-22 00:45:02 | src_2026-07-22_00-44
2026-07-22 00:48:13 | src_2026-07-22_00-48_all tasks
2026-07-22 01:33:58 | src_2026-07-22_01-33
2026-07-22 02:02:31 | src_2026-07-22_02-02
2026-07-22 02:20:07 | src_2026-07-22_02-20_task 1.3
2026-07-22 11:38:55 | src_2026-07-22_11-38
2026-07-22 11:43:19 | src_2026-07-22_11-43
2026-07-22 11:46:06 | src_2026-07-22_11-46
2026-07-22 12:00:13 | src_2026-07-22_12-00
2026-07-22 12:03:28 | src_2026-07-22_12-03
2026-07-22 12:03:41 | src_2026-07-22_12-03_initiative 1 done
2026-07-22 13:14:45 | src_2026-07-22_13-14
2026-07-22 13:17:04 | src_2026-07-22_13-17
2026-07-22 13:19:52 | src_2026-07-22_13-19
2026-07-22 13:21:08 | src_2026-07-22_13-21
2026-07-22 18:08:33 | src_2026-07-22_18-08
2026-07-22 18:16:37 | src_2026-07-22_18-16
2026-07-22 18:19:39 | src_2026-07-22_18-19
2026-07-22 18:23:12 | src_2026-07-22_18-23
2026-07-22 18:27:35 | src_2026-07-22_18-27
2026-07-22 18:44:38 | src_2026-07-22_18-44
2026-07-22 18:46:01 | src_2026-07-22_18-45
2026-07-22 19:02:49 | src_2026-07-22_19-02
2026-07-22 19:34:38 | src_2026-07-22_19-34
2026-07-22 19:54:35 | src_2026-07-22_19-54
2026-07-22 20:03:34 | src_2026-07-22_20-03
2026-07-22 20:13:36 | src_2026-07-22_20-13
2026-07-22 21:11:00 | src_2026-07-22_21-10
2026-07-22 21:22:28 | src_2026-07-22_21-22
2026-07-22 21:26:46 | src_2026-07-22_21-26
2026-07-22 21:27:58 | src_2026-07-22_21-27
2026-07-22 21:42:29 | src_2026-07-22_21-42
2026-07-22 21:58:40 | src_2026-07-22_21-58
2026-07-22 22:00:39 | src_2026-07-22_22-00_before 5
2026-07-22 22:06:29 | src_2026-07-22_22-06_nameOfStep
2026-07-22 22:08:23 | src_2026-07-22_22-08_before 5.3
2026-07-22 22:09:54 | src_2026-07-22_22-09_before 5.4
2026-07-22 22:12:02 | src_2026-07-22_22-12_before 5.5
2026-07-22 22:13:59 | src_2026-07-22_22-13_before 5.6
2026-07-22 22:16:55 | src_2026-07-22_22-16_before 5.7
2026-07-22 22:17:17 | src_2026-07-22_22-17_before 5.7
2026-07-22 22:20:02 | src_2026-07-22_22-19_before 5.8
2026-07-22 22:22:57 | src_2026-07-22_22-22_before 5.9
2026-07-22 22:25:29 | src_2026-07-22_22-25_after 5.9
2026-07-22 23:36:44 | src_2026-07-22_23-36
2026-07-22 23:42:21 | src_2026-07-22_23-42
2026-07-22 23:59:14 | src_2026-07-22_23-59
2026-07-23 00:08:40 | src_2026-07-23_00-08
2026-07-23 00:18:26 | src_2026-07-23_00-18
2026-07-23 00:22:59 | src_2026-07-23_00-22
2026-07-23 00:28:02 | src_2026-07-23_00-27
2026-07-23 00:39:34 | src_2026-07-23_00-39
2026-07-23 00:44:58 | src_2026-07-23_00-44
2026-07-23 11:22:19 | src_2026-07-23_11-22
2026-07-23 11:24:11 | src_2026-07-23_11-24_6.3
2026-07-23 11:26:12 | src_2026-07-23_11-26_6.4
2026-07-23 11:43:42 | src_2026-07-23_11-43_6.5
2026-07-23 11:58:30 | src_2026-07-23_11-58
2026-07-23 12:16:12 | src_2026-07-23_12-15_6.6
2026-07-23 12:47:05 | src_2026-07-23_12-47_6.7
2026-07-23 13:04:32 | src_2026-07-23_13-04_6.8
2026-07-23 13:23:40 | src_2026-07-23_13-23_7.1
2026-07-23 13:32:21 | src_2026-07-23_13-32_7.2
2026-07-23 13:52:14 | src_2026-07-23_13-52_7.3
2026-07-23 13:53:18 | src_2026-07-23_13-53_7.4
2026-07-23 14:47:02 | src_2026-07-23_14-46_7.5
2026-07-23 14:54:19 | src_2026-07-23_14-54_7.6
2026-07-23 14:56:29 | src_2026-07-23_14-56_7.7
2026-07-23 14:58:51 | src_2026-07-23_14-58_7.8
2026-07-23 15:00:48 | src_2026-07-23_15-00_7.9
2026-07-23 15:06:47 | src_2026-07-23_15-06_8.2
2026-07-23 15:08:49 | src_2026-07-23_15-08_8.3
2026-07-23 15:17:05 | src_2026-07-23_15-17_8.4
2026-07-23 15:19:52 | src_2026-07-23_15-19_8.5
2026-07-23 15:24:16 | src_2026-07-23_15-24_8.6
2026-07-23 15:27:02 | src_2026-07-23_15-26_8.7
2026-07-23 15:30:02 | src_2026-07-23_15-29_8.8
2026-07-23 16:08:27 | src_2026-07-23_16-08
2026-07-23 16:18:39 | src_2026-07-23_16-18_9.1
2026-07-23 16:27:26 | src_2026-07-23_16-27_9.2
2026-07-23 16:32:04 | src_2026-07-23_16-32_9.4
2026-07-23 16:36:36 | src_2026-07-23_16-36_9.5
2026-07-23 16:38:56 | src_2026-07-23_16-38_9.6
2026-07-23 17:02:28 | src_2026-07-23_17-02
2026-07-23 17:11:47 | src_2026-07-23_17-11
2026-07-23 19:04:29 | src_2026-07-23_19-04
2026-07-23 19:07:11 | src_2026-07-23_19-07
2026-07-23 20:16:42 | src_2026-07-23_20-16
2026-07-23 20:16:58 | src_2026-07-23_20-16_before refr
2026-07-23 20:56:17 | src_2026-07-23_20-56
2026-07-23 20:57:52 | src_2026-07-23_20-57
2026-07-23 21:01:16 | src_2026-07-23_21-01
2026-07-23 21:15:14 | src_2026-07-23_21-15
2026-07-23 22:58:12 | src_2026-07-23_22-58
2026-07-23 23:08:30 | src_2026-07-23_23-08
2026-07-23 23:12:33 | src_2026-07-23_23-12_WP-0201-done
2026-07-23 23:16:11 | src_2026-07-23_23-16_WP-0202-done
2026-07-23 23:33:13 | src_2026-07-23_23-33_WP-0203-done
2026-07-23 23:36:05 | src_2026-07-23_23-36
2026-07-24 00:16:39 | src_2026-07-24_00-16
2026-07-24 00:28:47 | src_2026-07-24_00-28
2026-07-24 00:33:38 | src_2026-07-24_00-33_before huge problem
2026-07-24 00:44:01 | src_2026-07-24_00-44_before project hierarchy
2026-07-24 00:50:12 | src_2026-07-24_00-50_before state graph architecture
2026-07-24 00:55:22 | src_2026-07-24_00-55_before execution state graph implementation
2026-07-24 00:56:16 | src_2026-07-24_00-56_WP-0204-done
2026-07-24 00:57:43 | src_2026-07-24_00-57_WP-0205-done
2026-07-24 16:40:06 | src_2026-07-24_16-40
2026-07-24 16:52:43 | src_2026-07-24_16-52
2026-07-24 17:31:25 | src_2026-07-24_17-31_WP-0207-done
2026-07-24 17:33:07 | src_2026-07-24_17-33_WP-0301-done
2026-07-24 17:50:14 | src_2026-07-24_17-50_WP-0302-done
2026-07-24 17:55:37 | src_2026-07-24_17-55_WP-0303-done
2026-07-24 20:05:56 | src_2026-07-24_20-05_core.js_21files
2026-07-24 20:29:00 | src_2026-07-24_20-28_before project hierarchy
2026-07-24 20:33:24 | src_2026-07-24_20-33_backup-history.log_1files
2026-07-24 20:51:23 | src_2026-07-24_20-51_ElementScanner.js_17files
2026-07-24 21:09:25 | src_2026-07-24_21-09_smoke-report.json_6files
2026-07-24 21:39:27 | src_2026-07-24_21-39_smoke-report.json_19files
2026-07-24 21:44:47 | src_2026-07-24_21-44_reconstruct-view-file.js_5files
2026-07-24 21:51:18 | src_2026-07-24_21-51_ElementScanner.ts_4files
2026-07-24 21:52:29 | src_2026-07-24_21-52_smoke-report.json_3files
2026-07-24 21:54:44 | src_2026-07-24_21-54_before project hierarchy
2026-07-24 21:58:05 | src_2026-07-24_21-58_ConsoleRenderer.ts_7files
2026-07-24 22:06:44 | src_2026-07-24_22-06_smoke-report.json_9files
2026-07-24 22:23:59 | src_2026-07-24_22-23_smoke-report.json_19files
2026-07-24 22:26:48 | src_2026-07-24_22-26_before project hierarchy
2026-07-24 22:27:25 | src_2026-07-24_22-27_smoke-report.json_2files
2026-07-24 22:32:27 | src_2026-07-24_22-32_smoke-report.json_4files
2026-07-24 22:43:53 | src_2026-07-24_22-43_before project knowledge
2026-07-24 22:46:03 | src_2026-07-24_22-46_SKILL.md_4files
2026-07-24 22:46:21 | src_2026-07-24_22-46_before project hierarchy
2026-07-24 22:47:37 | src_2026-07-24_22-47_before project knowledge
2026-07-24 23:00:50 | src_2026-07-24_23-00_application-documentation.md_12files
2026-07-24 23:05:44 | src_2026-07-24_23-05_smoke-report.json_4files
2026-07-24 23:41:34 | src_2026-07-24_23-41_smoke-report.json_14files
2026-07-24 23:54:22 | src_2026-07-24_23-54_run-smoke.ts_4files
2026-07-24 23:56:17 | src_2026-07-24_23-56_package.json_19files
2026-07-24 23:56:41 | src_2026-07-24_23-56_backup-history.log_19files
2026-07-25 00:00:09 | src_2026-07-25_00-00_.gitignore_1362files
2026-07-25 00:00:24 | src_2026-07-25_00-00_backup-history.log_1362files
2026-07-25 00:06:22 | src_2026-07-25_00-06_backup-history.log_1files
2026-07-25 00:07:47 | src_2026-07-25_00-07_README.md_6files
2026-07-25 00:08:09 | src_2026-07-25_00-08_backup-history.log_7files
2026-07-25 00:12:02 | src_2026-07-25_00-11_run-audit.cjs_14files
2026-07-25 00:14:12 | src_2026-07-25_00-14_keybindings.json_4files
2026-07-25 00:16:11 | src_2026-07-25_00-16_keybindings.json_4files
2026-07-25 00:52:44 | src_2026-07-25_00-52_smoke-report.json_56files
2026-07-25 00:52:52 | src_2026-07-25_00-52_backup-history.log_2files
2026-07-25 00:59:31 | src_2026-07-25_00-59_smoke-report.json_12files
2026-07-25 01:06:08 | src_2026-07-25_01-06_smoke-report.json_7files
2026-07-25 01:17:33 | src_2026-07-25_01-17_execution-modes.md_5files
2026-07-25 01:21:48 | src_2026-07-25_01-21_Smoke_Test_Report.md_37files
2026-07-25 01:43:39 | src_2026-07-25_01-43_Stage_2_Batch_2_Audit.md_8files
2026-07-25 01:43:53 | src_2026-07-25_01-43_backup-history.log_2files
2026-07-25 08:17:06 | src_2026-07-25_08-16_smoke-report.json_1024files
2026-07-25 08:20:16 | src_2026-07-25_08-20_SmokePlugin.ts_6files
2026-07-25 08:22:00 | src_2026-07-25_08-21_Stage_5_Refactoring_Roadmap.md_3files
2026-07-25 08:25:19 | src_2026-07-25_08-25_smoke-report.json_7files
2026-07-25 08:33:16 | src_2026-07-25_08-33_stage-5-refactoring-roadmap.md_14files
2026-07-25 08:34:10 | src_2026-07-25_08-34_smoke-report.json_3files
2026-07-25 08:37:35 | src_2026-07-25_08-37_smoke-report.json_16files
2026-07-25 08:39:36 | src_2026-07-25_08-39_SKILL.md_6files
2026-07-25 08:43:39 | src_2026-07-25_08-43_stage-1-project-inventory.md_9files
2026-07-25 08:53:14 | src_2026-07-25_08-53_DOMHealthEvaluator.ts_16files
2026-07-25 08:55:00 | src_2026-07-25_08-54_backup-history.log_2files
2026-07-25 08:56:15 | src_2026-07-25_08-56_README.md_3files
2026-07-25 09:09:19 | src_2026-07-25_09-09_smoke-report.json_87files
2026-07-25 09:16:09 | src_2026-07-25_09-16_README.md_11files
2026-07-25 09:17:12 | src_2026-07-25_09-17_README.md_4files
2026-07-25 09:27:41 | src_2026-07-25_09-27_before project hierarchy
2026-07-25 09:27:52 | src_2026-07-25_09-27_before project knowledge
2026-07-25 09:45:15 | src_2026-07-25_09-45_SKILL.md_23files
2026-07-25 09:47:27 | src_2026-07-25_09-47_adminDomain.js_4files
2026-07-25 09:48:43 | src_2026-07-25_09-48_ProductCard.js_5files
2026-07-25 09:50:56 | src_2026-07-25_09-50_smoke-report.json_9files
2026-07-25 09:53:24 | src_2026-07-25_09-53_appBootstrap.js_4files
2026-07-25 09:59:09 | src_2026-07-25_09-59_README.md_20files
2026-07-25 10:05:47 | src_2026-07-25_10-05_SKILL.md_4files
2026-07-25 10:26:21 | src_2026-07-25_10-26_README.md_16files
2026-07-25 10:36:03 | src_2026-07-25_10-36_SearchBarStyles.js_20files
2026-07-25 10:44:33 | src_2026-07-25_10-44_stage-1-project-inventory.md_7files
2026-07-25 10:50:07 | src_2026-07-25_10-50_audit-config.md_17files
2026-07-25 10:51:45 | src_2026-07-25_10-51_ProductCard.js_5files
2026-07-25 10:55:00 | src_2026-07-25_10-54_SearchToolbar.js_10files
2026-07-25 11:04:23 | src_2026-07-25_11-04_SideDrawer.js_23files
2026-07-25 11:07:14 | src_2026-07-25_11-07_UserDetails.js_10files
2026-07-25 11:14:06 | src_2026-07-25_11-14_NavMenu.js_20files
2026-07-25 11:35:18 | src_2026-07-25_11-35_audit-config.md_22files
2026-07-25 11:37:31 | src_2026-07-25_11-37_ProductFormFields.js_10files
2026-07-25 11:40:26 | src_2026-07-25_11-40_audit-config.md_9files
2026-07-25 11:54:03 | src_2026-07-25_11-54_task-004-centralize-cards.md_18files
2026-07-25 12:00:46 | src_2026-07-25_12-00_smoke-report.json_23files
2026-07-25 12:07:45 | src_2026-07-25_12-07_smoke-report.json_20files
2026-07-25 12:09:23 | src_2026-07-25_12-09_ProductImagePanel.js_7files
2026-07-25 12:17:24 | src_2026-07-25_12-17_smoke-report.json_41files
2026-07-25 12:20:05 | src_2026-07-25_12-20_smoke-report.json_10files
2026-07-25 12:27:45 | src_2026-07-25_12-27_AdminContext.ts_11files
2026-07-25 12:29:14 | src_2026-07-25_12-29_smoke-report.json_4files
2026-07-25 12:36:28 | src_2026-07-25_12-36_backup.js_4files
2026-07-25 12:37:11 | src_2026-07-25_12-37_backup-history.log_2files
2026-07-25 12:42:36 | src_2026-07-25_12-42_task-002d4-admin-users-orders-shared-inputs.md_19files
2026-07-25 12:48:50 | src_2026-07-25_12-48_ProductReviewSubcomponents.js_16files
2026-07-25 12:58:27 | src_2026-07-25_12-58_smoke-report.json_25files
2026-07-25 13:06:27 | src_2026-07-25_13-06_smoke-report.json_17files
2026-07-25 13:07:09 | src_2026-07-25_13-07_backup-history.log_2files
2026-07-25 13:09:42 | src_2026-07-25_13-09_AnimatedButton.js_3files
2026-07-25 13:12:11 | src_2026-07-25_13-12_task-004-centralize-cards.md_6files
2026-07-25 13:22:04 | src_2026-07-25_13-22_smoke-report.json_19files
2026-07-25 13:30:39 | src_2026-07-25_13-30_audit-config.md_16files
2026-07-25 14:04:12 | src_2026-07-25_14-04_smoke-report.json_8files
2026-07-25 14:14:07 | src_2026-07-25_14-14_smoke-report.json_16files
2026-07-25 14:16:22 | src_2026-07-25_14-16__id_.js_15files
2026-07-25 14:25:29 | src_2026-07-25_14-25_AdminIcons.js_23files
2026-07-25 14:42:27 | src_2026-07-25_14-42_smoke-report.json_21files
2026-07-25 15:08:43 | src_2026-07-25_15-08_ExplorerConfig.ts_50files
2026-07-25 15:22:01 | src_2026-07-25_15-21_run-2026-07-25-121801.md_9files
2026-07-25 15:28:49 | src_2026-07-25_15-28_run-2026-07-25-122838.md_9files
2026-07-25 15:34:20 | src_2026-07-25_15-34_smoke-report.json_18files
2026-07-25 15:37:59 | src_2026-07-25_15-37_backup-history.log_2files
2026-07-25 15:41:14 | src_2026-07-25_15-41_audit-config.md_5files
2026-07-25 15:51:15 | src_2026-07-25_15-51_5-refactoring-roadmap.md_21files
2026-07-25 15:58:32 | src_2026-07-25_15-58_smoke-report.json_18files
2026-07-25 16:05:43 | src_2026-07-25_16-05_smoke-report.json_12files
2026-07-25 16:06:52 | src_2026-07-25_16-06_backup-history.log_2files
