---
type: dynamic-audit
auditor: ui-architecture
scope: admin
date: 2026-07-26T22:24:15.193Z
---

### URL: http://localhost:8081/admin
- Design System: Hardcoded spacing/border-radius lacking spatial tokens.
  Selector: `div.css-view-g5y9jx.r-transitionProperty-1i6wzkk.r-userSelect-lrvibr.r-cursor-1loqt21.r-touchAction-1otgn73.r-alignItems-1awozwy.r-justifyContent-1777fci.r-backgroundColor-1niwhzg`
- Design System: Hardcoded spacing/border-radius lacking spatial tokens.
  Selector: `svg`
- Design System: Hardcoded spacing/border-radius lacking spatial tokens.
  Selector: `div.css-view-g5y9jx.r-flexDirection-18u37iz`
- Design System: Hardcoded spacing/border-radius lacking spatial tokens.
  Selector: `div.css-view-g5y9jx`
- Design System: Raw/hardcoded CSS color in inline style.
  Selector: `div.css-view-g5y9jx`
- Design System: Raw/hardcoded CSS color in inline style.
  Selector: `div.css-view-g5y9jx.r-borderRadius-1tw7wh.r-height-1or9b2r.r-marginRight-1kb76zh.r-width-5soawk`
- Design System: Hardcoded spacing/border-radius lacking spatial tokens.
  Selector: `div`
- Architecture: Interactive/structural element missing `data-ui` or `data-component` tracking.
  Selector: `button.css-view-g5y9jx.r-transitionProperty-1i6wzkk.r-userSelect-lrvibr.r-cursor-1loqt21.r-touchAction-1otgn73.r-alignItems-1awozwy.r-borderWidth-rs99b7.r-flexDirection-18u37iz.r-gap-1cmwbt1.r-justifyContent-1777fci.r-borderRadius-kdyh1x.r-height-mabqd8.r-paddingInline-3o4zer.r-backgroundColor-fj6wrk.r-borderColor-1wr2p1e`
- Architecture: Interactive/structural element missing `data-ui` or `data-component` tracking.
  Selector: `div.css-view-g5y9jx.r-transitionProperty-1i6wzkk.r-userSelect-lrvibr.r-cursor-1loqt21.r-touchAction-1otgn73.r-alignItems-1awozwy.r-borderRadius-kdyh1x.r-flex-13awgt0.r-height-1pi2tsx.r-justifyContent-1777fci.r-paddingInline-3o4zer.r-zIndex-184en5c`
- Observability: Clickable element touch target is smaller than 44x44px. Size: 32x32
  Selector: `div.css-view-g5y9jx.r-transitionProperty-1i6wzkk.r-userSelect-lrvibr.r-cursor-1loqt21.r-touchAction-1otgn73.r-alignItems-1awozwy.r-justifyContent-1777fci.r-backgroundColor-1niwhzg`
- Observability: Clickable element touch target is smaller than 44x44px. Size: 124x32
  Selector: `button.css-view-g5y9jx.r-transitionProperty-1i6wzkk.r-userSelect-lrvibr.r-cursor-1loqt21.r-touchAction-1otgn73.r-alignItems-1awozwy.r-borderWidth-rs99b7.r-flexDirection-18u37iz.r-gap-1cmwbt1.r-justifyContent-1777fci.r-borderRadius-kdyh1x.r-height-mabqd8.r-paddingInline-3o4zer.r-backgroundColor-fj6wrk.r-borderColor-1wr2p1e`
- Observability: Clickable element touch target is smaller than 44x44px. Size: 135x36
  Selector: `div.css-view-g5y9jx.r-transitionProperty-1i6wzkk.r-userSelect-lrvibr.r-cursor-1loqt21.r-touchAction-1otgn73.r-alignItems-1awozwy.r-borderRadius-kdyh1x.r-flex-13awgt0.r-height-1pi2tsx.r-justifyContent-1777fci.r-paddingInline-3o4zer.r-zIndex-184en5c`
- Observability: Clickable element touch target is smaller than 44x44px. Size: 404x28
  Selector: `div.css-view-g5y9jx.r-transitionProperty-1i6wzkk.r-userSelect-lrvibr.r-cursor-1loqt21.r-touchAction-1otgn73.r-alignItems-1awozwy.r-borderRadius-kdyh1x.r-flex-13awgt0.r-height-1pi2tsx.r-justifyContent-1777fci.r-paddingInline-3o4zer.r-zIndex-184en5c`
- Theme/Motion: Custom CSS transition/animation defined outside token system.
  Selector: `div.css-view-g5y9jx.r-transitionProperty-1i6wzkk.r-userSelect-lrvibr.r-cursor-1loqt21.r-touchAction-1otgn73.r-alignItems-1awozwy.r-justifyContent-1777fci.r-backgroundColor-1niwhzg`
- Theme/Motion: Custom CSS transition/animation defined outside token system.
  Selector: `button.css-view-g5y9jx.r-transitionProperty-1i6wzkk.r-userSelect-lrvibr.r-cursor-1loqt21.r-touchAction-1otgn73.r-alignItems-1awozwy.r-borderWidth-rs99b7.r-flexDirection-18u37iz.r-gap-1cmwbt1.r-justifyContent-1777fci.r-borderRadius-kdyh1x.r-height-mabqd8.r-paddingInline-3o4zer.r-backgroundColor-fj6wrk.r-borderColor-1wr2p1e`
- Theme/Motion: Custom CSS transition/animation defined outside token system.
  Selector: `div.css-view-g5y9jx.r-transitionProperty-1i6wzkk.r-userSelect-lrvibr.r-cursor-1loqt21.r-touchAction-1otgn73.r-alignItems-1awozwy.r-borderRadius-kdyh1x.r-flex-13awgt0.r-height-1pi2tsx.r-justifyContent-1777fci.r-paddingInline-3o4zer.r-zIndex-184en5c`
- Theme/Motion: Custom CSS transition/animation defined outside token system.
  Selector: `div.css-view-g5y9jx.r-transitionProperty-1i6wzkk.r-userSelect-lrvibr.r-cursor-1loqt21.r-touchAction-1otgn73.r-alignItems-1awozwy.r-backgroundColor-1gzzd1q.r-borderColor-1wq0cks.r-borderRadius-1fuqb1j.r-borderWidth-rs99b7.r-boxShadow-118c6o3.r-height-h3s6tt.r-justifyContent-1777fci.r-width-rwqe4o`
- Theme/Motion: Custom CSS transition/animation defined outside token system.
  Selector: `div`
- i18n: Potential hardcoded text string found: "Product 2-2-2-1 RU" without data-i18n tracking.
  Selector: `div.css-text-146c3p1.r-WebkitBoxOrient-8akbws.r-display-krxsd3.r-maxWidth-dnmrzs.r-overflow-1qsk4np.r-textOverflow-1udbk01.r-color-1cucpzw.r-fontFamily-36nht7.r-fontSize-1enofrn.r-fontWeight-16dba41.r-lineHeight-1cwl3u0.r-flexShrink-1wbh5a2.r-marginInlineStart-9mo606.r-width-1n20pny`
- i18n: Potential hardcoded text string found: "Product 1-2-2-1 RU" without data-i18n tracking.
  Selector: `div.css-text-146c3p1.r-WebkitBoxOrient-8akbws.r-display-krxsd3.r-maxWidth-dnmrzs.r-overflow-1qsk4np.r-textOverflow-1udbk01.r-color-1cucpzw.r-fontFamily-36nht7.r-fontSize-1enofrn.r-fontWeight-16dba41.r-lineHeight-1cwl3u0.r-flexShrink-1wbh5a2.r-marginInlineStart-9mo606.r-width-1n20pny`
- i18n: Potential hardcoded text string found: "Product 1-1-2-1 RU11111" without data-i18n tracking.
  Selector: `div.css-text-146c3p1.r-WebkitBoxOrient-8akbws.r-display-krxsd3.r-maxWidth-dnmrzs.r-overflow-1qsk4np.r-textOverflow-1udbk01.r-color-1cucpzw.r-fontFamily-36nht7.r-fontSize-1enofrn.r-fontWeight-16dba41.r-lineHeight-1cwl3u0.r-flexShrink-1wbh5a2.r-marginInlineStart-9mo606.r-width-1n20pny`
- i18n: Potential hardcoded text string found: "Product 2-1-2-1 RU" without data-i18n tracking.
  Selector: `div.css-text-146c3p1.r-WebkitBoxOrient-8akbws.r-display-krxsd3.r-maxWidth-dnmrzs.r-overflow-1qsk4np.r-textOverflow-1udbk01.r-color-1cucpzw.r-fontFamily-36nht7.r-fontSize-1enofrn.r-fontWeight-16dba41.r-lineHeight-1cwl3u0.r-flexShrink-1wbh5a2.r-marginInlineStart-9mo606.r-width-1n20pny`
- i18n: Potential hardcoded text string found: "Product 2-1-1-1 RU" without data-i18n tracking.
  Selector: `div.css-text-146c3p1.r-WebkitBoxOrient-8akbws.r-display-krxsd3.r-maxWidth-dnmrzs.r-overflow-1qsk4np.r-textOverflow-1udbk01.r-color-1cucpzw.r-fontFamily-36nht7.r-fontSize-1enofrn.r-fontWeight-16dba41.r-lineHeight-1cwl3u0.r-flexShrink-1wbh5a2.r-marginInlineStart-9mo606.r-width-1n20pny`
- Design System: Raw/hardcoded CSS color in inline style.
  Selector: `div.css-text-146c3p1.r-fontFamily-36nht7.r-fontSize-10x49cs.r-fontWeight-b88u0q.r-letterSpacing-ud0q2t.r-lineHeight-1f529hi.r-textTransform-tsynxw`
- Design System: Raw/hardcoded CSS color in inline style.
  Selector: `div.css-view-g5y9jx.r-transitionProperty-1i6wzkk.r-userSelect-lrvibr.r-cursor-1loqt21.r-touchAction-1otgn73.r-minHeight-peo1c.r-borderBottomColor-eaxd7d.r-borderBottomWidth-qklmqi.r-gap-ojf8lh.r-paddingBlock-11f147o.r-paddingInline-3pj75a`
- Design System: Raw/hardcoded CSS color in inline style.
  Selector: `div.css-view-g5y9jx.r-alignItems-1awozwy.r-alignSelf-k200y.r-borderWidth-rs99b7.r-flexDirection-18u37iz.r-justifyContent-1777fci`
- Design System: Hardcoded spacing/border-radius lacking spatial tokens.
  Selector: `div.css-view-g5y9jx.r-alignItems-1awozwy.r-alignSelf-k200y.r-borderWidth-rs99b7.r-flexDirection-18u37iz.r-justifyContent-1777fci`
- Design System: Raw/hardcoded CSS color in inline style.
  Selector: `div.css-text-146c3p1.r-fontFamily-36nht7.r-fontSize-10x49cs.r-fontWeight-1qxivpv.r-lineHeight-1cwl3u0.r-includeFontPadding-1rsjblm.r-textAlign-q4m81j`
- Design System: Hardcoded spacing/border-radius lacking spatial tokens.
  Selector: `div.css-text-146c3p1.r-fontFamily-36nht7.r-fontSize-10x49cs.r-fontWeight-16dba41.r-lineHeight-135wba7.r-color-1npgj5g.r-textTransform-tsynxw`
- Observability: Clickable element touch target is smaller than 44x44px. Size: 133x28
  Selector: `div.css-view-g5y9jx.r-transitionProperty-1i6wzkk.r-userSelect-lrvibr.r-cursor-1loqt21.r-touchAction-1otgn73.r-alignItems-1awozwy.r-borderRadius-kdyh1x.r-flex-13awgt0.r-height-1pi2tsx.r-justifyContent-1777fci.r-paddingInline-3o4zer.r-zIndex-184en5c`
- Observability: Clickable element touch target is smaller than 44x44px. Size: 169x14
  Selector: `div.css-view-g5y9jx.r-transitionProperty-1i6wzkk.r-userSelect-lrvibr.r-cursor-1loqt21.r-touchAction-1otgn73.r-alignItems-1awozwy.r-flexDirection-18u37iz.r-gap-9aw3ui.r-flex-13awgt0`
- Observability: Clickable element touch target is smaller than 44x44px. Size: 339x14
  Selector: `div.css-view-g5y9jx.r-transitionProperty-1i6wzkk.r-userSelect-lrvibr.r-cursor-1loqt21.r-touchAction-1otgn73.r-alignItems-1awozwy.r-flexDirection-18u37iz.r-gap-9aw3ui.r-flex-dta0w2`
- Observability: Clickable element touch target is smaller than 44x44px. Size: 254x14
  Selector: `div.css-view-g5y9jx.r-transitionProperty-1i6wzkk.r-userSelect-lrvibr.r-cursor-1loqt21.r-touchAction-1otgn73.r-alignItems-1awozwy.r-flexDirection-18u37iz.r-gap-9aw3ui.r-flex-sax9pr`
- Observability: Clickable element touch target is smaller than 44x44px. Size: 254x14
  Selector: `div.css-view-g5y9jx.r-transitionProperty-1i6wzkk.r-userSelect-lrvibr.r-cursor-1loqt21.r-touchAction-1otgn73.r-flexDirection-18u37iz.r-gap-9aw3ui.r-alignItems-1awozwy.r-flex-sax9pr`
- Observability: Clickable element touch target is smaller than 44x44px. Size: 169x14
  Selector: `div.css-view-g5y9jx.r-transitionProperty-1i6wzkk.r-userSelect-lrvibr.r-cursor-1loqt21.r-touchAction-1otgn73.r-flexDirection-18u37iz.r-gap-9aw3ui.r-alignItems-obd0qt.r-flex-13awgt0`
- Theme/Motion: Custom CSS transition/animation defined outside token system.
  Selector: `div.css-view-g5y9jx.r-transitionProperty-1i6wzkk.r-userSelect-lrvibr.r-cursor-1loqt21.r-touchAction-1otgn73.r-alignItems-1awozwy.r-flexDirection-18u37iz.r-gap-9aw3ui.r-flex-13awgt0`
- Theme/Motion: Custom CSS transition/animation defined outside token system.
  Selector: `div.css-view-g5y9jx.r-transitionProperty-1i6wzkk.r-userSelect-lrvibr.r-cursor-1loqt21.r-touchAction-1otgn73.r-alignItems-1awozwy.r-flexDirection-18u37iz.r-gap-9aw3ui.r-flex-dta0w2`
- Theme/Motion: Custom CSS transition/animation defined outside token system.
  Selector: `div.css-view-g5y9jx.r-transitionProperty-1i6wzkk.r-userSelect-lrvibr.r-cursor-1loqt21.r-touchAction-1otgn73.r-alignItems-1awozwy.r-flexDirection-18u37iz.r-gap-9aw3ui.r-flex-sax9pr`
- Theme/Motion: Custom CSS transition/animation defined outside token system.
  Selector: `div.css-view-g5y9jx.r-transitionProperty-1i6wzkk.r-userSelect-lrvibr.r-cursor-1loqt21.r-touchAction-1otgn73.r-flexDirection-18u37iz.r-gap-9aw3ui.r-alignItems-1awozwy.r-flex-sax9pr`
- Theme/Motion: Custom CSS transition/animation defined outside token system.
  Selector: `div.css-view-g5y9jx.r-transitionProperty-1i6wzkk.r-userSelect-lrvibr.r-cursor-1loqt21.r-touchAction-1otgn73.r-flexDirection-18u37iz.r-gap-9aw3ui.r-alignItems-obd0qt.r-flex-13awgt0`
- Theme/Motion: Custom CSS transition/animation defined outside token system.
  Selector: `div.css-view-g5y9jx.r-transitionProperty-1i6wzkk.r-userSelect-lrvibr.r-cursor-1loqt21.r-touchAction-1otgn73.r-minHeight-peo1c.r-borderBottomColor-eaxd7d.r-borderBottomWidth-qklmqi.r-gap-ojf8lh.r-paddingBlock-11f147o.r-paddingInline-3pj75a`
- i18n: Potential hardcoded text string found: "Unknown" without data-i18n tracking.
  Selector: `div.css-text-146c3p1.r-maxWidth-dnmrzs.r-overflow-1udh08x.r-textOverflow-1udbk01.r-whiteSpace-3s2u2q.r-wordWrap-1iln25a.r-fontFamily-36nht7.r-fontSize-1b43r93.r-fontWeight-vw2c0b.r-lineHeight-135wba7.r-color-kgv7a8`
- Observability: Clickable element touch target is smaller than 44x44px. Size: 134x28
  Selector: `div.css-view-g5y9jx.r-transitionProperty-1i6wzkk.r-userSelect-lrvibr.r-cursor-1loqt21.r-touchAction-1otgn73.r-alignItems-1awozwy.r-borderRadius-kdyh1x.r-flex-13awgt0.r-height-1pi2tsx.r-justifyContent-1777fci.r-paddingInline-3o4zer.r-zIndex-184en5c`
- Observability: Clickable element touch target is smaller than 44x44px. Size: 171x14
  Selector: `div.css-view-g5y9jx.r-transitionProperty-1i6wzkk.r-userSelect-lrvibr.r-cursor-1loqt21.r-touchAction-1otgn73.r-alignItems-1awozwy.r-flexDirection-18u37iz.r-gap-9aw3ui.r-flex-13awgt0`
- Observability: Clickable element touch target is smaller than 44x44px. Size: 343x14
  Selector: `div.css-view-g5y9jx.r-transitionProperty-1i6wzkk.r-userSelect-lrvibr.r-cursor-1loqt21.r-touchAction-1otgn73.r-alignItems-1awozwy.r-flexDirection-18u37iz.r-gap-9aw3ui.r-flex-dta0w2`
- Observability: Clickable element touch target is smaller than 44x44px. Size: 257x14
  Selector: `div.css-view-g5y9jx.r-transitionProperty-1i6wzkk.r-userSelect-lrvibr.r-cursor-1loqt21.r-touchAction-1otgn73.r-alignItems-1awozwy.r-flexDirection-18u37iz.r-gap-9aw3ui.r-flex-sax9pr`
- Observability: Clickable element touch target is smaller than 44x44px. Size: 257x14
  Selector: `div.css-view-g5y9jx.r-transitionProperty-1i6wzkk.r-userSelect-lrvibr.r-cursor-1loqt21.r-touchAction-1otgn73.r-flexDirection-18u37iz.r-gap-9aw3ui.r-alignItems-1awozwy.r-flex-sax9pr`
- Observability: Clickable element touch target is smaller than 44x44px. Size: 171x14
  Selector: `div.css-view-g5y9jx.r-transitionProperty-1i6wzkk.r-userSelect-lrvibr.r-cursor-1loqt21.r-touchAction-1otgn73.r-flexDirection-18u37iz.r-gap-9aw3ui.r-alignItems-obd0qt.r-flex-13awgt0`
- Design System: Raw/hardcoded CSS color in inline style.
  Selector: `div.css-text-146c3p1.r-fontFamily-36nht7.r-fontSize-1b43r93.r-fontWeight-majxgm.r-lineHeight-135wba7.r-flex-13awgt0.r-flexShrink-1wbh5a2.r-textAlign-1ff274t`
- Design System: Raw/hardcoded CSS color in inline style.
  Selector: `div.css-view-g5y9jx.r-alignItems-1awozwy.r-flexDirection-18u37iz.r-justifyContent-1wtj0ep.r-paddingBlock-vuvdlw`
- Design System: Hardcoded spacing/border-radius lacking spatial tokens.
  Selector: `div.css-view-g5y9jx.r-alignItems-1awozwy.r-flexDirection-18u37iz.r-justifyContent-1wtj0ep.r-paddingBlock-vuvdlw`
- Design System: Raw/hardcoded CSS color in inline style.
  Selector: `div.css-view-g5y9jx.r-alignItems-1awozwy.r-borderBottomColor-eaxd7d.r-flexDirection-18u37iz.r-justifyContent-1wtj0ep.r-paddingBlock-vuvdlw`
- Design System: Hardcoded spacing/border-radius lacking spatial tokens.
  Selector: `div.css-view-g5y9jx.r-alignItems-1awozwy.r-borderBottomColor-eaxd7d.r-flexDirection-18u37iz.r-justifyContent-1wtj0ep.r-paddingBlock-vuvdlw`
- Design System: Raw/hardcoded CSS color in inline style.
  Selector: `div.css-text-146c3p1.r-fontFamily-36nht7.r-fontSize-1b43r93.r-fontWeight-vw2c0b.r-lineHeight-135wba7.r-flex-13awgt0`
- Design System: Raw/hardcoded CSS color in inline style.
  Selector: `div.css-text-146c3p1.r-fontFamily-36nht7.r-fontSize-1b43r93.r-fontWeight-vw2c0b.r-lineHeight-135wba7.r-textAlign-1ff274t.r-width-1glkqn6`
- Design System: Raw/hardcoded CSS color in inline style.
  Selector: `button.css-view-g5y9jx.r-touchAction-1otgn73.r-alignItems-1awozwy.r-cursor-1loqt21.r-flexDirection-18u37iz.r-justifyContent-1777fci.r-borderRadius-y47klf.r-minHeight-15ysp7h.r-paddingBlock-vuvdlw.r-paddingInline-gu64tb`
- Design System: Raw/hardcoded CSS color in inline style.
  Selector: `div.css-text-146c3p1.r-fontFamily-36nht7.r-fontSize-n62j09.r-fontWeight-1y8rou7.r-lineHeight-135wba7`
- Design System: Hardcoded spacing/border-radius lacking spatial tokens.
  Selector: `div.css-view-g5y9jx.r-backgroundColor-1ins33t.r-borderColor-1w15a45.r-borderWidth-rs99b7.r-flexDirection-18u37iz.r-width-13qz1uu`
- Design System: Raw/hardcoded CSS color in inline style.
  Selector: `textarea.css-textinput-11aywtz.r-placeholderTextColor-6taxm2.r-flex-13awgt0.r-margin-crgep1.r-paddingBlock-1mmae3n.r-verticalAlign-ad9o1y.r-backgroundColor-14lw9ot.r-color-kgv7a8`
- Design System: Hardcoded spacing/border-radius lacking spatial tokens.
  Selector: `textarea.css-textinput-11aywtz.r-placeholderTextColor-6taxm2.r-flex-13awgt0.r-margin-crgep1.r-paddingBlock-1mmae3n.r-verticalAlign-ad9o1y.r-backgroundColor-14lw9ot.r-color-kgv7a8`
- Architecture: Interactive/structural element missing `data-ui` or `data-component` tracking.
  Selector: `button.css-view-g5y9jx.r-touchAction-1otgn73.r-alignItems-1awozwy.r-cursor-1loqt21.r-flexDirection-18u37iz.r-justifyContent-1777fci.r-borderRadius-y47klf.r-minHeight-15ysp7h.r-paddingBlock-vuvdlw.r-paddingInline-gu64tb`
- Architecture: Interactive/structural element missing `data-ui` or `data-component` tracking.
  Selector: `textarea.css-textinput-11aywtz.r-placeholderTextColor-6taxm2.r-flex-13awgt0.r-margin-crgep1.r-paddingBlock-1mmae3n.r-verticalAlign-ad9o1y.r-backgroundColor-14lw9ot.r-color-kgv7a8`
- Observability: Clickable element touch target is smaller than 44x44px. Size: 1217x24
  Selector: `div.css-view-g5y9jx.r-transitionProperty-1i6wzkk.r-userSelect-lrvibr.r-cursor-1loqt21.r-touchAction-1otgn73.r-alignItems-1awozwy.r-flexDirection-18u37iz.r-marginBottom-117bsoe`
- Observability: Clickable element touch target is smaller than 44x44px. Size: 1217x38
  Selector: `button.css-view-g5y9jx.r-touchAction-1otgn73.r-alignItems-1awozwy.r-cursor-1loqt21.r-flexDirection-18u37iz.r-justifyContent-1777fci.r-borderRadius-y47klf.r-minHeight-15ysp7h.r-paddingBlock-vuvdlw.r-paddingInline-gu64tb`
- Theme/Motion: Custom CSS transition/animation defined outside token system.
  Selector: `div.css-view-g5y9jx.r-transitionProperty-1i6wzkk.r-userSelect-lrvibr.r-cursor-1loqt21.r-touchAction-1otgn73.r-alignItems-1awozwy.r-flexDirection-18u37iz.r-marginBottom-117bsoe`
- i18n: Potential hardcoded text string found: "Dnipro" without data-i18n tracking.
  Selector: `div.css-text-146c3p1.r-fontFamily-36nht7.r-fontSize-1b43r93.r-fontWeight-majxgm.r-lineHeight-135wba7.r-color-kgv7a8.r-flex-13awgt0.r-flexShrink-1wbh5a2.r-textAlign-1ff274t`
- i18n: Potential hardcoded text string found: "Product 2-2-1-1 RU" without data-i18n tracking.
  Selector: `div.css-text-146c3p1.r-WebkitBoxOrient-8akbws.r-display-krxsd3.r-maxWidth-dnmrzs.r-overflow-1qsk4np.r-textOverflow-1udbk01.r-fontFamily-36nht7.r-fontSize-1b43r93.r-fontWeight-16dba41.r-lineHeight-135wba7.r-color-kgv7a8.r-flex-13awgt0`
- Observability: Clickable element touch target is smaller than 44x44px. Size: 170x14
  Selector: `div.css-view-g5y9jx.r-transitionProperty-1i6wzkk.r-userSelect-lrvibr.r-cursor-1loqt21.r-touchAction-1otgn73.r-alignItems-1awozwy.r-flexDirection-18u37iz.r-gap-9aw3ui.r-flex-13awgt0`
- Observability: Clickable element touch target is smaller than 44x44px. Size: 341x14
  Selector: `div.css-view-g5y9jx.r-transitionProperty-1i6wzkk.r-userSelect-lrvibr.r-cursor-1loqt21.r-touchAction-1otgn73.r-alignItems-1awozwy.r-flexDirection-18u37iz.r-gap-9aw3ui.r-flex-dta0w2`
- Observability: Clickable element touch target is smaller than 44x44px. Size: 256x14
  Selector: `div.css-view-g5y9jx.r-transitionProperty-1i6wzkk.r-userSelect-lrvibr.r-cursor-1loqt21.r-touchAction-1otgn73.r-alignItems-1awozwy.r-flexDirection-18u37iz.r-gap-9aw3ui.r-flex-sax9pr`
- Observability: Clickable element touch target is smaller than 44x44px. Size: 256x14
  Selector: `div.css-view-g5y9jx.r-transitionProperty-1i6wzkk.r-userSelect-lrvibr.r-cursor-1loqt21.r-touchAction-1otgn73.r-flexDirection-18u37iz.r-gap-9aw3ui.r-alignItems-1awozwy.r-flex-sax9pr`
- Observability: Clickable element touch target is smaller than 44x44px. Size: 170x14
  Selector: `div.css-view-g5y9jx.r-transitionProperty-1i6wzkk.r-userSelect-lrvibr.r-cursor-1loqt21.r-touchAction-1otgn73.r-flexDirection-18u37iz.r-gap-9aw3ui.r-alignItems-obd0qt.r-flex-13awgt0`
- Observability: Clickable element touch target is smaller than 44x44px. Size: 173x14
  Selector: `div.css-view-g5y9jx.r-transitionProperty-1i6wzkk.r-userSelect-lrvibr.r-cursor-1loqt21.r-touchAction-1otgn73.r-alignItems-1awozwy.r-flexDirection-18u37iz.r-gap-9aw3ui.r-flex-13awgt0`
- Observability: Clickable element touch target is smaller than 44x44px. Size: 345x14
  Selector: `div.css-view-g5y9jx.r-transitionProperty-1i6wzkk.r-userSelect-lrvibr.r-cursor-1loqt21.r-touchAction-1otgn73.r-alignItems-1awozwy.r-flexDirection-18u37iz.r-gap-9aw3ui.r-flex-dta0w2`
- Observability: Clickable element touch target is smaller than 44x44px. Size: 259x14
  Selector: `div.css-view-g5y9jx.r-transitionProperty-1i6wzkk.r-userSelect-lrvibr.r-cursor-1loqt21.r-touchAction-1otgn73.r-alignItems-1awozwy.r-flexDirection-18u37iz.r-gap-9aw3ui.r-flex-sax9pr`
- Observability: Clickable element touch target is smaller than 44x44px. Size: 259x14
  Selector: `div.css-view-g5y9jx.r-transitionProperty-1i6wzkk.r-userSelect-lrvibr.r-cursor-1loqt21.r-touchAction-1otgn73.r-flexDirection-18u37iz.r-gap-9aw3ui.r-alignItems-1awozwy.r-flex-sax9pr`
- Observability: Clickable element touch target is smaller than 44x44px. Size: 173x14
  Selector: `div.css-view-g5y9jx.r-transitionProperty-1i6wzkk.r-userSelect-lrvibr.r-cursor-1loqt21.r-touchAction-1otgn73.r-flexDirection-18u37iz.r-gap-9aw3ui.r-alignItems-obd0qt.r-flex-13awgt0`
- i18n: Potential hardcoded text string found: "Product 1-1-2-1 RU11111" without data-i18n tracking.
  Selector: `div.css-text-146c3p1.r-WebkitBoxOrient-8akbws.r-display-krxsd3.r-maxWidth-dnmrzs.r-overflow-1qsk4np.r-textOverflow-1udbk01.r-fontFamily-36nht7.r-fontSize-1b43r93.r-fontWeight-16dba41.r-lineHeight-135wba7.r-color-kgv7a8.r-flex-13awgt0`
- i18n: Potential hardcoded text string found: "Product 1-2-1-1 RU" without data-i18n tracking.
  Selector: `div.css-text-146c3p1.r-WebkitBoxOrient-8akbws.r-display-krxsd3.r-maxWidth-dnmrzs.r-overflow-1qsk4np.r-textOverflow-1udbk01.r-fontFamily-36nht7.r-fontSize-1b43r93.r-fontWeight-16dba41.r-lineHeight-135wba7.r-color-kgv7a8.r-flex-13awgt0`
- i18n: Potential hardcoded text string found: "Product 1-2-2-1 RU" without data-i18n tracking.
  Selector: `div.css-text-146c3p1.r-WebkitBoxOrient-8akbws.r-display-krxsd3.r-maxWidth-dnmrzs.r-overflow-1qsk4np.r-textOverflow-1udbk01.r-fontFamily-36nht7.r-fontSize-1b43r93.r-fontWeight-16dba41.r-lineHeight-135wba7.r-color-kgv7a8.r-flex-13awgt0`
- i18n: Potential hardcoded text string found: "Product 2-1-2-1 RU" without data-i18n tracking.
  Selector: `div.css-text-146c3p1.r-WebkitBoxOrient-8akbws.r-display-krxsd3.r-maxWidth-dnmrzs.r-overflow-1qsk4np.r-textOverflow-1udbk01.r-fontFamily-36nht7.r-fontSize-1b43r93.r-fontWeight-16dba41.r-lineHeight-135wba7.r-color-kgv7a8.r-flex-13awgt0`
- i18n: Potential hardcoded text string found: "Product 2-2-2-1 RU" without data-i18n tracking.
  Selector: `div.css-text-146c3p1.r-WebkitBoxOrient-8akbws.r-display-krxsd3.r-maxWidth-dnmrzs.r-overflow-1qsk4np.r-textOverflow-1udbk01.r-fontFamily-36nht7.r-fontSize-1b43r93.r-fontWeight-16dba41.r-lineHeight-135wba7.r-color-kgv7a8.r-flex-13awgt0`
- i18n: Potential hardcoded text string found: "Product 2-1-1-1 RU" without data-i18n tracking.
  Selector: `div.css-text-146c3p1.r-WebkitBoxOrient-8akbws.r-display-krxsd3.r-maxWidth-dnmrzs.r-overflow-1qsk4np.r-textOverflow-1udbk01.r-fontFamily-36nht7.r-fontSize-1b43r93.r-fontWeight-16dba41.r-lineHeight-135wba7.r-color-kgv7a8.r-flex-13awgt0`
- Design System: Raw/hardcoded CSS color in inline style.
  Selector: `input.css-textinput-11aywtz.r-placeholderTextColor-6taxm2.r-color-kgv7a8.r-flex-13awgt0.r-margin-crgep1.r-paddingBlock-1mkv55d`
- Design System: Raw/hardcoded CSS color in inline style.
  Selector: `div.css-text-146c3p1.r-fontFamily-36nht7.r-fontSize-1gkfh8e.r-fontWeight-1qxivpv.r-lineHeight-1cwl3u0.r-includeFontPadding-1rsjblm.r-textAlign-q4m81j`
- Design System: Hardcoded spacing/border-radius lacking spatial tokens.
  Selector: `div.css-view-g5y9jx.r-transitionProperty-1i6wzkk.r-userSelect-lrvibr.r-cursor-1loqt21.r-touchAction-1otgn73.r-alignItems-1awozwy.r-minHeight-peo1c.r-borderBottomColor-eaxd7d.r-borderBottomWidth-qklmqi.r-flexDirection-eqz5dr.r-gap-9aw3ui.r-paddingInline-3pj75a`
- Design System: Hardcoded spacing/border-radius lacking spatial tokens.
  Selector: `div.css-view-g5y9jx.r-justifyContent-1777fci.r-flex-sax9pr`
- Design System: Raw/hardcoded CSS color in inline style.
  Selector: `div.css-view-g5y9jx.r-transitionProperty-1i6wzkk.r-userSelect-lrvibr.r-cursor-1loqt21.r-touchAction-1otgn73.r-alignItems-1awozwy.r-minHeight-peo1c.r-borderBottomColor-eaxd7d.r-borderBottomWidth-qklmqi.r-flexDirection-eqz5dr.r-gap-9aw3ui.r-paddingInline-3pj75a`
- Design System: Hardcoded spacing/border-radius lacking spatial tokens.
  Selector: `div.css-view-g5y9jx.r-transitionProperty-1i6wzkk.r-userSelect-lrvibr.r-cursor-1loqt21.r-touchAction-1otgn73.r-alignItems-1awozwy.r-minHeight-peo1c.r-backgroundColor-1ins33t.r-borderBottomColor-eaxd7d.r-borderBottomWidth-qklmqi.r-flexDirection-eqz5dr.r-gap-9aw3ui.r-paddingInline-3pj75a`
- Architecture: Interactive/structural element missing `data-ui` or `data-component` tracking.
  Selector: `input.css-textinput-11aywtz.r-placeholderTextColor-6taxm2.r-color-kgv7a8.r-flex-13awgt0.r-margin-crgep1.r-paddingBlock-1mkv55d`
- Architecture: Interactive/structural element missing `data-ui` or `data-component` tracking.
  Selector: `button.css-view-g5y9jx.r-transitionProperty-1i6wzkk.r-userSelect-lrvibr.r-cursor-1loqt21.r-touchAction-1otgn73.r-alignItems-1awozwy.r-borderWidth-rs99b7.r-flexDirection-18u37iz.r-gap-1cmwbt1.r-justifyContent-1777fci.r-borderRadius-1xfd6ze.r-height-eu3ka.r-paddingInline-3pj75a.r-backgroundColor-wt1z2b.r-borderColor-1jl7vqb`
- Observability: Clickable element touch target is smaller than 44x44px. Size: 140x16
  Selector: `div.css-view-g5y9jx.r-transitionProperty-1i6wzkk.r-userSelect-lrvibr.r-cursor-1loqt21.r-touchAction-1otgn73`
- Observability: Clickable element touch target is smaller than 44x44px. Size: 119x16
  Selector: `div.css-view-g5y9jx.r-transitionProperty-1i6wzkk.r-userSelect-lrvibr.r-cursor-1loqt21.r-touchAction-1otgn73`
- Observability: Clickable element touch target is smaller than 44x44px. Size: 173x40
  Selector: `button.css-view-g5y9jx.r-transitionProperty-1i6wzkk.r-userSelect-lrvibr.r-cursor-1loqt21.r-touchAction-1otgn73.r-alignItems-1awozwy.r-borderWidth-rs99b7.r-flexDirection-18u37iz.r-gap-1cmwbt1.r-justifyContent-1777fci.r-borderRadius-1xfd6ze.r-height-eu3ka.r-paddingInline-3pj75a.r-backgroundColor-wt1z2b.r-borderColor-1jl7vqb`
- Observability: Clickable element touch target is smaller than 44x44px. Size: 281x28
  Selector: `div.css-view-g5y9jx.r-transitionProperty-1i6wzkk.r-userSelect-lrvibr.r-cursor-1loqt21.r-touchAction-1otgn73.r-alignItems-1awozwy.r-flexDirection-18u37iz.r-gap-9aw3ui.r-flex-sax9pr`
- Observability: Clickable element touch target is smaller than 44x44px. Size: 187x28
  Selector: `div.css-view-g5y9jx.r-transitionProperty-1i6wzkk.r-userSelect-lrvibr.r-cursor-1loqt21.r-touchAction-1otgn73.r-alignItems-1awozwy.r-flexDirection-18u37iz.r-gap-9aw3ui.r-flex-13awgt0`
- Observability: Clickable element touch target is smaller than 44x44px. Size: 150x28
  Selector: `div.css-view-g5y9jx.r-transitionProperty-1i6wzkk.r-userSelect-lrvibr.r-cursor-1loqt21.r-touchAction-1otgn73.r-alignItems-1awozwy.r-flexDirection-18u37iz.r-gap-9aw3ui.r-flex-1j6g5un`
- Observability: Clickable element touch target is smaller than 44x44px. Size: 112x28
  Selector: `div.css-view-g5y9jx.r-transitionProperty-1i6wzkk.r-userSelect-lrvibr.r-cursor-1loqt21.r-touchAction-1otgn73.r-alignItems-1awozwy.r-flexDirection-18u37iz.r-gap-9aw3ui.r-flex-41uqdh`
- Observability: Clickable element touch target is smaller than 44x44px. Size: 131x28
  Selector: `div.css-view-g5y9jx.r-transitionProperty-1i6wzkk.r-userSelect-lrvibr.r-cursor-1loqt21.r-touchAction-1otgn73.r-alignItems-1awozwy.r-flexDirection-18u37iz.r-gap-9aw3ui.r-flex-1w3sgar`
- Theme/Motion: Custom CSS transition/animation defined outside token system.
  Selector: `div.css-view-g5y9jx.r-transitionProperty-1i6wzkk.r-userSelect-lrvibr.r-cursor-1loqt21.r-touchAction-1otgn73`
- Theme/Motion: Custom CSS transition/animation defined outside token system.
  Selector: `button.css-view-g5y9jx.r-transitionProperty-1i6wzkk.r-userSelect-lrvibr.r-cursor-1loqt21.r-touchAction-1otgn73.r-alignItems-1awozwy.r-borderWidth-rs99b7.r-flexDirection-18u37iz.r-gap-1cmwbt1.r-justifyContent-1777fci.r-borderRadius-1xfd6ze.r-height-eu3ka.r-paddingInline-3pj75a.r-backgroundColor-wt1z2b.r-borderColor-1jl7vqb`
- Theme/Motion: Custom CSS transition/animation defined outside token system.
  Selector: `div.css-view-g5y9jx.r-transitionProperty-1i6wzkk.r-userSelect-lrvibr.r-cursor-1loqt21.r-touchAction-1otgn73.r-alignItems-1awozwy.r-flexDirection-18u37iz.r-gap-9aw3ui.r-flex-1j6g5un`
- Theme/Motion: Custom CSS transition/animation defined outside token system.
  Selector: `div.css-view-g5y9jx.r-transitionProperty-1i6wzkk.r-userSelect-lrvibr.r-cursor-1loqt21.r-touchAction-1otgn73.r-alignItems-1awozwy.r-flexDirection-18u37iz.r-gap-9aw3ui.r-flex-41uqdh`
- Theme/Motion: Custom CSS transition/animation defined outside token system.
  Selector: `div.css-view-g5y9jx.r-transitionProperty-1i6wzkk.r-userSelect-lrvibr.r-cursor-1loqt21.r-touchAction-1otgn73.r-alignItems-1awozwy.r-flexDirection-18u37iz.r-gap-9aw3ui.r-flex-1w3sgar`
- Theme/Motion: Custom CSS transition/animation defined outside token system.
  Selector: `div.css-view-g5y9jx.r-transitionProperty-1i6wzkk.r-userSelect-lrvibr.r-cursor-1loqt21.r-touchAction-1otgn73.r-alignItems-1awozwy.r-minHeight-peo1c.r-borderBottomColor-eaxd7d.r-borderBottomWidth-qklmqi.r-flexDirection-eqz5dr.r-gap-9aw3ui.r-paddingInline-3pj75a`
- Theme/Motion: Custom CSS transition/animation defined outside token system.
  Selector: `div.css-view-g5y9jx.r-transitionProperty-1i6wzkk.r-userSelect-lrvibr.r-cursor-1loqt21.r-touchAction-1otgn73.r-alignItems-1awozwy.r-minHeight-peo1c.r-backgroundColor-1ins33t.r-borderBottomColor-eaxd7d.r-borderBottomWidth-qklmqi.r-flexDirection-eqz5dr.r-gap-9aw3ui.r-paddingInline-3pj75a`
- i18n: Potential hardcoded text string found: "Product 1-1-1-1 EN" without data-i18n tracking.
  Selector: `div.css-text-146c3p1.r-maxWidth-dnmrzs.r-overflow-1udh08x.r-textOverflow-1udbk01.r-whiteSpace-3s2u2q.r-wordWrap-1iln25a.r-fontFamily-36nht7.r-fontSize-ubezar.r-fontWeight-16dba41.r-lineHeight-135wba7.r-color-kgv7a8`
- i18n: Potential hardcoded text string found: "Product 1-1-2-1 EN" without data-i18n tracking.
  Selector: `div.css-text-146c3p1.r-maxWidth-dnmrzs.r-overflow-1udh08x.r-textOverflow-1udbk01.r-whiteSpace-3s2u2q.r-wordWrap-1iln25a.r-fontFamily-36nht7.r-fontSize-ubezar.r-fontWeight-16dba41.r-lineHeight-135wba7.r-color-kgv7a8`
- i18n: Potential hardcoded text string found: "Product 1-2-1-1 EN" without data-i18n tracking.
  Selector: `div.css-text-146c3p1.r-maxWidth-dnmrzs.r-overflow-1udh08x.r-textOverflow-1udbk01.r-whiteSpace-3s2u2q.r-wordWrap-1iln25a.r-fontFamily-36nht7.r-fontSize-ubezar.r-fontWeight-16dba41.r-lineHeight-135wba7.r-color-kgv7a8`
- i18n: Potential hardcoded text string found: "Product 1-2-2-1 EN" without data-i18n tracking.
  Selector: `div.css-text-146c3p1.r-maxWidth-dnmrzs.r-overflow-1udh08x.r-textOverflow-1udbk01.r-whiteSpace-3s2u2q.r-wordWrap-1iln25a.r-fontFamily-36nht7.r-fontSize-ubezar.r-fontWeight-16dba41.r-lineHeight-135wba7.r-color-kgv7a8`
- i18n: Potential hardcoded text string found: "Product 2-1-1-1 EN" without data-i18n tracking.
  Selector: `div.css-text-146c3p1.r-maxWidth-dnmrzs.r-overflow-1udh08x.r-textOverflow-1udbk01.r-whiteSpace-3s2u2q.r-wordWrap-1iln25a.r-fontFamily-36nht7.r-fontSize-ubezar.r-fontWeight-16dba41.r-lineHeight-135wba7.r-color-kgv7a8`
- i18n: Potential hardcoded text string found: "Product 2-1-2-1 EN" without data-i18n tracking.
  Selector: `div.css-text-146c3p1.r-maxWidth-dnmrzs.r-overflow-1udh08x.r-textOverflow-1udbk01.r-whiteSpace-3s2u2q.r-wordWrap-1iln25a.r-fontFamily-36nht7.r-fontSize-ubezar.r-fontWeight-16dba41.r-lineHeight-135wba7.r-color-kgv7a8`
- i18n: Potential hardcoded text string found: "Product 2-2-1-1 EN" without data-i18n tracking.
  Selector: `div.css-text-146c3p1.r-maxWidth-dnmrzs.r-overflow-1udh08x.r-textOverflow-1udbk01.r-whiteSpace-3s2u2q.r-wordWrap-1iln25a.r-fontFamily-36nht7.r-fontSize-ubezar.r-fontWeight-16dba41.r-lineHeight-135wba7.r-color-kgv7a8`
- i18n: Potential hardcoded text string found: "Product 2-2-2-1 EN" without data-i18n tracking.
  Selector: `div.css-text-146c3p1.r-maxWidth-dnmrzs.r-overflow-1udh08x.r-textOverflow-1udbk01.r-whiteSpace-3s2u2q.r-wordWrap-1iln25a.r-fontFamily-36nht7.r-fontSize-ubezar.r-fontWeight-16dba41.r-lineHeight-135wba7.r-color-kgv7a8`
- Design System: Hardcoded spacing/border-radius lacking spatial tokens.
  Selector: `div.css-view-g5y9jx.r-backgroundColor-1ins33t.r-borderWidth-rs99b7.r-flexDirection-18u37iz.r-width-13qz1uu.r-borderColor-169eryd`
- Observability: Clickable element touch target is smaller than 44x44px. Size: 1217x24
  Selector: `div.css-view-g5y9jx.r-transitionProperty-1i6wzkk.r-userSelect-lrvibr.r-cursor-1loqt21.r-touchAction-1otgn73.r-alignItems-1awozwy.r-flexDirection-18u37iz.r-marginBottom-1peese0`
- Theme/Motion: Custom CSS transition/animation defined outside token system.
  Selector: `div.css-view-g5y9jx.r-transitionProperty-1i6wzkk.r-userSelect-lrvibr.r-cursor-1loqt21.r-touchAction-1otgn73.r-alignItems-1awozwy.r-flexDirection-18u37iz.r-marginBottom-1peese0`
- Design System: Hardcoded spacing/border-radius lacking spatial tokens.
  Selector: `div.css-view-g5y9jx.r-transitionProperty-1i6wzkk.r-userSelect-lrvibr.r-cursor-1loqt21.r-touchAction-1otgn73.r-alignItems-1awozwy.r-borderWidth-1rf8fdq.r-flexDirection-18u37iz.r-gap-ojf8lh.r-justifyContent-1777fci.r-backgroundColor-14lw9ot.r-borderColor-4s656n`
- Design System: Raw/hardcoded CSS color in inline style.
  Selector: `input.css-textinput-11aywtz.r-placeholderTextColor-6taxm2.r-flex-13awgt0.r-margin-crgep1.r-paddingBlock-1mkv55d.r-backgroundColor-fj6wrk.r-borderColor-1t4g3vi.r-borderRadius-1xfd6ze.r-borderWidth-rs99b7.r-color-kgv7a8.r-height-eu3ka.r-outlineStyle-1ny4l3l.r-paddingInline-3o4zer`
- Design System: Raw/hardcoded CSS color in inline style.
  Selector: `textarea.css-textinput-11aywtz.r-placeholderTextColor-6taxm2.r-flex-13awgt0.r-margin-crgep1.r-backgroundColor-fj6wrk.r-borderColor-1t4g3vi.r-borderRadius-1xfd6ze.r-borderWidth-rs99b7.r-color-kgv7a8.r-height-wy61xf.r-outlineStyle-1ny4l3l.r-paddingBlock-ytbthy.r-paddingInline-3o4zer.r-verticalAlign-ad9o1y`
- Design System: Raw/hardcoded CSS color in inline style.
  Selector: `div.css-text-146c3p1.r-fontFamily-36nht7.r-fontSize-rk4zbf.r-fontWeight-1qxivpv.r-lineHeight-135wba7.r-textAlign-q4m81j`
- Architecture: Interactive/structural element missing `data-ui` or `data-component` tracking.
  Selector: `input.css-textinput-11aywtz.r-placeholderTextColor-6taxm2.r-flex-13awgt0.r-margin-crgep1.r-paddingBlock-1mkv55d.r-backgroundColor-fj6wrk.r-borderColor-1t4g3vi.r-borderRadius-1xfd6ze.r-borderWidth-rs99b7.r-color-kgv7a8.r-height-eu3ka.r-outlineStyle-1ny4l3l.r-paddingInline-3o4zer`
- Architecture: Interactive/structural element missing `data-ui` or `data-component` tracking.
  Selector: `textarea.css-textinput-11aywtz.r-placeholderTextColor-6taxm2.r-flex-13awgt0.r-margin-crgep1.r-backgroundColor-fj6wrk.r-borderColor-1t4g3vi.r-borderRadius-1xfd6ze.r-borderWidth-rs99b7.r-color-kgv7a8.r-height-wy61xf.r-outlineStyle-1ny4l3l.r-paddingBlock-ytbthy.r-paddingInline-3o4zer.r-verticalAlign-ad9o1y`
- Architecture: Interactive/structural element missing `data-ui` or `data-component` tracking.
  Selector: `button.css-view-g5y9jx.r-touchAction-1otgn73.r-alignItems-1awozwy.r-cursor-1loqt21.r-flexDirection-18u37iz.r-justifyContent-1777fci.r-borderRadius-y47klf.r-borderWidth-1rf8fdq.r-minHeight-15ysp7h.r-paddingBlock-vuvdlw.r-paddingInline-gu64tb.r-backgroundColor-wt1z2b.r-borderColor-1jl7vqb`
- Architecture: Interactive/structural element missing `data-ui` or `data-component` tracking.
  Selector: `button.css-view-g5y9jx.r-touchAction-1otgn73.r-alignItems-1awozwy.r-cursor-1loqt21.r-flexDirection-18u37iz.r-justifyContent-1777fci.r-backgroundColor-14lw9ot.r-borderColor-1wr2p1e.r-borderRadius-y47klf.r-borderWidth-1rf8fdq.r-minHeight-15ysp7h.r-paddingBlock-vuvdlw.r-paddingInline-gu64tb`
- Architecture: Interactive/structural element missing `data-ui` or `data-component` tracking.
  Selector: `button.css-view-g5y9jx.r-transitionProperty-1i6wzkk.r-userSelect-lrvibr.r-cursor-1loqt21.r-touchAction-1otgn73.r-alignItems-1awozwy.r-borderWidth-rs99b7.r-flexDirection-18u37iz.r-gap-1cmwbt1.r-justifyContent-1777fci.r-borderRadius-1xfd6ze.r-height-eu3ka.r-paddingInline-3pj75a.r-backgroundColor-11jo552.r-borderColor-en0kqj`
- Architecture: Interactive/structural element missing `data-ui` or `data-component` tracking.
  Selector: `button.css-view-g5y9jx.r-transitionProperty-1i6wzkk.r-userSelect-lrvibr.r-cursor-1loqt21.r-touchAction-1otgn73.r-alignItems-1awozwy.r-borderWidth-rs99b7.r-flexDirection-18u37iz.r-gap-1cmwbt1.r-justifyContent-1777fci.r-borderRadius-1xfd6ze.r-height-eu3ka.r-paddingInline-3pj75a.r-backgroundColor-fj6wrk.r-borderColor-1wr2p1e`
- Architecture: Interactive/structural element missing `data-ui` or `data-component` tracking.
  Selector: `button.css-view-g5y9jx.r-transitionProperty-1i6wzkk.r-userSelect-lrvibr.r-cursor-1loqt21.r-touchAction-1otgn73.r-alignItems-1awozwy.r-borderWidth-rs99b7.r-flexDirection-18u37iz.r-gap-1cmwbt1.r-justifyContent-1777fci.r-borderRadius-1xfd6ze.r-height-eu3ka.r-paddingInline-3pj75a.r-backgroundColor-1bbz6r5.r-borderColor-1fvvsgw`
- Observability: Clickable element touch target is smaller than 44x44px. Size: 51x40
  Selector: `div.css-view-g5y9jx.r-transitionProperty-1i6wzkk.r-userSelect-lrvibr.r-cursor-1loqt21.r-touchAction-1otgn73.r-alignItems-1awozwy.r-borderWidth-1rf8fdq.r-flexDirection-18u37iz.r-gap-ojf8lh.r-justifyContent-1777fci.r-backgroundColor-14lw9ot.r-borderColor-4s656n`
- Observability: Clickable element touch target is smaller than 44x44px. Size: 50x40
  Selector: `div.css-view-g5y9jx.r-transitionProperty-1i6wzkk.r-userSelect-lrvibr.r-cursor-1loqt21.r-touchAction-1otgn73.r-alignItems-1awozwy.r-borderWidth-1rf8fdq.r-flexDirection-18u37iz.r-gap-ojf8lh.r-justifyContent-1777fci.r-backgroundColor-14lw9ot.r-borderColor-4s656n`
- Observability: Clickable element touch target is smaller than 44x44px. Size: 457x38
  Selector: `button.css-view-g5y9jx.r-touchAction-1otgn73.r-alignItems-1awozwy.r-cursor-1loqt21.r-flexDirection-18u37iz.r-justifyContent-1777fci.r-borderRadius-y47klf.r-borderWidth-1rf8fdq.r-minHeight-15ysp7h.r-paddingBlock-vuvdlw.r-paddingInline-gu64tb.r-backgroundColor-wt1z2b.r-borderColor-1jl7vqb`
- Observability: Clickable element touch target is smaller than 44x44px. Size: 457x38
  Selector: `button.css-view-g5y9jx.r-touchAction-1otgn73.r-alignItems-1awozwy.r-cursor-1loqt21.r-flexDirection-18u37iz.r-justifyContent-1777fci.r-backgroundColor-14lw9ot.r-borderColor-1wr2p1e.r-borderRadius-y47klf.r-borderWidth-1rf8fdq.r-minHeight-15ysp7h.r-paddingBlock-vuvdlw.r-paddingInline-gu64tb`
- Observability: Clickable element touch target is smaller than 44x44px. Size: 457x40
  Selector: `button.css-view-g5y9jx.r-transitionProperty-1i6wzkk.r-userSelect-lrvibr.r-cursor-1loqt21.r-touchAction-1otgn73.r-alignItems-1awozwy.r-borderWidth-rs99b7.r-flexDirection-18u37iz.r-gap-1cmwbt1.r-justifyContent-1777fci.r-borderRadius-1xfd6ze.r-height-eu3ka.r-paddingInline-3pj75a.r-backgroundColor-11jo552.r-borderColor-en0kqj`
- Observability: Clickable element touch target is smaller than 44x44px. Size: 128x40
  Selector: `button.css-view-g5y9jx.r-transitionProperty-1i6wzkk.r-userSelect-lrvibr.r-cursor-1loqt21.r-touchAction-1otgn73.r-alignItems-1awozwy.r-borderWidth-rs99b7.r-flexDirection-18u37iz.r-gap-1cmwbt1.r-justifyContent-1777fci.r-borderRadius-1xfd6ze.r-height-eu3ka.r-paddingInline-3pj75a.r-backgroundColor-fj6wrk.r-borderColor-1wr2p1e`
- Observability: Clickable element touch target is smaller than 44x44px. Size: 116x40
  Selector: `button.css-view-g5y9jx.r-transitionProperty-1i6wzkk.r-userSelect-lrvibr.r-cursor-1loqt21.r-touchAction-1otgn73.r-alignItems-1awozwy.r-borderWidth-rs99b7.r-flexDirection-18u37iz.r-gap-1cmwbt1.r-justifyContent-1777fci.r-borderRadius-1xfd6ze.r-height-eu3ka.r-paddingInline-3pj75a.r-backgroundColor-1bbz6r5.r-borderColor-1fvvsgw`
- Theme/Motion: Custom CSS transition/animation defined outside token system.
  Selector: `div.css-view-g5y9jx.r-transitionProperty-1i6wzkk.r-userSelect-lrvibr.r-cursor-1loqt21.r-touchAction-1otgn73.r-alignItems-1awozwy.r-borderWidth-1rf8fdq.r-flexDirection-18u37iz.r-gap-ojf8lh.r-justifyContent-1777fci.r-backgroundColor-14lw9ot.r-borderColor-4s656n`
- Theme/Motion: Custom CSS transition/animation defined outside token system.
  Selector: `button.css-view-g5y9jx.r-transitionProperty-1i6wzkk.r-userSelect-lrvibr.r-cursor-1loqt21.r-touchAction-1otgn73.r-alignItems-1awozwy.r-borderWidth-rs99b7.r-flexDirection-18u37iz.r-gap-1cmwbt1.r-justifyContent-1777fci.r-borderRadius-1xfd6ze.r-height-eu3ka.r-paddingInline-3pj75a.r-backgroundColor-11jo552.r-borderColor-en0kqj`
- Theme/Motion: Custom CSS transition/animation defined outside token system.
  Selector: `button.css-view-g5y9jx.r-transitionProperty-1i6wzkk.r-userSelect-lrvibr.r-cursor-1loqt21.r-touchAction-1otgn73.r-alignItems-1awozwy.r-borderWidth-rs99b7.r-flexDirection-18u37iz.r-gap-1cmwbt1.r-justifyContent-1777fci.r-borderRadius-1xfd6ze.r-height-eu3ka.r-paddingInline-3pj75a.r-backgroundColor-fj6wrk.r-borderColor-1wr2p1e`
- Theme/Motion: Custom CSS transition/animation defined outside token system.
  Selector: `button.css-view-g5y9jx.r-transitionProperty-1i6wzkk.r-userSelect-lrvibr.r-cursor-1loqt21.r-touchAction-1otgn73.r-alignItems-1awozwy.r-borderWidth-rs99b7.r-flexDirection-18u37iz.r-gap-1cmwbt1.r-justifyContent-1777fci.r-borderRadius-1xfd6ze.r-height-eu3ka.r-paddingInline-3pj75a.r-backgroundColor-1bbz6r5.r-borderColor-1fvvsgw`
- Design System: Hardcoded spacing/border-radius lacking spatial tokens.
  Selector: `div.css-view-g5y9jx.r-transitionProperty-1i6wzkk.r-userSelect-lrvibr.r-cursor-1loqt21.r-touchAction-1otgn73.r-alignItems-1awozwy.r-borderWidth-1rf8fdq.r-flexDirection-18u37iz.r-gap-ojf8lh.r-justifyContent-1777fci.r-backgroundColor-wt1z2b.r-borderColor-1jl7vqb`
- Observability: Clickable element touch target is smaller than 44x44px. Size: 51x40
  Selector: `div.css-view-g5y9jx.r-transitionProperty-1i6wzkk.r-userSelect-lrvibr.r-cursor-1loqt21.r-touchAction-1otgn73.r-alignItems-1awozwy.r-borderWidth-1rf8fdq.r-flexDirection-18u37iz.r-gap-ojf8lh.r-justifyContent-1777fci.r-backgroundColor-wt1z2b.r-borderColor-1jl7vqb`
- Theme/Motion: Custom CSS transition/animation defined outside token system.
  Selector: `div.css-view-g5y9jx.r-transitionProperty-1i6wzkk.r-userSelect-lrvibr.r-cursor-1loqt21.r-touchAction-1otgn73.r-alignItems-1awozwy.r-borderWidth-1rf8fdq.r-flexDirection-18u37iz.r-gap-ojf8lh.r-justifyContent-1777fci.r-backgroundColor-wt1z2b.r-borderColor-1jl7vqb`
- Observability: Clickable element touch target is smaller than 44x44px. Size: 50x40
  Selector: `div.css-view-g5y9jx.r-transitionProperty-1i6wzkk.r-userSelect-lrvibr.r-cursor-1loqt21.r-touchAction-1otgn73.r-alignItems-1awozwy.r-borderWidth-1rf8fdq.r-flexDirection-18u37iz.r-gap-ojf8lh.r-justifyContent-1777fci.r-backgroundColor-wt1z2b.r-borderColor-1jl7vqb`
- Design System: Raw/hardcoded CSS color in inline style.
  Selector: `input.css-textinput-11aywtz.r-placeholderTextColor-6taxm2.r-flex-13awgt0.r-margin-crgep1.r-paddingBlock-1mkv55d.r-backgroundColor-fj6wrk.r-borderColor-1t4g3vi.r-borderRadius-1xfd6ze.r-color-kgv7a8.r-height-eu3ka.r-outlineStyle-1ny4l3l.r-paddingInline-3o4zer`
- Architecture: Interactive/structural element missing `data-ui` or `data-component` tracking.
  Selector: `input.css-textinput-11aywtz.r-placeholderTextColor-6taxm2.r-flex-13awgt0.r-margin-crgep1.r-paddingBlock-1mkv55d.r-backgroundColor-fj6wrk.r-borderColor-1t4g3vi.r-borderRadius-1xfd6ze.r-color-kgv7a8.r-height-eu3ka.r-outlineStyle-1ny4l3l.r-paddingInline-3o4zer`
