---
type: dynamic-audit
auditor: raw-i18n
scope: admin
date: 2026-07-27T08:18:34.891Z
---

### URL: http://localhost:8081/admin
- Found raw camelCase i18n key: "adminTitle"
  Selector: `h1.css-text-146c3p1.r-fontFamily-1anymhi.r-fontSize-1x35g6.r-fontWeight-b88u0q.r-lineHeight-17rnw9f.r-color-kgv7a8`
- Found raw camelCase i18n key: "userLogout"
  Selector: `div.css-text-146c3p1.r-fontFamily-36nht7.r-fontSize-n62j09.r-fontWeight-1qxivpv.r-lineHeight-135wba7.r-textAlign-q4m81j.r-color-1dk24ck`
- Found raw camelCase i18n key: "adminTabAnalytics"
  Selector: `div.css-text-146c3p1.r-fontFamily-36nht7.r-fontSize-rk4zbf.r-fontWeight-1y8rou7.r-lineHeight-135wba7.r-color-1cucpzw`
- Found raw camelCase i18n key: "adminTabOrders"
  Selector: `div.css-text-146c3p1.r-fontFamily-36nht7.r-fontSize-rk4zbf.r-fontWeight-vw2c0b.r-lineHeight-135wba7.r-color-kgv7a8`
- Found raw camelCase i18n key: "adminTabProducts"
  Selector: `div.css-text-146c3p1.r-fontFamily-36nht7.r-fontSize-rk4zbf.r-fontWeight-1y8rou7.r-lineHeight-135wba7.r-color-1cucpzw`
- Found raw camelCase i18n key: "adminTabCategories"
  Selector: `div.css-text-146c3p1.r-fontFamily-36nht7.r-fontSize-rk4zbf.r-fontWeight-1y8rou7.r-lineHeight-135wba7.r-color-1cucpzw`
- Found raw camelCase i18n key: "adminTabBanners"
  Selector: `div.css-text-146c3p1.r-fontFamily-36nht7.r-fontSize-rk4zbf.r-fontWeight-1y8rou7.r-lineHeight-135wba7.r-color-1cucpzw`
- Found raw camelCase i18n key: "adminTabUsers"
  Selector: `div.css-text-146c3p1.r-fontFamily-36nht7.r-fontSize-rk4zbf.r-fontWeight-1y8rou7.r-lineHeight-135wba7.r-color-1cucpzw`
- Found hardcoded text without i18n key: "all"
  Selector: `div.css-text-146c3p1.r-fontFamily-36nht7.r-fontSize-n62j09.r-fontWeight-vw2c0b.r-lineHeight-135wba7.r-color-kgv7a8`
- Found raw camelCase i18n key: "orderStatusPending"
  Selector: `div.css-text-146c3p1.r-fontFamily-36nht7.r-fontSize-n62j09.r-fontWeight-1y8rou7.r-lineHeight-135wba7.r-color-1cucpzw`
- Found raw camelCase i18n key: "orderStatusProcessing"
  Selector: `div.css-text-146c3p1.r-fontFamily-36nht7.r-fontSize-n62j09.r-fontWeight-1y8rou7.r-lineHeight-135wba7.r-color-1cucpzw`
- Found raw camelCase i18n key: "orderStatusCompleted"
  Selector: `div.css-text-146c3p1.r-fontFamily-36nht7.r-fontSize-n62j09.r-fontWeight-1y8rou7.r-lineHeight-135wba7.r-color-1cucpzw`
- Found raw camelCase i18n key: "orderStatusCancelled"
  Selector: `div.css-text-146c3p1.r-fontFamily-36nht7.r-fontSize-n62j09.r-fontWeight-1y8rou7.r-lineHeight-135wba7.r-color-1cucpzw`
- Found hardcoded text without i18n key: "ID"
  Selector: `div.css-text-146c3p1.r-fontFamily-36nht7.r-fontSize-10x49cs.r-fontWeight-b88u0q.r-letterSpacing-ud0q2t.r-lineHeight-1f529hi.r-color-1s7ct43.r-textTransform-tsynxw`
- Found raw camelCase i18n key: "adminOrdersCustomer"
  Selector: `div.css-text-146c3p1.r-fontFamily-36nht7.r-fontSize-10x49cs.r-fontWeight-b88u0q.r-letterSpacing-ud0q2t.r-lineHeight-1f529hi.r-color-1s7ct43.r-textTransform-tsynxw`
- Found raw camelCase i18n key: "adminOrdersDate"
  Selector: `div.css-text-146c3p1.r-fontFamily-36nht7.r-fontSize-10x49cs.r-fontWeight-b88u0q.r-letterSpacing-ud0q2t.r-lineHeight-1f529hi.r-color-1s7ct43.r-textTransform-tsynxw`
- Found raw camelCase i18n key: "adminOrdersStatus"
  Selector: `div.css-text-146c3p1.r-fontFamily-36nht7.r-fontSize-10x49cs.r-fontWeight-b88u0q.r-letterSpacing-ud0q2t.r-lineHeight-1f529hi.r-color-1s7ct43.r-textTransform-tsynxw`
- Found raw camelCase i18n key: "adminOrdersTotal"
  Selector: `div.css-text-146c3p1.r-fontFamily-36nht7.r-fontSize-10x49cs.r-fontWeight-b88u0q.r-letterSpacing-ud0q2t.r-lineHeight-1f529hi.r-color-1s7ct43.r-textTransform-tsynxw`
- Found hardcoded text without i18n key: "Євген Русіньш"
  Selector: `div.css-text-146c3p1.r-maxWidth-dnmrzs.r-overflow-1udh08x.r-textOverflow-1udbk01.r-whiteSpace-3s2u2q.r-wordWrap-1iln25a.r-fontFamily-36nht7.r-fontSize-1b43r93.r-fontWeight-vw2c0b.r-lineHeight-135wba7.r-color-kgv7a8`
- Found hardcoded text without i18n key: "14 июл. 2026 г. 03:52"
  Selector: `div.css-text-146c3p1.r-fontFamily-36nht7.r-fontSize-1b43r93.r-fontWeight-16dba41.r-lineHeight-135wba7.r-color-kgv7a8`
- Found raw camelCase i18n key: "orderStatusCancelled"
  Selector: `div.css-text-146c3p1.r-fontFamily-36nht7.r-fontSize-10x49cs.r-fontWeight-1qxivpv.r-lineHeight-1cwl3u0.r-includeFontPadding-1rsjblm.r-textAlign-q4m81j`
- Found raw camelCase i18n key: "adminOrdersCustNote"
  Selector: `div.css-text-146c3p1.r-fontFamily-36nht7.r-fontSize-10x49cs.r-fontWeight-16dba41.r-lineHeight-135wba7.r-color-1npgj5g.r-textTransform-tsynxw`
- Found raw camelCase i18n key: "adminOrdersAdminNote"
  Selector: `div.css-text-146c3p1.r-fontFamily-36nht7.r-fontSize-10x49cs.r-fontWeight-16dba41.r-lineHeight-135wba7.r-color-1npgj5g.r-textTransform-tsynxw`
- Found hardcoded text without i18n key: "14 июл. 2026 г. 18:22"
  Selector: `div.css-text-146c3p1.r-fontFamily-36nht7.r-fontSize-1b43r93.r-fontWeight-16dba41.r-lineHeight-135wba7.r-color-kgv7a8`
- Found raw camelCase i18n key: "orderStatusProcessing"
  Selector: `div.css-text-146c3p1.r-fontFamily-36nht7.r-fontSize-10x49cs.r-fontWeight-1qxivpv.r-lineHeight-1cwl3u0.r-includeFontPadding-1rsjblm.r-textAlign-q4m81j`
- Found hardcoded text without i18n key: "Unknown"
  Selector: `div.css-text-146c3p1.r-maxWidth-dnmrzs.r-overflow-1udh08x.r-textOverflow-1udbk01.r-whiteSpace-3s2u2q.r-wordWrap-1iln25a.r-fontFamily-36nht7.r-fontSize-1b43r93.r-fontWeight-vw2c0b.r-lineHeight-135wba7.r-color-kgv7a8`
- Found hardcoded text without i18n key: "15 июл. 2026 г. 07:18"
  Selector: `div.css-text-146c3p1.r-fontFamily-36nht7.r-fontSize-1b43r93.r-fontWeight-16dba41.r-lineHeight-135wba7.r-color-kgv7a8`
- Found raw camelCase i18n key: "orderStatusPending"
  Selector: `div.css-text-146c3p1.r-fontFamily-36nht7.r-fontSize-10x49cs.r-fontWeight-1qxivpv.r-lineHeight-1cwl3u0.r-includeFontPadding-1rsjblm.r-textAlign-q4m81j`
- Found hardcoded text without i18n key: "15 июл. 2026 г. 09:25"
  Selector: `div.css-text-146c3p1.r-fontFamily-36nht7.r-fontSize-1b43r93.r-fontWeight-16dba41.r-lineHeight-135wba7.r-color-kgv7a8`
- Found hardcoded text without i18n key: "ADMIN ADMIN"
  Selector: `div.css-text-146c3p1.r-maxWidth-dnmrzs.r-overflow-1udh08x.r-textOverflow-1udbk01.r-whiteSpace-3s2u2q.r-wordWrap-1iln25a.r-fontFamily-36nht7.r-fontSize-1b43r93.r-fontWeight-vw2c0b.r-lineHeight-135wba7.r-color-kgv7a8`
- Found hardcoded text without i18n key: "16 июл. 2026 г. 16:54"
  Selector: `div.css-text-146c3p1.r-fontFamily-36nht7.r-fontSize-1b43r93.r-fontWeight-16dba41.r-lineHeight-135wba7.r-color-kgv7a8`
- Found hardcoded text without i18n key: "18 июл. 2026 г. 00:59"
  Selector: `div.css-text-146c3p1.r-fontFamily-36nht7.r-fontSize-1b43r93.r-fontWeight-16dba41.r-lineHeight-135wba7.r-color-kgv7a8`
- Found hardcoded text without i18n key: "Буянова  Наталія"
  Selector: `div.css-text-146c3p1.r-maxWidth-dnmrzs.r-overflow-1udh08x.r-textOverflow-1udbk01.r-whiteSpace-3s2u2q.r-wordWrap-1iln25a.r-fontFamily-36nht7.r-fontSize-1b43r93.r-fontWeight-vw2c0b.r-lineHeight-135wba7.r-color-kgv7a8`
- Found hardcoded text without i18n key: "19 июл. 2026 г. 21:24"
  Selector: `div.css-text-146c3p1.r-fontFamily-36nht7.r-fontSize-1b43r93.r-fontWeight-16dba41.r-lineHeight-135wba7.r-color-kgv7a8`
- Found hardcoded text without i18n key: "21 июл. 2026 г. 21:01"
  Selector: `div.css-text-146c3p1.r-fontFamily-36nht7.r-fontSize-1b43r93.r-fontWeight-16dba41.r-lineHeight-135wba7.r-color-kgv7a8`
- Found raw camelCase i18n key: "orderStatusCompleted"
  Selector: `div.css-text-146c3p1.r-fontFamily-36nht7.r-fontSize-10x49cs.r-fontWeight-1qxivpv.r-lineHeight-1cwl3u0.r-includeFontPadding-1rsjblm.r-textAlign-q4m81j`
- Found hardcoded text without i18n key: "24 июл. 2026 г. 17:43"
  Selector: `div.css-text-146c3p1.r-fontFamily-36nht7.r-fontSize-1b43r93.r-fontWeight-16dba41.r-lineHeight-135wba7.r-color-kgv7a8`
- Found hardcoded text without i18n key: "OXJ23"
  Selector: `div.css-text-146c3p1.r-fontFamily-36nht7.r-fontSize-1b43r93.r-fontWeight-vw2c0b.r-lineHeight-135wba7.r-color-kgv7a8`
- Found hardcoded text without i18n key: "25 июл. 2026 г. 08:43"
  Selector: `div.css-text-146c3p1.r-fontFamily-36nht7.r-fontSize-1b43r93.r-fontWeight-16dba41.r-lineHeight-135wba7.r-color-kgv7a8`
- Found hardcoded text without i18n key: "XAXDX"
  Selector: `div.css-text-146c3p1.r-fontFamily-36nht7.r-fontSize-1b43r93.r-fontWeight-vw2c0b.r-lineHeight-135wba7.r-color-kgv7a8`
- Found hardcoded text without i18n key: "25 июл. 2026 г. 09:08"
  Selector: `div.css-text-146c3p1.r-fontFamily-36nht7.r-fontSize-1b43r93.r-fontWeight-16dba41.r-lineHeight-135wba7.r-color-kgv7a8`
- Found hardcoded text without i18n key: "P2N4T"
  Selector: `div.css-text-146c3p1.r-fontFamily-36nht7.r-fontSize-1b43r93.r-fontWeight-vw2c0b.r-lineHeight-135wba7.r-color-kgv7a8`
- Found hardcoded text without i18n key: "25 июл. 2026 г. 09:10"
  Selector: `div.css-text-146c3p1.r-fontFamily-36nht7.r-fontSize-1b43r93.r-fontWeight-16dba41.r-lineHeight-135wba7.r-color-kgv7a8`
- Found hardcoded text without i18n key: "TVSOG"
  Selector: `div.css-text-146c3p1.r-fontFamily-36nht7.r-fontSize-1b43r93.r-fontWeight-vw2c0b.r-lineHeight-135wba7.r-color-kgv7a8`
- Found hardcoded text without i18n key: "25 июл. 2026 г. 09:49"
  Selector: `div.css-text-146c3p1.r-fontFamily-36nht7.r-fontSize-1b43r93.r-fontWeight-16dba41.r-lineHeight-135wba7.r-color-kgv7a8`
- Found hardcoded text without i18n key: "N5C6G"
  Selector: `div.css-text-146c3p1.r-fontFamily-36nht7.r-fontSize-1b43r93.r-fontWeight-vw2c0b.r-lineHeight-135wba7.r-color-kgv7a8`
- Found hardcoded text without i18n key: "25 июл. 2026 г. 10:52"
  Selector: `div.css-text-146c3p1.r-fontFamily-36nht7.r-fontSize-1b43r93.r-fontWeight-16dba41.r-lineHeight-135wba7.r-color-kgv7a8`
- Found hardcoded text without i18n key: "6GUUE"
  Selector: `div.css-text-146c3p1.r-fontFamily-36nht7.r-fontSize-1b43r93.r-fontWeight-vw2c0b.r-lineHeight-135wba7.r-color-kgv7a8`
- Found hardcoded text without i18n key: "25 июл. 2026 г. 11:42"
  Selector: `div.css-text-146c3p1.r-fontFamily-36nht7.r-fontSize-1b43r93.r-fontWeight-16dba41.r-lineHeight-135wba7.r-color-kgv7a8`
- Found hardcoded text without i18n key: "YYWDS"
  Selector: `div.css-text-146c3p1.r-fontFamily-36nht7.r-fontSize-1b43r93.r-fontWeight-vw2c0b.r-lineHeight-135wba7.r-color-kgv7a8`
- Found hardcoded text without i18n key: "25 июл. 2026 г. 11:57"
  Selector: `div.css-text-146c3p1.r-fontFamily-36nht7.r-fontSize-1b43r93.r-fontWeight-16dba41.r-lineHeight-135wba7.r-color-kgv7a8`
- Found hardcoded text without i18n key: "QEBLT"
  Selector: `div.css-text-146c3p1.r-fontFamily-36nht7.r-fontSize-1b43r93.r-fontWeight-vw2c0b.r-lineHeight-135wba7.r-color-kgv7a8`
- Found hardcoded text without i18n key: "25 июл. 2026 г. 12:00"
  Selector: `div.css-text-146c3p1.r-fontFamily-36nht7.r-fontSize-1b43r93.r-fontWeight-16dba41.r-lineHeight-135wba7.r-color-kgv7a8`
- Found hardcoded text without i18n key: "CO0PJ"
  Selector: `div.css-text-146c3p1.r-fontFamily-36nht7.r-fontSize-1b43r93.r-fontWeight-vw2c0b.r-lineHeight-135wba7.r-color-kgv7a8`
- Found hardcoded text without i18n key: "25 июл. 2026 г. 12:11"
  Selector: `div.css-text-146c3p1.r-fontFamily-36nht7.r-fontSize-1b43r93.r-fontWeight-16dba41.r-lineHeight-135wba7.r-color-kgv7a8`
- Found hardcoded text without i18n key: "E9QR0"
  Selector: `div.css-text-146c3p1.r-fontFamily-36nht7.r-fontSize-1b43r93.r-fontWeight-vw2c0b.r-lineHeight-135wba7.r-color-kgv7a8`
- Found hardcoded text without i18n key: "25 июл. 2026 г. 12:13"
  Selector: `div.css-text-146c3p1.r-fontFamily-36nht7.r-fontSize-1b43r93.r-fontWeight-16dba41.r-lineHeight-135wba7.r-color-kgv7a8`
- Found hardcoded text without i18n key: "KVP9N"
  Selector: `div.css-text-146c3p1.r-fontFamily-36nht7.r-fontSize-1b43r93.r-fontWeight-vw2c0b.r-lineHeight-135wba7.r-color-kgv7a8`
- Found hardcoded text without i18n key: "25 июл. 2026 г. 12:14"
  Selector: `div.css-text-146c3p1.r-fontFamily-36nht7.r-fontSize-1b43r93.r-fontWeight-16dba41.r-lineHeight-135wba7.r-color-kgv7a8`
- Found hardcoded text without i18n key: "JRJ3A"
  Selector: `div.css-text-146c3p1.r-fontFamily-36nht7.r-fontSize-1b43r93.r-fontWeight-vw2c0b.r-lineHeight-135wba7.r-color-kgv7a8`
- Found hardcoded text without i18n key: "25 июл. 2026 г. 12:16"
  Selector: `div.css-text-146c3p1.r-fontFamily-36nht7.r-fontSize-1b43r93.r-fontWeight-16dba41.r-lineHeight-135wba7.r-color-kgv7a8`
- Found hardcoded text without i18n key: "KEGO6"
  Selector: `div.css-text-146c3p1.r-fontFamily-36nht7.r-fontSize-1b43r93.r-fontWeight-vw2c0b.r-lineHeight-135wba7.r-color-kgv7a8`
- Found hardcoded text without i18n key: "25 июл. 2026 г. 12:19"
  Selector: `div.css-text-146c3p1.r-fontFamily-36nht7.r-fontSize-1b43r93.r-fontWeight-16dba41.r-lineHeight-135wba7.r-color-kgv7a8`
- Found hardcoded text without i18n key: "CMLKK"
  Selector: `div.css-text-146c3p1.r-fontFamily-36nht7.r-fontSize-1b43r93.r-fontWeight-vw2c0b.r-lineHeight-135wba7.r-color-kgv7a8`
- Found hardcoded text without i18n key: "25 июл. 2026 г. 12:22"
  Selector: `div.css-text-146c3p1.r-fontFamily-36nht7.r-fontSize-1b43r93.r-fontWeight-16dba41.r-lineHeight-135wba7.r-color-kgv7a8`
- Found hardcoded text without i18n key: "TYKEF"
  Selector: `div.css-text-146c3p1.r-fontFamily-36nht7.r-fontSize-1b43r93.r-fontWeight-vw2c0b.r-lineHeight-135wba7.r-color-kgv7a8`
- Found hardcoded text without i18n key: "25 июл. 2026 г. 12:41"
  Selector: `div.css-text-146c3p1.r-fontFamily-36nht7.r-fontSize-1b43r93.r-fontWeight-16dba41.r-lineHeight-135wba7.r-color-kgv7a8`
- Found hardcoded text without i18n key: "VELTZ"
  Selector: `div.css-text-146c3p1.r-fontFamily-36nht7.r-fontSize-1b43r93.r-fontWeight-vw2c0b.r-lineHeight-135wba7.r-color-kgv7a8`
- Found hardcoded text without i18n key: "25 июл. 2026 г. 12:45"
  Selector: `div.css-text-146c3p1.r-fontFamily-36nht7.r-fontSize-1b43r93.r-fontWeight-16dba41.r-lineHeight-135wba7.r-color-kgv7a8`
- Found hardcoded text without i18n key: "MJH9Y"
  Selector: `div.css-text-146c3p1.r-fontFamily-36nht7.r-fontSize-1b43r93.r-fontWeight-vw2c0b.r-lineHeight-135wba7.r-color-kgv7a8`
- Found hardcoded text without i18n key: "25 июл. 2026 г. 12:48"
  Selector: `div.css-text-146c3p1.r-fontFamily-36nht7.r-fontSize-1b43r93.r-fontWeight-16dba41.r-lineHeight-135wba7.r-color-kgv7a8`
- Found hardcoded text without i18n key: "TXIYQ"
  Selector: `div.css-text-146c3p1.r-fontFamily-36nht7.r-fontSize-1b43r93.r-fontWeight-vw2c0b.r-lineHeight-135wba7.r-color-kgv7a8`
- Found hardcoded text without i18n key: "25 июл. 2026 г. 12:54"
  Selector: `div.css-text-146c3p1.r-fontFamily-36nht7.r-fontSize-1b43r93.r-fontWeight-16dba41.r-lineHeight-135wba7.r-color-kgv7a8`
- Found hardcoded text without i18n key: "BG8IV"
  Selector: `div.css-text-146c3p1.r-fontFamily-36nht7.r-fontSize-1b43r93.r-fontWeight-vw2c0b.r-lineHeight-135wba7.r-color-kgv7a8`
- Found hardcoded text without i18n key: "25 июл. 2026 г. 12:58"
  Selector: `div.css-text-146c3p1.r-fontFamily-36nht7.r-fontSize-1b43r93.r-fontWeight-16dba41.r-lineHeight-135wba7.r-color-kgv7a8`
- Found hardcoded text without i18n key: "KQBYI"
  Selector: `div.css-text-146c3p1.r-fontFamily-36nht7.r-fontSize-1b43r93.r-fontWeight-vw2c0b.r-lineHeight-135wba7.r-color-kgv7a8`
- Found hardcoded text without i18n key: "25 июл. 2026 г. 13:01"
  Selector: `div.css-text-146c3p1.r-fontFamily-36nht7.r-fontSize-1b43r93.r-fontWeight-16dba41.r-lineHeight-135wba7.r-color-kgv7a8`
- Found hardcoded text without i18n key: "J75QV"
  Selector: `div.css-text-146c3p1.r-fontFamily-36nht7.r-fontSize-1b43r93.r-fontWeight-vw2c0b.r-lineHeight-135wba7.r-color-kgv7a8`
- Found hardcoded text without i18n key: "25 июл. 2026 г. 13:18"
  Selector: `div.css-text-146c3p1.r-fontFamily-36nht7.r-fontSize-1b43r93.r-fontWeight-16dba41.r-lineHeight-135wba7.r-color-kgv7a8`
- Found hardcoded text without i18n key: "NWNUG"
  Selector: `div.css-text-146c3p1.r-fontFamily-36nht7.r-fontSize-1b43r93.r-fontWeight-vw2c0b.r-lineHeight-135wba7.r-color-kgv7a8`
- Found hardcoded text without i18n key: "25 июл. 2026 г. 13:46"
  Selector: `div.css-text-146c3p1.r-fontFamily-36nht7.r-fontSize-1b43r93.r-fontWeight-16dba41.r-lineHeight-135wba7.r-color-kgv7a8`
- Found hardcoded text without i18n key: "Y9NOS"
  Selector: `div.css-text-146c3p1.r-fontFamily-36nht7.r-fontSize-1b43r93.r-fontWeight-vw2c0b.r-lineHeight-135wba7.r-color-kgv7a8`
- Found hardcoded text without i18n key: "25 июл. 2026 г. 14:07"
  Selector: `div.css-text-146c3p1.r-fontFamily-36nht7.r-fontSize-1b43r93.r-fontWeight-16dba41.r-lineHeight-135wba7.r-color-kgv7a8`
- Found hardcoded text without i18n key: "VZYLH"
  Selector: `div.css-text-146c3p1.r-fontFamily-36nht7.r-fontSize-1b43r93.r-fontWeight-vw2c0b.r-lineHeight-135wba7.r-color-kgv7a8`
- Found hardcoded text without i18n key: "25 июл. 2026 г. 14:32"
  Selector: `div.css-text-146c3p1.r-fontFamily-36nht7.r-fontSize-1b43r93.r-fontWeight-16dba41.r-lineHeight-135wba7.r-color-kgv7a8`
- Found hardcoded text without i18n key: "0LZWI"
  Selector: `div.css-text-146c3p1.r-fontFamily-36nht7.r-fontSize-1b43r93.r-fontWeight-vw2c0b.r-lineHeight-135wba7.r-color-kgv7a8`
- Found hardcoded text without i18n key: "25 июл. 2026 г. 14:35"
  Selector: `div.css-text-146c3p1.r-fontFamily-36nht7.r-fontSize-1b43r93.r-fontWeight-16dba41.r-lineHeight-135wba7.r-color-kgv7a8`
- Found hardcoded text without i18n key: "DNJAD"
  Selector: `div.css-text-146c3p1.r-fontFamily-36nht7.r-fontSize-1b43r93.r-fontWeight-vw2c0b.r-lineHeight-135wba7.r-color-kgv7a8`
- Found hardcoded text without i18n key: "25 июл. 2026 г. 14:41"
  Selector: `div.css-text-146c3p1.r-fontFamily-36nht7.r-fontSize-1b43r93.r-fontWeight-16dba41.r-lineHeight-135wba7.r-color-kgv7a8`
- Found hardcoded text without i18n key: "NOIIO"
  Selector: `div.css-text-146c3p1.r-fontFamily-36nht7.r-fontSize-1b43r93.r-fontWeight-vw2c0b.r-lineHeight-135wba7.r-color-kgv7a8`
- Found hardcoded text without i18n key: "25 июл. 2026 г. 15:14"
  Selector: `div.css-text-146c3p1.r-fontFamily-36nht7.r-fontSize-1b43r93.r-fontWeight-16dba41.r-lineHeight-135wba7.r-color-kgv7a8`
- Found hardcoded text without i18n key: "K0CVG"
  Selector: `div.css-text-146c3p1.r-fontFamily-36nht7.r-fontSize-1b43r93.r-fontWeight-vw2c0b.r-lineHeight-135wba7.r-color-kgv7a8`
- Found hardcoded text without i18n key: "25 июл. 2026 г. 16:02"
  Selector: `div.css-text-146c3p1.r-fontFamily-36nht7.r-fontSize-1b43r93.r-fontWeight-16dba41.r-lineHeight-135wba7.r-color-kgv7a8`
- Found hardcoded text without i18n key: "TFRBK"
  Selector: `div.css-text-146c3p1.r-fontFamily-36nht7.r-fontSize-1b43r93.r-fontWeight-vw2c0b.r-lineHeight-135wba7.r-color-kgv7a8`
- Found hardcoded text without i18n key: "25 июл. 2026 г. 16:03"
  Selector: `div.css-text-146c3p1.r-fontFamily-36nht7.r-fontSize-1b43r93.r-fontWeight-16dba41.r-lineHeight-135wba7.r-color-kgv7a8`
- Found hardcoded text without i18n key: "WQC5G"
  Selector: `div.css-text-146c3p1.r-fontFamily-36nht7.r-fontSize-1b43r93.r-fontWeight-vw2c0b.r-lineHeight-135wba7.r-color-kgv7a8`
- Found hardcoded text without i18n key: "25 июл. 2026 г. 16:06"
  Selector: `div.css-text-146c3p1.r-fontFamily-36nht7.r-fontSize-1b43r93.r-fontWeight-16dba41.r-lineHeight-135wba7.r-color-kgv7a8`
- Found hardcoded text without i18n key: "NVFBX"
  Selector: `div.css-text-146c3p1.r-fontFamily-36nht7.r-fontSize-1b43r93.r-fontWeight-vw2c0b.r-lineHeight-135wba7.r-color-kgv7a8`
- Found hardcoded text without i18n key: "25 июл. 2026 г. 16:08"
  Selector: `div.css-text-146c3p1.r-fontFamily-36nht7.r-fontSize-1b43r93.r-fontWeight-16dba41.r-lineHeight-135wba7.r-color-kgv7a8`
- Found hardcoded text without i18n key: "JIEKY"
  Selector: `div.css-text-146c3p1.r-fontFamily-36nht7.r-fontSize-1b43r93.r-fontWeight-vw2c0b.r-lineHeight-135wba7.r-color-kgv7a8`
- Found hardcoded text without i18n key: "C9DDB"
  Selector: `div.css-text-146c3p1.r-fontFamily-36nht7.r-fontSize-1b43r93.r-fontWeight-vw2c0b.r-lineHeight-135wba7.r-color-kgv7a8`
- Found hardcoded text without i18n key: "64FVT"
  Selector: `div.css-text-146c3p1.r-fontFamily-36nht7.r-fontSize-1b43r93.r-fontWeight-vw2c0b.r-lineHeight-135wba7.r-color-kgv7a8`
- Found hardcoded text without i18n key: "25 июл. 2026 г. 18:58"
  Selector: `div.css-text-146c3p1.r-fontFamily-36nht7.r-fontSize-1b43r93.r-fontWeight-16dba41.r-lineHeight-135wba7.r-color-kgv7a8`
- Found hardcoded text without i18n key: "X73AG"
  Selector: `div.css-text-146c3p1.r-fontFamily-36nht7.r-fontSize-1b43r93.r-fontWeight-vw2c0b.r-lineHeight-135wba7.r-color-kgv7a8`
- Found hardcoded text without i18n key: "25 июл. 2026 г. 19:05"
  Selector: `div.css-text-146c3p1.r-fontFamily-36nht7.r-fontSize-1b43r93.r-fontWeight-16dba41.r-lineHeight-135wba7.r-color-kgv7a8`
- Found hardcoded text without i18n key: "LU37H"
  Selector: `div.css-text-146c3p1.r-fontFamily-36nht7.r-fontSize-1b43r93.r-fontWeight-vw2c0b.r-lineHeight-135wba7.r-color-kgv7a8`
- Found hardcoded text without i18n key: "25 июл. 2026 г. 19:14"
  Selector: `div.css-text-146c3p1.r-fontFamily-36nht7.r-fontSize-1b43r93.r-fontWeight-16dba41.r-lineHeight-135wba7.r-color-kgv7a8`
- Found hardcoded text without i18n key: "OGPTR"
  Selector: `div.css-text-146c3p1.r-fontFamily-36nht7.r-fontSize-1b43r93.r-fontWeight-vw2c0b.r-lineHeight-135wba7.r-color-kgv7a8`
- Found hardcoded text without i18n key: "25 июл. 2026 г. 19:16"
  Selector: `div.css-text-146c3p1.r-fontFamily-36nht7.r-fontSize-1b43r93.r-fontWeight-16dba41.r-lineHeight-135wba7.r-color-kgv7a8`
- Found hardcoded text without i18n key: "ME1ET"
  Selector: `div.css-text-146c3p1.r-fontFamily-36nht7.r-fontSize-1b43r93.r-fontWeight-vw2c0b.r-lineHeight-135wba7.r-color-kgv7a8`
- Found hardcoded text without i18n key: "25 июл. 2026 г. 20:45"
  Selector: `div.css-text-146c3p1.r-fontFamily-36nht7.r-fontSize-1b43r93.r-fontWeight-16dba41.r-lineHeight-135wba7.r-color-kgv7a8`
- Found hardcoded text without i18n key: "LIV3L"
  Selector: `div.css-text-146c3p1.r-fontFamily-36nht7.r-fontSize-1b43r93.r-fontWeight-vw2c0b.r-lineHeight-135wba7.r-color-kgv7a8`
- Found hardcoded text without i18n key: "25 июл. 2026 г. 20:54"
  Selector: `div.css-text-146c3p1.r-fontFamily-36nht7.r-fontSize-1b43r93.r-fontWeight-16dba41.r-lineHeight-135wba7.r-color-kgv7a8`
- Found hardcoded text without i18n key: "ASAWE"
  Selector: `div.css-text-146c3p1.r-fontFamily-36nht7.r-fontSize-1b43r93.r-fontWeight-vw2c0b.r-lineHeight-135wba7.r-color-kgv7a8`
- Found hardcoded text without i18n key: "25 июл. 2026 г. 20:59"
  Selector: `div.css-text-146c3p1.r-fontFamily-36nht7.r-fontSize-1b43r93.r-fontWeight-16dba41.r-lineHeight-135wba7.r-color-kgv7a8`
- Found hardcoded text without i18n key: "SKCQG"
  Selector: `div.css-text-146c3p1.r-fontFamily-36nht7.r-fontSize-1b43r93.r-fontWeight-vw2c0b.r-lineHeight-135wba7.r-color-kgv7a8`
- Found hardcoded text without i18n key: "25 июл. 2026 г. 21:34"
  Selector: `div.css-text-146c3p1.r-fontFamily-36nht7.r-fontSize-1b43r93.r-fontWeight-16dba41.r-lineHeight-135wba7.r-color-kgv7a8`
- Found hardcoded text without i18n key: "Z8GTX"
  Selector: `div.css-text-146c3p1.r-fontFamily-36nht7.r-fontSize-1b43r93.r-fontWeight-vw2c0b.r-lineHeight-135wba7.r-color-kgv7a8`
- Found hardcoded text without i18n key: "25 июл. 2026 г. 23:45"
  Selector: `div.css-text-146c3p1.r-fontFamily-36nht7.r-fontSize-1b43r93.r-fontWeight-16dba41.r-lineHeight-135wba7.r-color-kgv7a8`
- Found hardcoded text without i18n key: "AFB2S"
  Selector: `div.css-text-146c3p1.r-fontFamily-36nht7.r-fontSize-1b43r93.r-fontWeight-vw2c0b.r-lineHeight-135wba7.r-color-kgv7a8`
- Found hardcoded text without i18n key: "26 июл. 2026 г. 16:10"
  Selector: `div.css-text-146c3p1.r-fontFamily-36nht7.r-fontSize-1b43r93.r-fontWeight-16dba41.r-lineHeight-135wba7.r-color-kgv7a8`
- Found hardcoded text without i18n key: "QTDDS"
  Selector: `div.css-text-146c3p1.r-fontFamily-36nht7.r-fontSize-1b43r93.r-fontWeight-vw2c0b.r-lineHeight-135wba7.r-color-kgv7a8`
- Found hardcoded text without i18n key: "26 июл. 2026 г. 16:13"
  Selector: `div.css-text-146c3p1.r-fontFamily-36nht7.r-fontSize-1b43r93.r-fontWeight-16dba41.r-lineHeight-135wba7.r-color-kgv7a8`
- Found hardcoded text without i18n key: "OVXE8"
  Selector: `div.css-text-146c3p1.r-fontFamily-36nht7.r-fontSize-1b43r93.r-fontWeight-vw2c0b.r-lineHeight-135wba7.r-color-kgv7a8`
- Found hardcoded text without i18n key: "26 июл. 2026 г. 16:35"
  Selector: `div.css-text-146c3p1.r-fontFamily-36nht7.r-fontSize-1b43r93.r-fontWeight-16dba41.r-lineHeight-135wba7.r-color-kgv7a8`
- Found hardcoded text without i18n key: "sadasd"
  Selector: `div.css-text-146c3p1.r-maxWidth-dnmrzs.r-overflow-1udh08x.r-textOverflow-1udbk01.r-whiteSpace-3s2u2q.r-wordWrap-1iln25a.r-fontFamily-36nht7.r-fontSize-n6v787.r-fontWeight-1kfrs79.r-lineHeight-rjixqe.r-color-kgv7a8`
- Found hardcoded text without i18n key: "EX2VL"
  Selector: `div.css-text-146c3p1.r-fontFamily-36nht7.r-fontSize-1b43r93.r-fontWeight-vw2c0b.r-lineHeight-135wba7.r-color-kgv7a8`
- Found hardcoded text without i18n key: "26 июл. 2026 г. 19:00"
  Selector: `div.css-text-146c3p1.r-fontFamily-36nht7.r-fontSize-1b43r93.r-fontWeight-16dba41.r-lineHeight-135wba7.r-color-kgv7a8`
- Found hardcoded text without i18n key: "ZVYCH"
  Selector: `div.css-text-146c3p1.r-fontFamily-36nht7.r-fontSize-1b43r93.r-fontWeight-vw2c0b.r-lineHeight-135wba7.r-color-kgv7a8`
- Found hardcoded text without i18n key: "26 июл. 2026 г. 19:15"
  Selector: `div.css-text-146c3p1.r-fontFamily-36nht7.r-fontSize-1b43r93.r-fontWeight-16dba41.r-lineHeight-135wba7.r-color-kgv7a8`
- Found hardcoded text without i18n key: "2Y2HX"
  Selector: `div.css-text-146c3p1.r-fontFamily-36nht7.r-fontSize-1b43r93.r-fontWeight-vw2c0b.r-lineHeight-135wba7.r-color-kgv7a8`
- Found hardcoded text without i18n key: "26 июл. 2026 г. 23:28"
  Selector: `div.css-text-146c3p1.r-fontFamily-36nht7.r-fontSize-1b43r93.r-fontWeight-16dba41.r-lineHeight-135wba7.r-color-kgv7a8`
- Found hardcoded text without i18n key: "all"
  Selector: `div.css-text-146c3p1.r-fontFamily-36nht7.r-fontSize-n62j09.r-fontWeight-1y8rou7.r-lineHeight-135wba7.r-color-1cucpzw`
- Found raw camelCase i18n key: "orderStatusPending"
  Selector: `div.css-text-146c3p1.r-fontFamily-36nht7.r-fontSize-n62j09.r-fontWeight-vw2c0b.r-lineHeight-135wba7.r-color-kgv7a8`
- Found raw camelCase i18n key: "orderStatusProcessing"
  Selector: `div.css-text-146c3p1.r-fontFamily-36nht7.r-fontSize-n62j09.r-fontWeight-vw2c0b.r-lineHeight-135wba7.r-color-kgv7a8`
- Found raw camelCase i18n key: "orderStatusCompleted"
  Selector: `div.css-text-146c3p1.r-fontFamily-36nht7.r-fontSize-n62j09.r-fontWeight-vw2c0b.r-lineHeight-135wba7.r-color-kgv7a8`
- Found raw camelCase i18n key: "orderStatusCancelled"
  Selector: `div.css-text-146c3p1.r-fontFamily-36nht7.r-fontSize-n62j09.r-fontWeight-vw2c0b.r-lineHeight-135wba7.r-color-kgv7a8`
- Found raw camelCase i18n key: "adminOrdersBackBtn"
  Selector: `div.css-text-146c3p1.r-fontFamily-36nht7.r-fontSize-1b43r93.r-fontWeight-majxgm.r-lineHeight-135wba7.r-color-1dk24ck.r-marginLeft-1jkjb`
- Found raw camelCase i18n key: "orderNumber"
  Selector: `div.css-text-146c3p1.r-fontFamily-36nht7.r-fontSize-1x35g6.r-fontWeight-vw2c0b.r-lineHeight-135wba7.r-color-kgv7a8`
- Found raw camelCase i18n key: "adminOrdersCustomer"
  Selector: `div.css-text-146c3p1.r-fontFamily-36nht7.r-fontSize-ubezar.r-fontWeight-1kfrs79.r-lineHeight-135wba7.r-color-kgv7a8.r-marginBottom-f1odvy.r-marginTop-1s2bzr4`
- Found hardcoded text without i18n key: "profileFirstName / profileLastName"
  Selector: `div.css-text-146c3p1.r-fontFamily-36nht7.r-fontSize-1b43r93.r-fontWeight-16dba41.r-lineHeight-135wba7.r-color-1s7ct43.r-flexShrink-1q142lx`
- Found hardcoded text without i18n key: "Євген Русіньш"
  Selector: `div.css-text-146c3p1.r-fontFamily-36nht7.r-fontSize-1b43r93.r-fontWeight-majxgm.r-lineHeight-135wba7.r-color-kgv7a8.r-flex-13awgt0.r-flexShrink-1wbh5a2.r-textAlign-1ff274t`
- Found raw camelCase i18n key: "profileEmail"
  Selector: `div.css-text-146c3p1.r-fontFamily-36nht7.r-fontSize-1b43r93.r-fontWeight-16dba41.r-lineHeight-135wba7.r-color-1s7ct43.r-flexShrink-1q142lx`
- Found raw camelCase i18n key: "profilePhone"
  Selector: `div.css-text-146c3p1.r-fontFamily-36nht7.r-fontSize-1b43r93.r-fontWeight-16dba41.r-lineHeight-135wba7.r-color-1s7ct43.r-flexShrink-1q142lx`
- Found raw camelCase i18n key: "profileCity"
  Selector: `div.css-text-146c3p1.r-fontFamily-36nht7.r-fontSize-1b43r93.r-fontWeight-16dba41.r-lineHeight-135wba7.r-color-1s7ct43.r-flexShrink-1q142lx`
- Found hardcoded text without i18n key: "Dnipro"
  Selector: `div.css-text-146c3p1.r-fontFamily-36nht7.r-fontSize-1b43r93.r-fontWeight-majxgm.r-lineHeight-135wba7.r-color-kgv7a8.r-flex-13awgt0.r-flexShrink-1wbh5a2.r-textAlign-1ff274t`
- Found raw camelCase i18n key: "adminOrdersDate"
  Selector: `div.css-text-146c3p1.r-fontFamily-36nht7.r-fontSize-1b43r93.r-fontWeight-16dba41.r-lineHeight-135wba7.r-color-1s7ct43.r-flexShrink-1q142lx`
- Found hardcoded text without i18n key: "14 июля 2026 г. в 03:52"
  Selector: `div.css-text-146c3p1.r-fontFamily-36nht7.r-fontSize-1b43r93.r-fontWeight-majxgm.r-lineHeight-135wba7.r-color-kgv7a8.r-flex-13awgt0.r-flexShrink-1wbh5a2.r-textAlign-1ff274t`
- Found raw camelCase i18n key: "adminOrdersCustNote"
  Selector: `div.css-text-146c3p1.r-fontFamily-36nht7.r-fontSize-ubezar.r-fontWeight-1kfrs79.r-lineHeight-135wba7.r-color-kgv7a8.r-marginBottom-f1odvy.r-marginTop-1s2bzr4`
- Found raw camelCase i18n key: "adminOrdersItems"
  Selector: `div.css-text-146c3p1.r-fontFamily-36nht7.r-fontSize-ubezar.r-fontWeight-1kfrs79.r-lineHeight-135wba7.r-color-kgv7a8.r-marginBottom-f1odvy.r-marginTop-1s2bzr4`
- Found raw camelCase i18n key: "adminOrdersItemName"
  Selector: `div.css-text-146c3p1.r-fontFamily-36nht7.r-fontSize-1gkfh8e.r-fontWeight-b88u0q.r-lineHeight-135wba7.r-flex-13awgt0.r-color-1npgj5g.r-textTransform-tsynxw`
- Found raw camelCase i18n key: "adminOrdersItemQty"
  Selector: `div.css-text-146c3p1.r-fontFamily-36nht7.r-fontSize-1gkfh8e.r-fontWeight-b88u0q.r-lineHeight-135wba7.r-textAlign-q4m81j.r-width-cfp7ip.r-color-1npgj5g.r-textTransform-tsynxw`
- Found raw camelCase i18n key: "adminOrdersItemUnit"
  Selector: `div.css-text-146c3p1.r-fontFamily-36nht7.r-fontSize-1gkfh8e.r-fontWeight-b88u0q.r-lineHeight-135wba7.r-textAlign-1ff274t.r-width-1glkqn6.r-color-1npgj5g.r-textTransform-tsynxw`
- Found raw camelCase i18n key: "adminOrdersItemTotal"
  Selector: `div.css-text-146c3p1.r-fontFamily-36nht7.r-fontSize-1gkfh8e.r-fontWeight-b88u0q.r-lineHeight-135wba7.r-textAlign-1ff274t.r-width-1glkqn6.r-color-1npgj5g.r-textTransform-tsynxw`
- Found hardcoded text without i18n key: "Product 2-2-1-1 RU"
  Selector: `div.css-text-146c3p1.r-WebkitBoxOrient-8akbws.r-display-krxsd3.r-maxWidth-dnmrzs.r-overflow-1qsk4np.r-textOverflow-1udbk01.r-fontFamily-36nht7.r-fontSize-1b43r93.r-fontWeight-16dba41.r-lineHeight-135wba7.r-color-kgv7a8.r-flex-13awgt0`
- Found hardcoded text without i18n key: "pcs"
  Selector: `div.css-text-146c3p1.r-fontFamily-36nht7.r-fontSize-1b43r93.r-fontWeight-16dba41.r-lineHeight-135wba7.r-color-1s7ct43.r-textAlign-q4m81j.r-width-cfp7ip`
- Found raw camelCase i18n key: "adminOrdersTotal"
  Selector: `div.css-text-146c3p1.r-fontFamily-36nht7.r-fontSize-1b43r93.r-fontWeight-vw2c0b.r-lineHeight-135wba7.r-flex-13awgt0`
- Found raw camelCase i18n key: "adminOrdersStatus"
  Selector: `div.css-text-146c3p1.r-fontFamily-36nht7.r-fontSize-ubezar.r-fontWeight-1kfrs79.r-lineHeight-135wba7.r-color-kgv7a8.r-marginBottom-f1odvy.r-marginTop-1s2bzr4`
- Found hardcoded text without i18n key: "orderStatusPending ▼"
  Selector: `div.css-text-146c3p1.r-fontFamily-36nht7.r-fontSize-n62j09.r-fontWeight-1y8rou7.r-lineHeight-135wba7`
- Found raw camelCase i18n key: "adminUserNote"
  Selector: `div.css-text-146c3p1.r-fontFamily-36nht7.r-fontSize-ubezar.r-fontWeight-1kfrs79.r-lineHeight-135wba7.r-color-kgv7a8.r-marginBottom-f1odvy.r-marginTop-1s2bzr4`
- Found hardcoded text without i18n key: "ME1ET"
  Selector: `div.css-text-146c3p1.r-fontFamily-36nht7.r-fontSize-1x35g6.r-fontWeight-vw2c0b.r-lineHeight-135wba7.r-color-kgv7a8`
- Found hardcoded text without i18n key: "ADMIN ADMIN"
  Selector: `div.css-text-146c3p1.r-fontFamily-36nht7.r-fontSize-1b43r93.r-fontWeight-majxgm.r-lineHeight-135wba7.r-color-kgv7a8.r-flex-13awgt0.r-flexShrink-1wbh5a2.r-textAlign-1ff274t`
- Found hardcoded text without i18n key: "ADMIN"
  Selector: `div.css-text-146c3p1.r-fontFamily-36nht7.r-fontSize-1b43r93.r-fontWeight-majxgm.r-lineHeight-135wba7.r-color-kgv7a8.r-flex-13awgt0.r-flexShrink-1wbh5a2.r-textAlign-1ff274t`
- Found hardcoded text without i18n key: "25 июля 2026 г. в 20:45"
  Selector: `div.css-text-146c3p1.r-fontFamily-36nht7.r-fontSize-1b43r93.r-fontWeight-majxgm.r-lineHeight-135wba7.r-color-kgv7a8.r-flex-13awgt0.r-flexShrink-1wbh5a2.r-textAlign-1ff274t`
- Found hardcoded text without i18n key: "Product 1-1-2-1 RU11111"
  Selector: `div.css-text-146c3p1.r-WebkitBoxOrient-8akbws.r-display-krxsd3.r-maxWidth-dnmrzs.r-overflow-1qsk4np.r-textOverflow-1udbk01.r-fontFamily-36nht7.r-fontSize-1b43r93.r-fontWeight-16dba41.r-lineHeight-135wba7.r-color-kgv7a8.r-flex-13awgt0`
- Found hardcoded text without i18n key: "Product 1-2-1-1 RU"
  Selector: `div.css-text-146c3p1.r-WebkitBoxOrient-8akbws.r-display-krxsd3.r-maxWidth-dnmrzs.r-overflow-1qsk4np.r-textOverflow-1udbk01.r-fontFamily-36nht7.r-fontSize-1b43r93.r-fontWeight-16dba41.r-lineHeight-135wba7.r-color-kgv7a8.r-flex-13awgt0`
- Found hardcoded text without i18n key: "orderStatusCancelled ▼"
  Selector: `div.css-text-146c3p1.r-fontFamily-36nht7.r-fontSize-n62j09.r-fontWeight-1y8rou7.r-lineHeight-135wba7`
- Found hardcoded text without i18n key: "LIV3L"
  Selector: `div.css-text-146c3p1.r-fontFamily-36nht7.r-fontSize-1x35g6.r-fontWeight-vw2c0b.r-lineHeight-135wba7.r-color-kgv7a8`
- Found hardcoded text without i18n key: "25 июля 2026 г. в 20:54"
  Selector: `div.css-text-146c3p1.r-fontFamily-36nht7.r-fontSize-1b43r93.r-fontWeight-majxgm.r-lineHeight-135wba7.r-color-kgv7a8.r-flex-13awgt0.r-flexShrink-1wbh5a2.r-textAlign-1ff274t`
- Found hardcoded text without i18n key: "Product 1-2-2-1 RU"
  Selector: `div.css-text-146c3p1.r-WebkitBoxOrient-8akbws.r-display-krxsd3.r-maxWidth-dnmrzs.r-overflow-1qsk4np.r-textOverflow-1udbk01.r-fontFamily-36nht7.r-fontSize-1b43r93.r-fontWeight-16dba41.r-lineHeight-135wba7.r-color-kgv7a8.r-flex-13awgt0`
- Found hardcoded text without i18n key: "Product 2-1-2-1 RU"
  Selector: `div.css-text-146c3p1.r-WebkitBoxOrient-8akbws.r-display-krxsd3.r-maxWidth-dnmrzs.r-overflow-1qsk4np.r-textOverflow-1udbk01.r-fontFamily-36nht7.r-fontSize-1b43r93.r-fontWeight-16dba41.r-lineHeight-135wba7.r-color-kgv7a8.r-flex-13awgt0`
- Found hardcoded text without i18n key: "Product 2-2-2-1 RU"
  Selector: `div.css-text-146c3p1.r-WebkitBoxOrient-8akbws.r-display-krxsd3.r-maxWidth-dnmrzs.r-overflow-1qsk4np.r-textOverflow-1udbk01.r-fontFamily-36nht7.r-fontSize-1b43r93.r-fontWeight-16dba41.r-lineHeight-135wba7.r-color-kgv7a8.r-flex-13awgt0`
- Found hardcoded text without i18n key: "Product 2-1-1-1 RU"
  Selector: `div.css-text-146c3p1.r-WebkitBoxOrient-8akbws.r-display-krxsd3.r-maxWidth-dnmrzs.r-overflow-1qsk4np.r-textOverflow-1udbk01.r-fontFamily-36nht7.r-fontSize-1b43r93.r-fontWeight-16dba41.r-lineHeight-135wba7.r-color-kgv7a8.r-flex-13awgt0`
- Found raw camelCase i18n key: "adminTabOrders"
  Selector: `div.css-text-146c3p1.r-fontFamily-36nht7.r-fontSize-rk4zbf.r-fontWeight-1y8rou7.r-lineHeight-135wba7.r-color-1cucpzw`
- Found raw camelCase i18n key: "adminTabProducts"
  Selector: `div.css-text-146c3p1.r-fontFamily-36nht7.r-fontSize-rk4zbf.r-fontWeight-vw2c0b.r-lineHeight-135wba7.r-color-kgv7a8`
- Found raw camelCase i18n key: "adminProductsFilterDiscount"
  Selector: `div.css-text-146c3p1.r-fontFamily-36nht7.r-fontSize-1gkfh8e.r-fontWeight-1qxivpv.r-lineHeight-1cwl3u0.r-includeFontPadding-1rsjblm.r-textAlign-q4m81j`
- Found raw camelCase i18n key: "adminProductsFilterNew"
  Selector: `div.css-text-146c3p1.r-fontFamily-36nht7.r-fontSize-1gkfh8e.r-fontWeight-1qxivpv.r-lineHeight-1cwl3u0.r-includeFontPadding-1rsjblm.r-textAlign-q4m81j`
- Found raw camelCase i18n key: "adminProductsAddBtn"
  Selector: `div.css-text-146c3p1.r-fontFamily-36nht7.r-fontSize-rk4zbf.r-fontWeight-1qxivpv.r-lineHeight-135wba7.r-textAlign-q4m81j.r-color-jwli3a`
- Found raw camelCase i18n key: "adminProductsColProduct"
  Selector: `div.css-text-146c3p1.r-fontFamily-36nht7.r-fontSize-10x49cs.r-fontWeight-b88u0q.r-letterSpacing-ud0q2t.r-lineHeight-1f529hi.r-color-1s7ct43.r-textTransform-tsynxw`
- Found raw camelCase i18n key: "adminProductsColBrand"
  Selector: `div.css-text-146c3p1.r-fontFamily-36nht7.r-fontSize-10x49cs.r-fontWeight-b88u0q.r-letterSpacing-ud0q2t.r-lineHeight-1f529hi.r-color-1s7ct43.r-textTransform-tsynxw`
- Found raw camelCase i18n key: "adminProductsColDiscount"
  Selector: `div.css-text-146c3p1.r-fontFamily-36nht7.r-fontSize-10x49cs.r-fontWeight-b88u0q.r-letterSpacing-ud0q2t.r-lineHeight-1f529hi.r-color-1s7ct43.r-textTransform-tsynxw`
- Found raw camelCase i18n key: "adminProductsColNew"
  Selector: `div.css-text-146c3p1.r-fontFamily-36nht7.r-fontSize-10x49cs.r-fontWeight-b88u0q.r-letterSpacing-ud0q2t.r-lineHeight-1f529hi.r-color-1s7ct43.r-textTransform-tsynxw`
- Found raw camelCase i18n key: "adminProductsColStatus"
  Selector: `div.css-text-146c3p1.r-fontFamily-36nht7.r-fontSize-10x49cs.r-fontWeight-b88u0q.r-letterSpacing-ud0q2t.r-lineHeight-1f529hi.r-color-1s7ct43.r-textTransform-tsynxw`
- Found raw camelCase i18n key: "adminProductsColStock"
  Selector: `div.css-text-146c3p1.r-fontFamily-36nht7.r-fontSize-10x49cs.r-fontWeight-b88u0q.r-letterSpacing-ud0q2t.r-lineHeight-1f529hi.r-color-1s7ct43.r-textTransform-tsynxw`
- Found raw camelCase i18n key: "adminProductsColPrice"
  Selector: `div.css-text-146c3p1.r-fontFamily-36nht7.r-fontSize-10x49cs.r-fontWeight-b88u0q.r-letterSpacing-ud0q2t.r-lineHeight-1f529hi.r-color-1s7ct43.r-textTransform-tsynxw`
- Found hardcoded text without i18n key: "Product 1-1-1-1 EN"
  Selector: `div.css-text-146c3p1.r-maxWidth-dnmrzs.r-overflow-1udh08x.r-textOverflow-1udbk01.r-whiteSpace-3s2u2q.r-wordWrap-1iln25a.r-fontFamily-36nht7.r-fontSize-ubezar.r-fontWeight-16dba41.r-lineHeight-135wba7.r-color-kgv7a8`
- Found hardcoded text without i18n key: "CHEYENNE"
  Selector: `div.css-text-146c3p1.r-maxWidth-dnmrzs.r-overflow-1udh08x.r-textOverflow-1udbk01.r-whiteSpace-3s2u2q.r-wordWrap-1iln25a.r-fontFamily-36nht7.r-fontSize-ubezar.r-fontWeight-16dba41.r-lineHeight-135wba7.r-color-kgv7a8`
- Found raw camelCase i18n key: "adminProductsActive"
  Selector: `div.css-text-146c3p1.r-fontFamily-36nht7.r-fontSize-10x49cs.r-fontWeight-1qxivpv.r-lineHeight-1cwl3u0.r-includeFontPadding-1rsjblm.r-textAlign-q4m81j`
- Found hardcoded text without i18n key: "Product 1-1-2-1 EN"
  Selector: `div.css-text-146c3p1.r-maxWidth-dnmrzs.r-overflow-1udh08x.r-textOverflow-1udbk01.r-whiteSpace-3s2u2q.r-wordWrap-1iln25a.r-fontFamily-36nht7.r-fontSize-ubezar.r-fontWeight-16dba41.r-lineHeight-135wba7.r-color-kgv7a8`
- Found hardcoded text without i18n key: "BARBARA"
  Selector: `div.css-text-146c3p1.r-maxWidth-dnmrzs.r-overflow-1udh08x.r-textOverflow-1udbk01.r-whiteSpace-3s2u2q.r-wordWrap-1iln25a.r-fontFamily-36nht7.r-fontSize-ubezar.r-fontWeight-16dba41.r-lineHeight-135wba7.r-color-kgv7a8`
- Found hardcoded text without i18n key: "Product 1-2-1-1 EN"
  Selector: `div.css-text-146c3p1.r-maxWidth-dnmrzs.r-overflow-1udh08x.r-textOverflow-1udbk01.r-whiteSpace-3s2u2q.r-wordWrap-1iln25a.r-fontFamily-36nht7.r-fontSize-ubezar.r-fontWeight-16dba41.r-lineHeight-135wba7.r-color-kgv7a8`
- Found raw camelCase i18n key: "badgeNew"
  Selector: `div.css-text-146c3p1.r-fontFamily-36nht7.r-fontSize-10x49cs.r-fontWeight-1qxivpv.r-lineHeight-1cwl3u0.r-includeFontPadding-1rsjblm.r-textAlign-q4m81j`
- Found raw camelCase i18n key: "adminProductsInactive"
  Selector: `div.css-text-146c3p1.r-fontFamily-36nht7.r-fontSize-10x49cs.r-fontWeight-1qxivpv.r-lineHeight-1cwl3u0.r-includeFontPadding-1rsjblm.r-textAlign-q4m81j`
- Found hardcoded text without i18n key: "Product 1-2-2-1 EN"
  Selector: `div.css-text-146c3p1.r-maxWidth-dnmrzs.r-overflow-1udh08x.r-textOverflow-1udbk01.r-whiteSpace-3s2u2q.r-wordWrap-1iln25a.r-fontFamily-36nht7.r-fontSize-ubezar.r-fontWeight-16dba41.r-lineHeight-135wba7.r-color-kgv7a8`
- Found hardcoded text without i18n key: "Product 2-1-1-1 EN"
  Selector: `div.css-text-146c3p1.r-maxWidth-dnmrzs.r-overflow-1udh08x.r-textOverflow-1udbk01.r-whiteSpace-3s2u2q.r-wordWrap-1iln25a.r-fontFamily-36nht7.r-fontSize-ubezar.r-fontWeight-16dba41.r-lineHeight-135wba7.r-color-kgv7a8`
- Found hardcoded text without i18n key: "LOVELY"
  Selector: `div.css-text-146c3p1.r-maxWidth-dnmrzs.r-overflow-1udh08x.r-textOverflow-1udbk01.r-whiteSpace-3s2u2q.r-wordWrap-1iln25a.r-fontFamily-36nht7.r-fontSize-ubezar.r-fontWeight-16dba41.r-lineHeight-135wba7.r-color-kgv7a8`
- Found hardcoded text without i18n key: "Product 2-1-2-1 EN"
  Selector: `div.css-text-146c3p1.r-maxWidth-dnmrzs.r-overflow-1udh08x.r-textOverflow-1udbk01.r-whiteSpace-3s2u2q.r-wordWrap-1iln25a.r-fontFamily-36nht7.r-fontSize-ubezar.r-fontWeight-16dba41.r-lineHeight-135wba7.r-color-kgv7a8`
- Found hardcoded text without i18n key: "Product 2-2-1-1 EN"
  Selector: `div.css-text-146c3p1.r-maxWidth-dnmrzs.r-overflow-1udh08x.r-textOverflow-1udbk01.r-whiteSpace-3s2u2q.r-wordWrap-1iln25a.r-fontFamily-36nht7.r-fontSize-ubezar.r-fontWeight-16dba41.r-lineHeight-135wba7.r-color-kgv7a8`
- Found hardcoded text without i18n key: "Product 2-2-2-1 EN"
  Selector: `div.css-text-146c3p1.r-maxWidth-dnmrzs.r-overflow-1udh08x.r-textOverflow-1udbk01.r-whiteSpace-3s2u2q.r-wordWrap-1iln25a.r-fontFamily-36nht7.r-fontSize-ubezar.r-fontWeight-16dba41.r-lineHeight-135wba7.r-color-kgv7a8`
- Found raw camelCase i18n key: "adminProductsEditTitle"
  Selector: `h1.css-text-146c3p1.r-fontFamily-36nht7.r-fontSize-adyw6z.r-fontWeight-1kfrs79.r-lineHeight-eaezby.r-color-kgv7a8`
- Found hardcoded text without i18n key: "UA"
  Selector: `div.css-text-146c3p1.r-fontFamily-36nht7.r-fontSize-n6v787.r-fontWeight-1qxivpv.r-lineHeight-135wba7.r-color-1cucpzw`
- Found hardcoded text without i18n key: "RU"
  Selector: `div.css-text-146c3p1.r-fontFamily-36nht7.r-fontSize-n6v787.r-fontWeight-1qxivpv.r-lineHeight-135wba7.r-color-1cucpzw`
- Found hardcoded text without i18n key: "EN"
  Selector: `div.css-text-146c3p1.r-fontFamily-36nht7.r-fontSize-n6v787.r-fontWeight-1qxivpv.r-lineHeight-135wba7.r-color-1cucpzw`
- Found hardcoded text without i18n key: "adminProductsFormName (UA) *"
  Selector: `div.css-text-146c3p1.r-fontFamily-36nht7.r-fontSize-ubezar.r-fontWeight-16dba41.r-lineHeight-135wba7.r-color-1dk24ck.r-marginBottom-d0pm55`
- Found hardcoded text without i18n key: "adminProductsFormDesc (UA)"
  Selector: `div.css-text-146c3p1.r-fontFamily-36nht7.r-fontSize-ubezar.r-fontWeight-16dba41.r-lineHeight-135wba7.r-color-1dk24ck.r-marginBottom-d0pm55`
- Found hardcoded text without i18n key: "Универсальный продукт для Product 1-2-1-1 UK"
  Selector: `textarea.css-textinput-11aywtz.r-placeholderTextColor-6taxm2.r-flex-13awgt0.r-margin-crgep1.r-backgroundColor-fj6wrk.r-borderColor-1t4g3vi.r-borderRadius-1xfd6ze.r-borderWidth-rs99b7.r-color-kgv7a8.r-height-wy61xf.r-outlineStyle-1ny4l3l.r-paddingBlock-ytbthy.r-paddingInline-3o4zer.r-verticalAlign-ad9o1y`
- Found hardcoded text without i18n key: "adminProductsFormPrice (₴) *"
  Selector: `div.css-text-146c3p1.r-fontFamily-36nht7.r-fontSize-ubezar.r-fontWeight-16dba41.r-lineHeight-135wba7.r-color-1dk24ck.r-marginBottom-d0pm55`
- Found raw camelCase i18n key: "adminProductsFormDiscount"
  Selector: `div.css-text-146c3p1.r-fontFamily-36nht7.r-fontSize-ubezar.r-fontWeight-16dba41.r-lineHeight-135wba7.r-color-1dk24ck.r-marginBottom-d0pm55`
- Found raw camelCase i18n key: "adminProductsFormBrand"
  Selector: `div.css-text-146c3p1.r-fontFamily-36nht7.r-fontSize-ubezar.r-fontWeight-16dba41.r-lineHeight-135wba7.r-color-1dk24ck.r-marginBottom-d0pm55`
- Found raw camelCase i18n key: "adminProductsFormSku"
  Selector: `div.css-text-146c3p1.r-fontFamily-36nht7.r-fontSize-ubezar.r-fontWeight-16dba41.r-lineHeight-135wba7.r-color-1dk24ck.r-marginBottom-d0pm55`
- Found raw camelCase i18n key: "adminProductsFormStock"
  Selector: `div.css-text-146c3p1.r-fontFamily-36nht7.r-fontSize-ubezar.r-fontWeight-16dba41.r-lineHeight-135wba7.r-color-1dk24ck.r-marginBottom-d0pm55`
- Found hardcoded text without i18n key: "adminProductsFormImage 1 *"
  Selector: `div.css-text-146c3p1.r-fontFamily-36nht7.r-fontSize-ubezar.r-fontWeight-16dba41.r-lineHeight-135wba7.r-color-1dk24ck.r-marginBottom-d0pm55`
- Found hardcoded text without i18n key: "adminProductsFormImage 2"
  Selector: `div.css-text-146c3p1.r-fontFamily-36nht7.r-fontSize-ubezar.r-fontWeight-16dba41.r-lineHeight-135wba7.r-color-1dk24ck.r-marginBottom-d0pm55`
- Found hardcoded text without i18n key: "adminProductsFormImage 3"
  Selector: `div.css-text-146c3p1.r-fontFamily-36nht7.r-fontSize-ubezar.r-fontWeight-16dba41.r-lineHeight-135wba7.r-color-1dk24ck.r-marginBottom-d0pm55`
- Found raw camelCase i18n key: "adminProductsFormNew"
  Selector: `div.css-text-146c3p1.r-fontFamily-36nht7.r-fontSize-n62j09.r-fontWeight-1qxivpv.r-lineHeight-135wba7.r-color-jwli3a`
- Found raw camelCase i18n key: "adminProductsFormActive"
  Selector: `div.css-text-146c3p1.r-fontFamily-36nht7.r-fontSize-n62j09.r-fontWeight-1y8rou7.r-lineHeight-135wba7.r-color-1dk24ck`
- Found raw camelCase i18n key: "adminProductsActionDelete"
  Selector: `div.css-text-146c3p1.r-fontFamily-36nht7.r-fontSize-rk4zbf.r-fontWeight-1qxivpv.r-lineHeight-135wba7.r-textAlign-q4m81j`
- Found raw camelCase i18n key: "btnCancelLabel"
  Selector: `div.css-text-146c3p1.r-fontFamily-36nht7.r-fontSize-rk4zbf.r-fontWeight-1qxivpv.r-lineHeight-135wba7.r-textAlign-q4m81j.r-color-1dk24ck`
- Found raw camelCase i18n key: "btnSaveLabel"
  Selector: `div.css-text-146c3p1.r-fontFamily-36nht7.r-fontSize-rk4zbf.r-fontWeight-1qxivpv.r-lineHeight-135wba7.r-textAlign-q4m81j.r-color-jwli3a`
- Found hardcoded text without i18n key: "UA"
  Selector: `div.css-text-146c3p1.r-fontFamily-36nht7.r-fontSize-n6v787.r-fontWeight-1qxivpv.r-lineHeight-135wba7.r-color-jwli3a`
- Found hardcoded text without i18n key: "RU"
  Selector: `div.css-text-146c3p1.r-fontFamily-36nht7.r-fontSize-n6v787.r-fontWeight-1qxivpv.r-lineHeight-135wba7.r-color-jwli3a`
- Found hardcoded text without i18n key: "adminProductsFormName (RU) *"
  Selector: `div.css-text-146c3p1.r-fontFamily-36nht7.r-fontSize-ubezar.r-fontWeight-16dba41.r-lineHeight-135wba7.r-color-1dk24ck.r-marginBottom-d0pm55`
- Found hardcoded text without i18n key: "adminProductsFormDesc (RU)"
  Selector: `div.css-text-146c3p1.r-fontFamily-36nht7.r-fontSize-ubezar.r-fontWeight-16dba41.r-lineHeight-135wba7.r-color-1dk24ck.r-marginBottom-d0pm55`
- Found hardcoded text without i18n key: "Универсальный продукт для Product 1-2-1-1 RU"
  Selector: `textarea.css-textinput-11aywtz.r-placeholderTextColor-6taxm2.r-flex-13awgt0.r-margin-crgep1.r-backgroundColor-fj6wrk.r-borderColor-1t4g3vi.r-borderRadius-1xfd6ze.r-borderWidth-rs99b7.r-color-kgv7a8.r-height-wy61xf.r-outlineStyle-1ny4l3l.r-paddingBlock-ytbthy.r-paddingInline-3o4zer.r-verticalAlign-ad9o1y`
- Found hardcoded text without i18n key: "EN"
  Selector: `div.css-text-146c3p1.r-fontFamily-36nht7.r-fontSize-n6v787.r-fontWeight-1qxivpv.r-lineHeight-135wba7.r-color-jwli3a`
- Found hardcoded text without i18n key: "adminProductsFormName (EN) *"
  Selector: `div.css-text-146c3p1.r-fontFamily-36nht7.r-fontSize-ubezar.r-fontWeight-16dba41.r-lineHeight-135wba7.r-color-1dk24ck.r-marginBottom-d0pm55`
- Found hardcoded text without i18n key: "adminProductsFormDesc (EN)"
  Selector: `div.css-text-146c3p1.r-fontFamily-36nht7.r-fontSize-ubezar.r-fontWeight-16dba41.r-lineHeight-135wba7.r-color-1dk24ck.r-marginBottom-d0pm55`
- Found hardcoded text without i18n key: "Универсальный продукт для Product 1-2-1-1 EN"
  Selector: `textarea.css-textinput-11aywtz.r-placeholderTextColor-6taxm2.r-flex-13awgt0.r-margin-crgep1.r-backgroundColor-fj6wrk.r-borderColor-1t4g3vi.r-borderRadius-1xfd6ze.r-borderWidth-rs99b7.r-color-kgv7a8.r-height-wy61xf.r-outlineStyle-1ny4l3l.r-paddingBlock-ytbthy.r-paddingInline-3o4zer.r-verticalAlign-ad9o1y`
- Found hardcoded text without i18n key: "Универсальный продукт для Product 1-2-1-1 EN"
  Selector: `textarea.css-textinput-11aywtz.r-placeholderTextColor-6taxm2.r-flex-13awgt0.r-margin-crgep1.r-backgroundColor-fj6wrk.r-borderColor-1t4g3vi.r-borderRadius-1xfd6ze.r-color-kgv7a8.r-height-wy61xf.r-outlineStyle-1ny4l3l.r-paddingBlock-ytbthy.r-paddingInline-3o4zer.r-verticalAlign-ad9o1y`
- Found raw camelCase i18n key: "adminProductsFormNew"
  Selector: `div.css-text-146c3p1.r-fontFamily-36nht7.r-fontSize-n62j09.r-fontWeight-1y8rou7.r-lineHeight-135wba7.r-color-1dk24ck`
- Found raw camelCase i18n key: "adminProductsFormActive"
  Selector: `div.css-text-146c3p1.r-fontFamily-36nht7.r-fontSize-n62j09.r-fontWeight-1qxivpv.r-lineHeight-135wba7.r-color-jwli3a`
- Found raw camelCase i18n key: "confirmDeleteDefaultTitle"
  Selector: `h1.css-text-146c3p1.r-fontFamily-36nht7.r-fontSize-ubezar.r-fontWeight-1kfrs79.r-lineHeight-hbpseb.r-marginBottom-5oul0u`
- Found raw camelCase i18n key: "confirmDeleteDefaultMsg"
  Selector: `div.css-text-146c3p1.r-fontFamily-36nht7.r-fontSize-1b43r93.r-fontWeight-16dba41.r-lineHeight-rjixqe.r-marginBottom-1peese0`
- Found raw camelCase i18n key: "confirmDeleteCancel"
  Selector: `div.css-text-146c3p1.r-fontFamily-36nht7.r-fontSize-rk4zbf.r-fontWeight-1qxivpv.r-lineHeight-135wba7.r-textAlign-q4m81j.r-color-1dk24ck`
- Found raw camelCase i18n key: "confirmDeleteYes"
  Selector: `div.css-text-146c3p1.r-fontFamily-36nht7.r-fontSize-rk4zbf.r-fontWeight-1qxivpv.r-lineHeight-135wba7.r-textAlign-q4m81j.r-color-jwli3a`
- Found raw camelCase i18n key: "btnSaveLabel"
  Selector: `div.css-text-146c3p1.r-fontFamily-36nht7.r-fontSize-1kitb6n.r-fontWeight-1qxivpv.r-lineHeight-135wba7.r-textAlign-q4m81j.r-color-jwli3a`
- Found raw camelCase i18n key: "adminProductsNewTitle"
  Selector: `h1.css-text-146c3p1.r-fontFamily-36nht7.r-fontSize-adyw6z.r-fontWeight-1kfrs79.r-lineHeight-eaezby.r-color-kgv7a8`
- Found raw camelCase i18n key: "adminProductsRequiredField"
  Selector: `div.css-text-146c3p1.r-fontFamily-36nht7.r-fontSize-1enofrn.r-fontWeight-16dba41.r-lineHeight-1cwl3u0.r-marginBottom-5oul0u.r-marginTop-14gqq1x`
- Found raw camelCase i18n key: "adminProductsInvalidPrice"
  Selector: `div.css-text-146c3p1.r-fontFamily-36nht7.r-fontSize-1enofrn.r-fontWeight-16dba41.r-lineHeight-1cwl3u0.r-marginBottom-5oul0u.r-marginTop-14gqq1x`
- Found raw camelCase i18n key: "adminTabCategories"
  Selector: `div.css-text-146c3p1.r-fontFamily-36nht7.r-fontSize-rk4zbf.r-fontWeight-vw2c0b.r-lineHeight-135wba7.r-color-kgv7a8`
- Found raw camelCase i18n key: "adminCategoriesAddBtn"
  Selector: `div.css-text-146c3p1.r-fontFamily-36nht7.r-fontSize-rk4zbf.r-fontWeight-1qxivpv.r-lineHeight-135wba7.r-textAlign-q4m81j.r-color-jwli3a`
- Found raw camelCase i18n key: "adminCategoriesExpandAll"
  Selector: `div.css-text-146c3p1.r-fontFamily-36nht7.r-fontSize-n6v787.r-fontWeight-1qxivpv.r-lineHeight-135wba7.r-color-1cucpzw`
- Found raw camelCase i18n key: "adminCategoriesCollapseAll"
  Selector: `div.css-text-146c3p1.r-fontFamily-36nht7.r-fontSize-n6v787.r-fontWeight-1qxivpv.r-lineHeight-135wba7.r-color-1cucpzw`
- Found raw camelCase i18n key: "adminCategoriesColName"
  Selector: `div.css-text-146c3p1.r-fontFamily-36nht7.r-fontSize-10x49cs.r-fontWeight-b88u0q.r-letterSpacing-ud0q2t.r-lineHeight-1f529hi.r-color-1s7ct43.r-textTransform-tsynxw`
- Found raw camelCase i18n key: "adminCategoriesColImage"
  Selector: `div.css-text-146c3p1.r-fontFamily-36nht7.r-fontSize-10x49cs.r-fontWeight-b88u0q.r-letterSpacing-ud0q2t.r-lineHeight-1f529hi.r-color-1s7ct43.r-textTransform-tsynxw`
- Found hardcoded text without i18n key: "Category 1 RU"
  Selector: `div.css-text-146c3p1.r-fontFamily-36nht7.r-fontSize-ubezar.r-fontWeight-16dba41.r-lineHeight-135wba7.r-color-kgv7a8`
- Found hardcoded text without i18n key: "Category Holder"
  Selector: `div.css-text-146c3p1.r-fontFamily-36nht7.r-fontSize-10x49cs.r-fontWeight-1qxivpv.r-lineHeight-1cwl3u0.r-includeFontPadding-1rsjblm.r-textAlign-q4m81j`
- Found raw camelCase i18n key: "adminCategoriesImageNone"
  Selector: `div.css-text-146c3p1.r-fontFamily-36nht7.r-fontSize-ubezar.r-fontWeight-16dba41.r-lineHeight-135wba7.r-color-1s7ct43.r-marginLeft-13hce6t`
- Found hardcoded text without i18n key: "Subcategory 1-1 RU"
  Selector: `div.css-text-146c3p1.r-fontFamily-36nht7.r-fontSize-1enofrn.r-fontWeight-16dba41.r-lineHeight-135wba7.r-color-kgv7a8`
- Found hardcoded text without i18n key: "Group 1-1-2 RU"
  Selector: `div.css-text-146c3p1.r-fontFamily-36nht7.r-fontSize-1enofrn.r-fontWeight-16dba41.r-lineHeight-135wba7.r-color-kgv7a8`
- Found hardcoded text without i18n key: "Product Holder"
  Selector: `div.css-text-146c3p1.r-fontFamily-36nht7.r-fontSize-10x49cs.r-fontWeight-1qxivpv.r-lineHeight-1cwl3u0.r-includeFontPadding-1rsjblm.r-textAlign-q4m81j`
- Found hardcoded text without i18n key: "Subcategory 1-2 RU"
  Selector: `div.css-text-146c3p1.r-fontFamily-36nht7.r-fontSize-1enofrn.r-fontWeight-16dba41.r-lineHeight-135wba7.r-color-kgv7a8`
- Found hardcoded text without i18n key: "Group 1-2-1 RU"
  Selector: `div.css-text-146c3p1.r-fontFamily-36nht7.r-fontSize-1enofrn.r-fontWeight-16dba41.r-lineHeight-135wba7.r-color-kgv7a8`
- Found hardcoded text without i18n key: "Group 1-2-2 RU"
  Selector: `div.css-text-146c3p1.r-fontFamily-36nht7.r-fontSize-1enofrn.r-fontWeight-16dba41.r-lineHeight-135wba7.r-color-kgv7a8`
- Found hardcoded text without i18n key: "Category 2 RU"
  Selector: `div.css-text-146c3p1.r-fontFamily-36nht7.r-fontSize-ubezar.r-fontWeight-16dba41.r-lineHeight-135wba7.r-color-kgv7a8`
- Found hardcoded text without i18n key: "Subcategory 2-1 RU"
  Selector: `div.css-text-146c3p1.r-fontFamily-36nht7.r-fontSize-1enofrn.r-fontWeight-16dba41.r-lineHeight-135wba7.r-color-kgv7a8`
- Found hardcoded text without i18n key: "Group 2-1-1 RU"
  Selector: `div.css-text-146c3p1.r-fontFamily-36nht7.r-fontSize-1enofrn.r-fontWeight-16dba41.r-lineHeight-135wba7.r-color-kgv7a8`
- Found hardcoded text without i18n key: "Group 2-1-2 RU"
  Selector: `div.css-text-146c3p1.r-fontFamily-36nht7.r-fontSize-1enofrn.r-fontWeight-16dba41.r-lineHeight-135wba7.r-color-kgv7a8`
- Found hardcoded text without i18n key: "Subcategory 2-2 RU"
  Selector: `div.css-text-146c3p1.r-fontFamily-36nht7.r-fontSize-1enofrn.r-fontWeight-16dba41.r-lineHeight-135wba7.r-color-kgv7a8`
- Found hardcoded text without i18n key: "Group 2-2-1 RU"
  Selector: `div.css-text-146c3p1.r-fontFamily-36nht7.r-fontSize-1enofrn.r-fontWeight-16dba41.r-lineHeight-135wba7.r-color-kgv7a8`
- Found hardcoded text without i18n key: "Group 2-2-2 RU"
  Selector: `div.css-text-146c3p1.r-fontFamily-36nht7.r-fontSize-1enofrn.r-fontWeight-16dba41.r-lineHeight-135wba7.r-color-kgv7a8`
- Found raw camelCase i18n key: "adminCategoriesNewTitle"
  Selector: `h1.css-text-146c3p1.r-fontFamily-36nht7.r-fontSize-adyw6z.r-fontWeight-1kfrs79.r-lineHeight-eaezby.r-color-kgv7a8`
- Found hardcoded text without i18n key: "Category Type"
  Selector: `div.css-text-146c3p1.r-fontFamily-36nht7.r-fontSize-ubezar.r-fontWeight-16dba41.r-lineHeight-135wba7.r-color-1dk24ck.r-marginBottom-f1odvy`
- Found hardcoded text without i18n key: "Category Holder"
  Selector: `div.css-text-146c3p1.r-fontFamily-36nht7.r-fontSize-n62j09.r-fontWeight-1y8rou7.r-lineHeight-135wba7.r-color-1dk24ck`
- Found hardcoded text without i18n key: "Product Holder"
  Selector: `div.css-text-146c3p1.r-fontFamily-36nht7.r-fontSize-n62j09.r-fontWeight-1qxivpv.r-lineHeight-135wba7.r-color-jwli3a`
- Found hardcoded text without i18n key: "adminCategoriesFormNameSection (UA) *"
  Selector: `div.css-text-146c3p1.r-fontFamily-36nht7.r-fontSize-ubezar.r-fontWeight-16dba41.r-lineHeight-135wba7.r-color-1dk24ck.r-marginBottom-f1odvy`
- Found hardcoded text without i18n key: "adminCategoriesFormDescSection (UA)"
  Selector: `div.css-text-146c3p1.r-fontFamily-36nht7.r-fontSize-ubezar.r-fontWeight-16dba41.r-lineHeight-135wba7.r-color-1dk24ck.r-marginBottom-f1odvy`
- Found raw camelCase i18n key: "adminCategoriesFormImage"
  Selector: `div.css-text-146c3p1.r-fontFamily-36nht7.r-fontSize-ubezar.r-fontWeight-16dba41.r-lineHeight-135wba7.r-color-1dk24ck.r-marginBottom-f1odvy`
- Found raw camelCase i18n key: "adminCategoriesFormUploadBtn"
  Selector: `div.css-text-146c3p1.r-fontFamily-36nht7.r-fontSize-ubezar.r-fontWeight-16dba41.r-lineHeight-135wba7.r-color-1dk24ck`
- Found hardcoded text without i18n key: "Browse"
  Selector: `div.css-text-146c3p1.r-fontFamily-36nht7.r-fontSize-ubezar.r-fontWeight-16dba41.r-lineHeight-135wba7.r-color-1dk24ck`
- Found raw camelCase i18n key: "adminCategoriesFormAssignedProducts"
  Selector: `div.css-text-146c3p1.r-fontFamily-36nht7.r-fontSize-ubezar.r-fontWeight-16dba41.r-lineHeight-135wba7.r-color-1npgj5g.r-marginBottom-5oul0u.r-marginTop-14gqq1x.r-textTransform-tsynxw`
- Found raw camelCase i18n key: "adminCategoriesFormAssignedProductsHint"
  Selector: `div.css-text-146c3p1.r-fontFamily-36nht7.r-fontSize-1enofrn.r-fontWeight-16dba41.r-lineHeight-135wba7.r-color-1s7ct43.r-marginBottom-5oul0u`
- Found raw camelCase i18n key: "adminCategoriesFormNoAssignedProducts"
  Selector: `div.css-text-146c3p1.r-fontFamily-36nht7.r-fontSize-1enofrn.r-fontWeight-16dba41.r-lineHeight-135wba7.r-color-1s7ct43`
- Found raw camelCase i18n key: "adminCategoriesFormUnassignedProducts"
  Selector: `div.css-text-146c3p1.r-fontFamily-36nht7.r-fontSize-ubezar.r-fontWeight-16dba41.r-lineHeight-135wba7.r-color-1npgj5g.r-marginBottom-5oul0u.r-marginTop-14gqq1x.r-textTransform-tsynxw`
- Found raw camelCase i18n key: "adminCategoriesFormUnassignedProductsHint"
  Selector: `div.css-text-146c3p1.r-fontFamily-36nht7.r-fontSize-1enofrn.r-fontWeight-16dba41.r-lineHeight-135wba7.r-color-1s7ct43.r-marginBottom-5oul0u`
- Found hardcoded text without i18n key: "Product 1-1-1-1 RU"
  Selector: `div.css-text-146c3p1.r-fontFamily-36nht7.r-fontSize-1b43r93.r-fontWeight-16dba41.r-lineHeight-rjixqe.r-color-kgv7a8`
- Found hardcoded text without i18n key: "Category Holder"
  Selector: `div.css-text-146c3p1.r-fontFamily-36nht7.r-fontSize-n62j09.r-fontWeight-1qxivpv.r-lineHeight-135wba7.r-color-jwli3a`
- Found hardcoded text without i18n key: "Product Holder"
  Selector: `div.css-text-146c3p1.r-fontFamily-36nht7.r-fontSize-n62j09.r-fontWeight-1y8rou7.r-lineHeight-135wba7.r-color-1dk24ck`
- Found hardcoded text without i18n key: "Media Library"
  Selector: `h1.css-text-146c3p1.r-fontFamily-36nht7.r-fontSize-adyw6z.r-fontWeight-1kfrs79.r-lineHeight-eaezby.r-color-kgv7a8.r-flex-13awgt0`
- Found hardcoded text without i18n key: "Refresh"
  Selector: `div.css-text-146c3p1.r-fontFamily-36nht7.r-fontSize-n62j09.r-fontWeight-1qxivpv.r-lineHeight-135wba7.r-textAlign-q4m81j.r-color-1dk24ck`
- Found hardcoded text without i18n key: "Images"
  Selector: `div.css-text-146c3p1.r-fontFamily-36nht7.r-fontSize-n6v787.r-fontWeight-1qxivpv.r-lineHeight-135wba7.r-color-jwli3a`
- Found hardcoded text without i18n key: "GIFs"
  Selector: `div.css-text-146c3p1.r-fontFamily-36nht7.r-fontSize-n6v787.r-fontWeight-1qxivpv.r-lineHeight-135wba7.r-color-1cucpzw`
- Found hardcoded text without i18n key: "Videos"
  Selector: `div.css-text-146c3p1.r-fontFamily-36nht7.r-fontSize-n6v787.r-fontWeight-1qxivpv.r-lineHeight-135wba7.r-color-1cucpzw`
- Found hardcoded text without i18n key: "photo_2026-07-11_09-31-45.jpg"
  Selector: `div.css-text-146c3p1.r-maxWidth-dnmrzs.r-overflow-1udh08x.r-textOverflow-1udbk01.r-whiteSpace-3s2u2q.r-wordWrap-1iln25a.r-fontFamily-36nht7.r-fontSize-10x49cs.r-fontWeight-16dba41.r-lineHeight-135wba7.r-color-1dk24ck.r-paddingBlock-cnw61z.r-paddingInline-18c5d7m`
- Found hardcoded text without i18n key: "Cancel"
  Selector: `div.css-text-146c3p1.r-fontFamily-36nht7.r-fontSize-rk4zbf.r-fontWeight-1qxivpv.r-lineHeight-135wba7.r-textAlign-q4m81j.r-color-1dk24ck`
- Found hardcoded text without i18n key: "Select"
  Selector: `div.css-text-146c3p1.r-fontFamily-36nht7.r-fontSize-rk4zbf.r-fontWeight-1qxivpv.r-lineHeight-135wba7.r-textAlign-q4m81j.r-color-jwli3a.r-opacity-1g80hic`
- Found hardcoded text without i18n key: "Images"
  Selector: `div.css-text-146c3p1.r-fontFamily-36nht7.r-fontSize-n6v787.r-fontWeight-1qxivpv.r-lineHeight-135wba7.r-color-1cucpzw`
- Found hardcoded text without i18n key: "GIFs"
  Selector: `div.css-text-146c3p1.r-fontFamily-36nht7.r-fontSize-n6v787.r-fontWeight-1qxivpv.r-lineHeight-135wba7.r-color-jwli3a`
- Found hardcoded text without i18n key: "kling_20260710_Image_to_Video_Beauty_mat_5169_0.gif"
  Selector: `div.css-text-146c3p1.r-maxWidth-dnmrzs.r-overflow-1udh08x.r-textOverflow-1udbk01.r-whiteSpace-3s2u2q.r-wordWrap-1iln25a.r-fontFamily-36nht7.r-fontSize-10x49cs.r-fontWeight-16dba41.r-lineHeight-135wba7.r-color-1dk24ck.r-paddingBlock-cnw61z.r-paddingInline-18c5d7m`
- Found hardcoded text without i18n key: "Videos"
  Selector: `div.css-text-146c3p1.r-fontFamily-36nht7.r-fontSize-n6v787.r-fontWeight-1qxivpv.r-lineHeight-135wba7.r-color-jwli3a`
- Found hardcoded text without i18n key: "0712(1).mp4"
  Selector: `div.css-text-146c3p1.r-maxWidth-dnmrzs.r-overflow-1udh08x.r-textOverflow-1udbk01.r-whiteSpace-3s2u2q.r-wordWrap-1iln25a.r-fontFamily-36nht7.r-fontSize-10x49cs.r-fontWeight-16dba41.r-lineHeight-135wba7.r-color-1dk24ck.r-paddingBlock-cnw61z.r-paddingInline-18c5d7m`
- Found hardcoded text without i18n key: "kling_20260710_Image_to_Video__5122_0.mp4"
  Selector: `div.css-text-146c3p1.r-maxWidth-dnmrzs.r-overflow-1udh08x.r-textOverflow-1udbk01.r-whiteSpace-3s2u2q.r-wordWrap-1iln25a.r-fontFamily-36nht7.r-fontSize-10x49cs.r-fontWeight-16dba41.r-lineHeight-135wba7.r-color-1dk24ck.r-paddingBlock-cnw61z.r-paddingInline-18c5d7m`
- Found hardcoded text without i18n key: "Select"
  Selector: `div.css-text-146c3p1.r-fontFamily-36nht7.r-fontSize-rk4zbf.r-fontWeight-1qxivpv.r-lineHeight-135wba7.r-textAlign-q4m81j.r-color-jwli3a`
- Found raw camelCase i18n key: "adminCategoriesFormNoUnassignedProducts"
  Selector: `div.css-text-146c3p1.r-fontFamily-36nht7.r-fontSize-1enofrn.r-fontWeight-16dba41.r-lineHeight-135wba7.r-color-1s7ct43`
- Found hardcoded text without i18n key: "Category Type"
  Selector: `div.css-text-146c3p1.r-fontFamily-36nht7.r-fontSize-ubezar.r-fontWeight-16dba41.r-lineHeight-135wba7.r-color-1dk24ck`
- Found hardcoded text without i18n key: "Category Holder"
  Selector: `div.css-text-146c3p1.r-fontFamily-36nht7.r-fontSize-ubezar.r-fontWeight-16dba41.r-lineHeight-135wba7`
- Found hardcoded text without i18n key: "Описание для Subcategory 2-1 UK"
  Selector: `textarea.css-textinput-11aywtz.r-placeholderTextColor-6taxm2.r-flex-13awgt0.r-margin-crgep1.r-backgroundColor-fj6wrk.r-borderColor-1t4g3vi.r-borderRadius-1xfd6ze.r-borderWidth-rs99b7.r-color-kgv7a8.r-height-uvuy5l.r-outlineStyle-1ny4l3l.r-paddingBlock-11f147o.r-paddingInline-3o4zer.r-verticalAlign-ad9o1y`
- Found hardcoded text without i18n key: "+ adminCategoriesAddSubSection"
  Selector: `div.css-text-146c3p1.r-fontFamily-36nht7.r-fontSize-rk4zbf.r-fontWeight-1qxivpv.r-lineHeight-135wba7.r-textAlign-q4m81j.r-color-kgv7a8`
- Found raw camelCase i18n key: "adminCategoriesDeleteBtn"
  Selector: `div.css-text-146c3p1.r-fontFamily-36nht7.r-fontSize-rk4zbf.r-fontWeight-1qxivpv.r-lineHeight-135wba7.r-textAlign-q4m81j.r-color-jwli3a`
- Found hardcoded text without i18n key: "Описание для Subcategory 2-1 UK"
  Selector: `textarea.css-textinput-11aywtz.r-placeholderTextColor-6taxm2.r-flex-13awgt0.r-margin-crgep1.r-backgroundColor-fj6wrk.r-borderColor-1t4g3vi.r-borderRadius-1xfd6ze.r-color-kgv7a8.r-height-uvuy5l.r-outlineStyle-1ny4l3l.r-paddingBlock-11f147o.r-paddingInline-3o4zer.r-verticalAlign-ad9o1y`
