---
type: dynamic-audit
auditor: broken-ui
scope: public
date: 2026-07-26T21:34:57.115Z
---

### URL: http://localhost:8081/
- Clickable element is overlapped or intercepted by another element.
  Selector: `a.css-view-g5y9jx.r-transitionProperty-1i6wzkk.r-userSelect-lrvibr.r-cursor-1loqt21.r-touchAction-1otgn73`
- Clickable element is overlapped or intercepted by another element.
  Selector: `a.css-view-g5y9jx.r-transitionProperty-1i6wzkk.r-userSelect-lrvibr.r-cursor-1loqt21.r-touchAction-1otgn73.r-alignItems-1awozwy.r-borderWidth-rs99b7.r-flexDirection-18u37iz.r-gap-1cmwbt1.r-justifyContent-1777fci.r-borderRadius-kdyh1x.r-height-mabqd8.r-paddingInline-3o4zer.r-backgroundColor-1niwhzg.r-borderColor-42olwf`
- Clickable element is overlapped or intercepted by another element.
  Selector: `a.css-view-g5y9jx.r-transitionProperty-1i6wzkk.r-userSelect-lrvibr.r-cursor-1loqt21.r-touchAction-1otgn73.r-alignItems-1awozwy.r-justifyContent-1777fci.r-backgroundColor-1niwhzg`
- Clickable element is overlapped or intercepted by another element.
  Selector: `a.css-view-g5y9jx.r-transitionProperty-1i6wzkk.r-userSelect-lrvibr.r-cursor-1loqt21.r-touchAction-1otgn73.r-height-1pi2tsx.r-position-bnwqim.r-width-13qz1uu`

### URL: http://localhost:8081/catalog/cat-root-0-sub-0
- Element has overflow clipping (`scrollWidth > clientWidth`).
  Selector: `div.css-text-146c3p1.r-overflow-1udh08x.r-textOverflow-1udbk01.r-whiteSpace-3s2u2q.r-wordWrap-1iln25a.r-fontFamily-36nht7.r-fontSize-n62j09.r-fontWeight-1y8rou7.r-lineHeight-135wba7.r-maxWidth-1cg806a.r-color-1s7ct43`

### URL: http://localhost:8081/catalog/cat-root-0-sub-1
- Element has overflow clipping (`scrollWidth > clientWidth`).
  Selector: `div.css-text-146c3p1.r-overflow-1udh08x.r-textOverflow-1udbk01.r-whiteSpace-3s2u2q.r-wordWrap-1iln25a.r-fontFamily-36nht7.r-fontSize-n62j09.r-fontWeight-1y8rou7.r-lineHeight-135wba7.r-maxWidth-1cg806a.r-color-1s7ct43`
