[2026-07-26T16:59:32.202Z] [Typography Warning] Custom font override(s) [fontSize, fontWeight] passed to Text via style prop. Text content: "ID". Overriding style: {"fontSize":12,"fontWeight":"600","color":"#64748b","textTransform":"uppercase"}
[2026-07-26T16:59:32.211Z] [Typography Warning] Custom font override(s) [fontSize] passed to Text via style prop. Text content: " ↕". Overriding style: {"fontSize":10,"color":"#CBD5E1"}
[2026-07-26T16:59:32.224Z] [Typography Warning] Custom font override(s) [fontSize, fontWeight] passed to Text via style prop. Text content: "adminOrdersCustomer". Overriding style: {"fontSize":12,"fontWeight":"600","color":"#64748b","textTransform":"uppercase"}
[2026-07-26T16:59:32.248Z] [Typography Warning] Custom font override(s) [fontSize, fontWeight] passed to Text via style prop. Text content: "adminOrdersDate". Overriding style: {"fontSize":12,"fontWeight":"600","color":"#64748b","textTransform":"uppercase"}
[2026-07-26T16:59:32.274Z] [Typography Warning] Custom font override(s) [fontSize] passed to Text via style prop. Text content: " ▲". Overriding style: {"fontSize":10}
[2026-07-26T16:59:32.609Z] [Typography Warning] Custom font override(s) [fontSize, fontWeight] passed to Text via style prop. Text content: "adminOrdersStatus". Overriding style: {"fontSize":12,"fontWeight":"600","color":"#64748b","textTransform":"uppercase"}
[2026-07-26T16:59:32.678Z] [Typography Warning] Custom font override(s) [fontSize, fontWeight] passed to Text via style prop. Text content: "adminOrdersTotal". Overriding style: {"fontSize":12,"fontWeight":"600","color":"#64748b","textTransform":"uppercase"}
[2026-07-26T16:59:46.903Z] [Typography Warning] Custom font override(s) [fontSize, fontWeight] passed to Text via style prop. Text content: "#". Overriding style: {"fontSize":12,"fontWeight":"600","color":"#64748b","textTransform":"uppercase"}
[2026-07-26T16:59:46.917Z] [Typography Warning] Custom font override(s) [fontSize, fontWeight] passed to Text via style prop. Text content: "adminProductsColProduct". Overriding style: {"fontSize":12,"fontWeight":"600","color":"#64748b","textTransform":"uppercase"}
[2026-07-26T16:59:46.951Z] [Typography Warning] Custom font override(s) [fontSize, fontWeight] passed to Text via style prop. Text content: "adminProductsColBrand". Overriding style: {"fontSize":12,"fontWeight":"600","color":"#64748b","textTransform":"uppercase"}
[2026-07-26T16:59:46.973Z] [Typography Warning] Custom font override(s) [fontSize, fontWeight] passed to Text via style prop. Text content: "adminProductsColDiscount". Overriding style: {"fontSize":12,"fontWeight":"600","color":"#64748b","textTransform":"uppercase"}
[2026-07-26T16:59:47.004Z] [Typography Warning] Custom font override(s) [fontSize, fontWeight] passed to Text via style prop. Text content: "adminProductsColNew". Overriding style: {"fontSize":12,"fontWeight":"600","color":"#64748b","textTransform":"uppercase"}
[2026-07-26T16:59:47.036Z] [Typography Warning] Custom font override(s) [fontSize, fontWeight] passed to Text via style prop. Text content: "adminProductsColStatus". Overriding style: {"fontSize":12,"fontWeight":"600","color":"#64748b","textTransform":"uppercase"}
[2026-07-26T16:59:47.067Z] [Typography Warning] Custom font override(s) [fontSize, fontWeight] passed to Text via style prop. Text content: "adminProductsColStock". Overriding style: {"fontSize":12,"fontWeight":"600","color":"#64748b","textTransform":"uppercase"}
[2026-07-26T16:59:47.101Z] [Typography Warning] Custom font override(s) [fontSize, fontWeight] passed to Text via style prop. Text content: "adminProductsColPrice". Overriding style: {"fontSize":12,"fontWeight":"600","color":"#64748b","textTransform":"uppercase"}
[2026-07-26T16:59:58.782Z] [Typography Warning] Custom font override(s) [fontSize, fontWeight] passed to Text via style prop. Text content: "confirmDeleteDefaultTitle". Overriding style: {"fontSize":18,"fontWeight":"600","marginBottom":8}
[2026-07-26T16:59:58.791Z] [Typography Warning] Custom font override(s) [fontSize, lineHeight] passed to Text via style prop. Text content: "confirmDeleteDefaultMsg". Overriding style: {"fontSize":14,"lineHeight":20,"marginBottom":24}
[2026-07-26T17:00:01.964Z] [Typography Warning] Custom font override(s) [fontSize] passed to Text via style prop. Text content: "adminProductsRequiredField". Overriding style: {"color":"#EF4444","fontSize":12,"marginTop":4,"marginBottom":8}
[2026-07-26T17:00:01.971Z] [Typography Warning] Custom font override(s) [fontSize] passed to Text via style prop. Text content: "adminProductsInvalidPrice". Overriding style: {"color":"#EF4444","fontSize":12,"marginTop":4,"marginBottom":8}
[2026-07-26T17:03:34.826Z] [Typography Warning] Custom font override(s) [fontSize, fontWeight] passed to Text via style prop. Text content: "adminCategoriesColName". Overriding style: {"fontSize":12,"fontWeight":"600","color":"#64748b","textTransform":"uppercase"}
[2026-07-26T17:03:34.840Z] [Typography Warning] Custom font override(s) [fontSize, fontWeight] passed to Text via style prop. Text content: "adminCategoriesColImage". Overriding style: {"fontSize":12,"fontWeight":"600","color":"#64748b","textTransform":"uppercase"}
